Component: Arm Compiler for Embedded 6.18 Tool: armlink [5e4cc100]

==============================================================================

Section Cross References

    startup_stm32f303xc.o(STACK) refers (Special) to heapauxi.o(.text) for __use_two_region_memory
    startup_stm32f303xc.o(HEAP) refers (Special) to heapauxi.o(.text) for __use_two_region_memory
    startup_stm32f303xc.o(RESET) refers (Special) to heapauxi.o(.text) for __use_two_region_memory
    startup_stm32f303xc.o(RESET) refers to startup_stm32f303xc.o(STACK) for __initial_sp
    startup_stm32f303xc.o(RESET) refers to startup_stm32f303xc.o(.text) for Reset_Handler
    startup_stm32f303xc.o(RESET) refers to stm32f3xx_it.o(.text.NMI_Handler) for NMI_Handler
    startup_stm32f303xc.o(RESET) refers to stm32f3xx_it.o(.text.HardFault_Handler) for HardFault_Handler
    startup_stm32f303xc.o(RESET) refers to stm32f3xx_it.o(.text.MemManage_Handler) for MemManage_Handler
    startup_stm32f303xc.o(RESET) refers to stm32f3xx_it.o(.text.BusFault_Handler) for BusFault_Handler
    startup_stm32f303xc.o(RESET) refers to stm32f3xx_it.o(.text.UsageFault_Handler) for UsageFault_Handler
    startup_stm32f303xc.o(RESET) refers to stm32f3xx_it.o(.text.SVC_Handler) for SVC_Handler
    startup_stm32f303xc.o(RESET) refers to stm32f3xx_it.o(.text.DebugMon_Handler) for DebugMon_Handler
    startup_stm32f303xc.o(RESET) refers to stm32f3xx_it.o(.text.PendSV_Handler) for PendSV_Handler
    startup_stm32f303xc.o(RESET) refers to stm32f3xx_it.o(.text.SysTick_Handler) for SysTick_Handler
    startup_stm32f303xc.o(RESET) refers to stm32f3xx_it.o(.text.TIM3_IRQHandler) for TIM3_IRQHandler
    startup_stm32f303xc.o(RESET) refers to stm32f3xx_it.o(.text.I2C1_EV_IRQHandler) for I2C1_EV_IRQHandler
    startup_stm32f303xc.o(RESET) refers to stm32f3xx_it.o(.text.I2C2_EV_IRQHandler) for I2C2_EV_IRQHandler
    startup_stm32f303xc.o(RESET) refers to stm32f3xx_it.o(.text.UART4_IRQHandler) for UART4_IRQHandler
    startup_stm32f303xc.o(.text) refers (Special) to heapauxi.o(.text) for __use_two_region_memory
    startup_stm32f303xc.o(.text) refers to system_stm32f3xx.o(.text.SystemInit) for SystemInit
    startup_stm32f303xc.o(.text) refers to __main.o(!!!main) for __main
    startup_stm32f303xc.o(.text) refers to startup_stm32f303xc.o(HEAP) for Heap_Mem
    startup_stm32f303xc.o(.text) refers to startup_stm32f303xc.o(STACK) for Stack_Mem
    mano.o(.text.I2C_Init) refers to mano.o(.bss.sendData) for sendData
    mano.o(.text.I2C_Init) refers to main.o(.bss.hi2c1) for hi2c1
    mano.o(.text.I2C_Init) refers to stm32f3xx_hal_i2c.o(.text.HAL_I2C_Master_Transmit) for HAL_I2C_Master_Transmit
    mano.o(.text.I2C_Init) refers to mano.o(.bss.status) for status
    mano.o(.ARM.exidx.text.I2C_Init) refers to mano.o(.text.I2C_Init) for [Anonymous Symbol]
    mano.o(.text.Get_Compass_Data) refers to mano.o(.bss.sendData) for sendData
    mano.o(.text.Get_Compass_Data) refers to main.o(.bss.hi2c1) for hi2c1
    mano.o(.text.Get_Compass_Data) refers to stm32f3xx_hal_i2c.o(.text.HAL_I2C_Master_Transmit) for HAL_I2C_Master_Transmit
    mano.o(.text.Get_Compass_Data) refers to mano.o(.bss.status) for status
    mano.o(.text.Get_Compass_Data) refers to mano.o(.bss.receiveData) for receiveData
    mano.o(.text.Get_Compass_Data) refers to stm32f3xx_hal_i2c.o(.text.HAL_I2C_Master_Receive) for HAL_I2C_Master_Receive
    mano.o(.text.Get_Compass_Data) refers to mano.o(.bss.accX_temp) for accX_temp
    mano.o(.text.Get_Compass_Data) refers to mano.o(.bss.accY_temp) for accY_temp
    mano.o(.text.Get_Compass_Data) refers to mano.o(.bss.accZ_temp) for accZ_temp
    mano.o(.text.Get_Compass_Data) refers to mano.o(.bss.rawX_temp) for rawX_temp
    mano.o(.text.Get_Compass_Data) refers to mano.o(.bss.rawZ_temp) for rawZ_temp
    mano.o(.text.Get_Compass_Data) refers to mano.o(.bss.rawY_temp) for rawY_temp
    mano.o(.text.Get_Compass_Data) refers to mano.o(.bss.nuskaitymu_skaicius) for nuskaitymu_skaicius
    mano.o(.text.Get_Compass_Data) refers to mano.o(.bss.rawX) for rawX
    mano.o(.text.Get_Compass_Data) refers to mano.o(.bss.rawY) for rawY
    mano.o(.text.Get_Compass_Data) refers to mano.o(.bss.rawZ) for rawZ
    mano.o(.text.Get_Compass_Data) refers to mano.o(.bss.accX) for accX
    mano.o(.text.Get_Compass_Data) refers to mano.o(.bss.accY) for accY
    mano.o(.text.Get_Compass_Data) refers to mano.o(.bss.accZ) for accZ
    mano.o(.ARM.exidx.text.Get_Compass_Data) refers to mano.o(.text.Get_Compass_Data) for [Anonymous Symbol]
    mano.o(.text.Calculate_compass_data) refers to mano.o(.bss.rawX) for rawX
    mano.o(.text.Calculate_compass_data) refers to mano.o(.bss.nuskaitymu_skaicius) for nuskaitymu_skaicius
    mano.o(.text.Calculate_compass_data) refers to mano.o(.bss.rawY) for rawY
    mano.o(.text.Calculate_compass_data) refers to mano.o(.bss.rawZ) for rawZ
    mano.o(.text.Calculate_compass_data) refers to mano.o(.bss.accX) for accX
[...]
    [Anonymous Symbol]                       0x08005dac   Section        0  stm32f3xx_hal_uart.o(.text.UART_WaitOnFlagUntilTimeout)
    [Anonymous Symbol]                       0x08005f1c   Section        0  stm32f3xx_ll_usb.o(.text.USB_DevInit)
    [Anonymous Symbol]                       0x08005f64   Section        0  stm32f3xx_ll_usb.o(.text.USB_DisableGlobalInt)
    [Anonymous Symbol]                       0x08005f84   Section        0  mano.o(.text.Update_Calibration)
    [Anonymous Symbol]                       0x08005fa8   Section        0  mano.o(.text.Update_PC_Calibration)
    [Anonymous Symbol]                       0x08005fe4   Section        0  mano.o(.text.Update_PC_Heading)
    [Anonymous Symbol]                       0x08006014   Section        0  stm32f3xx_it.o(.text.UsageFault_Handler)
    __NVIC_EnableIRQ                         0x08006019   Thumb Code    48  stm32f3xx_hal_cortex.o(.text.__NVIC_EnableIRQ)
    [Anonymous Symbol]                       0x08006018   Section        0  stm32f3xx_hal_cortex.o(.text.__NVIC_EnableIRQ)
    __NVIC_GetPriorityGrouping               0x08006049   Thumb Code    16  stm32f3xx_hal_cortex.o(.text.__NVIC_GetPriorityGrouping)
    [Anonymous Symbol]                       0x08006048   Section        0  stm32f3xx_hal_cortex.o(.text.__NVIC_GetPriorityGrouping)
    __NVIC_SetPriority                       0x08006059   Thumb Code    66  stm32f3xx_hal_cortex.o(.text.__NVIC_SetPriority)
    [Anonymous Symbol]                       0x08006058   Section        0  stm32f3xx_hal_cortex.o(.text.__NVIC_SetPriority)
    __NVIC_SetPriorityGrouping               0x0800609d   Thumb Code    60  stm32f3xx_hal_cortex.o(.text.__NVIC_SetPriorityGrouping)
    [Anonymous Symbol]                       0x0800609c   Section        0  stm32f3xx_hal_cortex.o(.text.__NVIC_SetPriorityGrouping)
    [Anonymous Symbol]                       0x080060d8   Section        0  main.o(.text.main)
    i.__ARM_fpclassify                       0x0800613e   Section        0  fpclassify.o(i.__ARM_fpclassify)
    i.__hardfp_asin                          0x08006170   Section        0  asin.o(i.__hardfp_asin)
    i.__hardfp_atan                          0x080064d0   Section        0  atan.o(i.__hardfp_atan)
    i.__hardfp_atan2                         0x080067a8   Section        0  atan2.o(i.__hardfp_atan2)
    i.__hardfp_cos                           0x080069a8   Section        0  cos.o(i.__hardfp_cos)
    i.__hardfp_sin                           0x08006a70   Section        0  sin.o(i.__hardfp_sin)
    i.__ieee754_rem_pio2                     0x08006b38   Section        0  rred.o(i.__ieee754_rem_pio2)
    i.__kernel_cos                           0x08006f70   Section        0  cos_i.o(i.__kernel_cos)
    i.__kernel_poly                          0x080070e0   Section        0  poly.o(i.__kernel_poly)
    i.__kernel_sin                           0x080071d8   Section        0  sin_i.o(i.__kernel_sin)
    i.__mathlib_dbl_infnan                   0x08007308   Section        0  dunder.o(i.__mathlib_dbl_infnan)
    i.__mathlib_dbl_infnan2                  0x0800731c   Section        0  dunder.o(i.__mathlib_dbl_infnan2)
    i.__mathlib_dbl_invalid                  0x08007330   Section        0  dunder.o(i.__mathlib_dbl_invalid)
    i.__mathlib_dbl_underflow                0x08007350   Section        0  dunder.o(i.__mathlib_dbl_underflow)
    i.atan                                   0x08007370   Section        0  atan.o(i.atan)
    i.fabs                                   0x08007380   Section        0  fabs.o(i.fabs)
    i.sqrt                                   0x08007398   Section        0  sqrt.o(i.sqrt)
    $v0                                      0x08007406   Number         0  basic.o(x$fpl$basic)
    x$fpl$basic                              0x08007406   Section       24  basic.o(x$fpl$basic)
    $v0                                      0x08007420   Number         0  d2f.o(x$fpl$d2f)
    x$fpl$d2f                                0x08007420   Section       98  d2f.o(x$fpl$d2f)
    $v0                                      0x08007484   Number         0  daddsub_clz.o(x$fpl$dadd)
    x$fpl$dadd                               0x08007484   Section      336  daddsub_clz.o(x$fpl$dadd)
    _dadd1                                   0x08007495   Thumb Code     0  daddsub_clz.o(x$fpl$dadd)
    $v0                                      0x080075d4   Number         0  dcmpi.o(x$fpl$dcmpinf)
    x$fpl$dcmpinf                            0x080075d4   Section       24  dcmpi.o(x$fpl$dcmpinf)
    $v0                                      0x080075ec   Number         0  ddiv.o(x$fpl$ddiv)
    x$fpl$ddiv                               0x080075ec   Section      692  ddiv.o(x$fpl$ddiv)
    ddiv_entry                               0x080075f3   Thumb Code     0  ddiv.o(x$fpl$ddiv)
    $v0                                      0x080078a0   Number         0  deqf.o(x$fpl$deqf)
    x$fpl$deqf                               0x080078a0   Section      120  deqf.o(x$fpl$deqf)
    $v0                                      0x08007918   Number         0  dfix.o(x$fpl$dfix)
    x$fpl$dfix                               0x08007918   Section       94  dfix.o(x$fpl$dfix)
    $v0                                      0x08007976   Number         0  dflt_clz.o(x$fpl$dflt)
    x$fpl$dflt                               0x08007976   Section       46  dflt_clz.o(x$fpl$dflt)
    $v0                                      0x080079a4   Number         0  dflt_clz.o(x$fpl$dfltu)
    x$fpl$dfltu                              0x080079a4   Section       38  dflt_clz.o(x$fpl$dfltu)
    $v0                                      0x080079cc   Number         0  dmul.o(x$fpl$dmul)
    x$fpl$dmul                               0x080079cc   Section      340  dmul.o(x$fpl$dmul)
    $v0                                      0x08007b20   Number         0  dnaninf.o(x$fpl$dnaninf)
    x$fpl$dnaninf                            0x08007b20   Section      156  dnaninf.o(x$fpl$dnaninf)
    $v0                                      0x08007bbc   Number         0  dretinf.o(x$fpl$dretinf)
    x$fpl$dretinf                            0x08007bbc   Section       12  dretinf.o(x$fpl$dretinf)
    $v0                                      0x08007bc8   Number         0  daddsub_clz.o(x$fpl$drsb)
    x$fpl$drsb                               0x08007bc8   Section       22  daddsub_clz.o(x$fpl$drsb)
    $v0                                      0x08007be0   Number         0  dsqrt_umaal.o(x$fpl$dsqrt)
    x$fpl$dsqrt                              0x08007be0   Section      408  dsqrt_umaal.o(x$fpl$dsqrt)
    $v0                                      0x08007d78   Number         0  daddsub_clz.o(x$fpl$dsub)
    x$fpl$dsub                               0x08007d78   Section      476  daddsub_clz.o(x$fpl$dsub)
    _dsub1                                   0x08007d89   Thumb Code     0  daddsub_clz.o(x$fpl$dsub)
    $v0                                      0x08007f54   Number         0  f2d.o(x$fpl$f2d)
    x$fpl$f2d                                0x08007f54   Section       86  f2d.o(x$fpl$f2d)
    $v0                                      0x08007faa   Number         0  fnaninf.o(x$fpl$fnaninf)
    x$fpl$fnaninf                            0x08007faa   Section      140  fnaninf.o(x$fpl$fnaninf)
    $v0                                      0x08008036   Number         0  fpinit.o(x$fpl$fpinit)
    x$fpl$fpinit                             0x08008036   Section       26  fpinit.o(x$fpl$fpinit)
    $v0                                      0x08008050   Number         0  fretinf.o(x$fpl$fretinf)
    x$fpl$fretinf                            0x08008050   Section       10  fretinf.o(x$fpl$fretinf)
    x$fpl$usenofp                            0x0800805a   Section        0  usenofp.o(x$fpl$usenofp)
    pS                                       0x08008060   Data          48  asin.o(.constdata)
    .constdata                               0x08008060   Section       80  asin.o(.constdata)
    qS                                       0x08008090   Data          32  asin.o(.constdata)
    atanhi                                   0x080080b0   Data          32  atan.o(.constdata)
    .constdata                               0x080080b0   Section      152  atan.o(.constdata)
    atanlo                                   0x080080d0   Data          32  atan.o(.constdata)
    aTodd                                    0x080080f0   Data          40  atan.o(.constdata)
    aTeven                                   0x08008118   Data          48  atan.o(.constdata)
    C                                        0x08008148   Data          48  cos_i.o(.constdata)
    .constdata                               0x08008148   Section       48  cos_i.o(.constdata)
    .constdata                               0x08008178   Section        8  qnan.o(.constdata)
    pio2s                                    0x08008180   Data          48  rred.o(.constdata)
    .constdata                               0x08008180   Section      204  rred.o(.constdata)
    twooverpi                                0x080081b0   Data         156  rred.o(.constdata)
    S                                        0x08008250   Data          40  sin_i.o(.constdata)
    .constdata                               0x08008250   Section       40  sin_i.o(.constdata)
    .bss                                     0x20000010   Section       96  libspace.o(.bss)
    Flash_Write_Data.EraseInitStruct         0x20000074   Data          12  mano.o(.bss.Flash_Write_Data.EraseInitStruct)
    [Anonymous Symbol]                       0x20000074   Section        0  mano.o(.bss.Flash_Write_Data.EraseInitStruct)
    Heap_Mem                                 0x20000570   Data         512  startup_stm32f303xc.o(HEAP)
    HEAP                                     0x20000570   Section      512  startup_stm32f303xc.o(HEAP)
    Stack_Mem                                0x20000770   Data        1024  startup_stm32f303xc.o(STACK)
    STACK                                    0x20000770   Section     1024  startup_stm32f303xc.o(STACK)
    __initial_sp                             0x20000b70   Data           0  startup_stm32f303xc.o(STACK)

    Global Symbols

    Symbol Name                              Value     Ov Type        Size  Object(Section)

    BuildAttributes$$THM_ISAv4$E$P$D$K$B$S$7EM$VFPi3$EXTD16$VFPS$VFMA$PE$A:L22UL41UL21$X:L11$S22US41US21$IEEE1$IW$~IW$USESV6$~STKCKD$USESV7$~SHL$OTIME$ROPI$IEEEX$EBA8$UX$STANDARDLIB$REQ8$PRES8$EABIv2 0x00000000   Number         0  anon$$obj.o ABSOLUTE
    _printf_flags                            0x00000000   Number         0  printf_stubs.o ABSOLUTE
    _printf_return_value                     0x00000000   Number         0  printf_stubs.o ABSOLUTE
    _printf_sizespec                         0x00000000   Number         0  printf_stubs.o ABSOLUTE
    _printf_widthprec                        0x00000000   Number         0  printf_stubs.o ABSOLUTE
    __ARM_exceptions_init                     - Undefined Weak Reference
    __alloca_initialize                       - Undefined Weak Reference
    __arm_preinit_                            - Undefined Weak Reference
    __arm_relocate_pie_                       - Undefined Weak Reference
    __cpp_initialize__aeabi_                  - Undefined Weak Reference
    __cxa_finalize                            - Undefined Weak Reference
    __sigvec_lookup                           - Undefined Weak Reference
    _atexit_init                              - Undefined Weak Reference
    _call_atexit_fns                          - Undefined Weak Reference
    _clock_init                               - Undefined Weak Reference
    _fp_trap_init                             - Undefined Weak Reference
    _fp_trap_shutdown                         - Undefined Weak Reference
    _get_lc_collate                           - Undefined Weak Reference
    _get_lc_monetary                          - Undefined Weak Reference
    _get_lc_time                              - Undefined Weak Reference
    _getenv_init                              - Undefined Weak Reference
    _handle_redirection                       - Undefined Weak Reference
    _init_alloc                               - Undefined Weak Reference
    _init_user_alloc                          - Undefined Weak Reference
    _initio                                   - Undefined Weak Reference
    _printf_mbtowc                            - Undefined Weak Reference
    _printf_wc                                - Undefined Weak Reference
    _rand_init                                - Undefined Weak Reference
    _signal_finish                            - Undefined Weak Reference
    _signal_init                              - Undefined Weak Reference
    _terminate_alloc                          - Undefined Weak Reference
    _terminate_user_alloc                     - Undefined Weak Reference
    _terminateio                              - Undefined Weak Reference
    __Vectors_Size                           0x00000188   Number         0  startup_stm32f303xc.o ABSOLUTE
    __Vectors                                0x08000000   Data           4  startup_stm32f303xc.o(RESET)
    __Vectors_End                            0x08000188   Data           0  startup_stm32f303xc.o(RESET)
    __main                                   0x08000189   Thumb Code     8  __main.o(!!!main)
    __scatterload                            0x08000191   Thumb Code     0  __scatter.o(!!!scatter)
    __scatterload_rt2                        0x08000191   Thumb Code    44  __scatter.o(!!!scatter)
    __scatterload_rt2_thumb_only             0x08000191   Thumb Code     0  __scatter.o(!!!scatter)
    __scatterload_null                       0x0800019f   Thumb Code     0  __scatter.o(!!!scatter)
    __scatterload_copy                       0x080001c5   Thumb Code    26  __scatter_copy.o(!!handler_copy)
    __scatterload_zeroinit                   0x080001e1   Thumb Code    28  __scatter_zi.o(!!handler_zi)
    __rt_lib_init                            0x080001fd   Thumb Code     0  libinit.o(.ARM.Collect$$libinit$$00000000)
    __rt_lib_init_fp_1                       0x080001ff   Thumb Code     0  libinit2.o(.ARM.Collect$$libinit$$00000001)
    __rt_lib_init_alloca_1                   0x08000203   Thumb Code     0  libinit2.o(.ARM.Collect$$libinit$$00000030)
    __rt_lib_init_argv_1                     0x08000203   Thumb Code     0  libinit2.o(.ARM.Collect$$libinit$$0000002E)
    __rt_lib_init_atexit_1                   0x08000203   Thumb Code     0  libinit2.o(.ARM.Collect$$libinit$$0000001D)
    __rt_lib_init_clock_1                    0x08000203   Thumb Code     0  libinit2.o(.ARM.Collect$$libinit$$00000023)
    __rt_lib_init_cpp_1                      0x08000203   Thumb Code     0  libinit2.o(.ARM.Collect$$libinit$$00000034)
    __rt_lib_init_exceptions_1               0x08000203   Thumb Code     0  libinit2.o(.ARM.Collect$$libinit$$00000032)
    __rt_lib_init_fp_trap_1                  0x08000203   Thumb Code     0  libinit2.o(.ARM.Collect$$libinit$$00000021)
    __rt_lib_init_getenv_1                   0x08000203   Thumb Code     0  libinit2.o(.ARM.Collect$$libinit$$00000025)
    __rt_lib_init_heap_1                     0x08000203   Thumb Code     0  libinit2.o(.ARM.Collect$$libinit$$0000000C)
    __rt_lib_init_lc_collate_1               0x08000203   Thumb Code     0  libinit2.o(.ARM.Collect$$libinit$$00000013)
    __rt_lib_init_lc_ctype_1                 0x08000203   Thumb Code     0  libinit2.o(.ARM.Collect$$libinit$$00000015)
    __rt_lib_init_lc_monetary_1              0x08000203   Thumb Code     0  libinit2.o(.ARM.Collect$$libinit$$00000017)
    __rt_lib_init_lc_numeric_1               0x08000203   Thumb Code     0  libinit2.o(.ARM.Collect$$libinit$$00000019)
    __rt_lib_init_lc_time_1                  0x08000203   Thumb Code     0  libinit2.o(.ARM.Collect$$libinit$$0000001B)
    __rt_lib_init_preinit_1                  0x08000203   Thumb Code     0  libinit2.o(.ARM.Collect$$libinit$$00000006)
    __rt_lib_init_rand_1                     0x08000203   Thumb Code     0  libinit2.o(.ARM.Collect$$libinit$$00000010)
    __rt_lib_init_relocate_pie_1             0x08000203   Thumb Code     0  libinit2.o(.ARM.Collect$$libinit$$00000004)
    __rt_lib_init_return                     0x08000203   Thumb Code     0  libinit2.o(.ARM.Collect$$libinit$$00000035)
    __rt_lib_init_signal_1                   0x08000203   Thumb Code     0  libinit2.o(.ARM.Collect$$libinit$$0000001F)
    __rt_lib_init_stdio_1                    0x08000203   Thumb Code     0  libinit2.o(.ARM.Collect$$libinit$$00000027)
    __rt_lib_init_user_alloc_1               0x08000203   Thumb Code     0  libinit2.o(.ARM.Collect$$libinit$$0000000E)
    __rt_lib_shutdown                        0x08000205   Thumb Code     0  libshutdown.o(.ARM.Collect$$libshutdown$$00000000)
    __rt_lib_shutdown_cpp_1                  0x08000207   Thumb Code     0  libshutdown2.o(.ARM.Collect$$libshutdown$$00000002)
    __rt_lib_shutdown_fp_trap_1              0x08000207   Thumb Code     0  libshutdown2.o(.ARM.Collect$$libshutdown$$00000007)
    __rt_lib_shutdown_heap_1                 0x08000207   Thumb Code     0  libshutdown2.o(.ARM.Collect$$libshutdown$$0000000F)
    __rt_lib_shutdown_return                 0x08000207   Thumb Code     0  libshutdown2.o(.ARM.Collect$$libshutdown$$00000010)
    __rt_lib_shutdown_signal_1               0x08000207   Thumb Code     0  libshutdown2.o(.ARM.Collect$$libshutdown$$0000000A)
    __rt_lib_shutdown_stdio_1                0x08000207   Thumb Code     0  libshutdown2.o(.ARM.Collect$$libshutdown$$00000004)
    __rt_lib_shutdown_user_alloc_1           0x08000207   Thumb Code     0  libshutdown2.o(.ARM.Collect$$libshutdown$$0000000C)
    __rt_entry                               0x08000209   Thumb Code     0  __rtentry.o(.ARM.Collect$$rtentry$$00000000)
    __rt_entry_presh_1                       0x08000209   Thumb Code     0  __rtentry2.o(.ARM.Collect$$rtentry$$00000002)
    __rt_entry_sh                            0x08000209   Thumb Code     0  __rtentry4.o(.ARM.Collect$$rtentry$$00000004)
    __rt_entry_li                            0x0800020f   Thumb Code     0  __rtentry2.o(.ARM.Collect$$rtentry$$0000000A)
    __rt_entry_postsh_1                      0x0800020f   Thumb Code     0  __rtentry2.o(.ARM.Collect$$rtentry$$00000009)
    __rt_entry_main                          0x08000213   Thumb Code     0  __rtentry2.o(.ARM.Collect$$rtentry$$0000000D)
    __rt_entry_postli_1                      0x08000213   Thumb Code     0  __rtentry2.o(.ARM.Collect$$rtentry$$0000000C)
    __rt_exit                                0x0800021b   Thumb Code     0  rtexit.o(.ARM.Collect$$rtexit$$00000000)
    __rt_exit_ls                             0x0800021d   Thumb Code     0  rtexit2.o(.ARM.Collect$$rtexit$$00000003)
    __rt_exit_prels_1                        0x0800021d   Thumb Code     0  rtexit2.o(.ARM.Collect$$rtexit$$00000002)
    __rt_exit_exit                           0x08000221   Thumb Code     0  rtexit2.o(.ARM.Collect$$rtexit$$00000004)
    Reset_Handler                            0x08000229   Thumb Code     8  startup_stm32f303xc.o(.text)
    ADC1_2_IRQHandler                        0x08000243   Thumb Code     0  startup_stm32f303xc.o(.text)
    ADC3_IRQHandler                          0x08000243   Thumb Code     0  startup_stm32f303xc.o(.text)
    ADC4_IRQHandler                          0x08000243   Thumb Code     0  startup_stm32f303xc.o(.text)
    CAN_RX1_IRQHandler                       0x08000243   Thumb Code     0  startup_stm32f303xc.o(.text)
    CAN_SCE_IRQHandler                       0x08000243   Thumb Code     0  startup_stm32f303xc.o(.text)
    COMP1_2_3_IRQHandler                     0x08000243   Thumb Code     0  startup_stm32f303xc.o(.text)
    COMP4_5_6_IRQHandler                     0x08000243   Thumb Code     0  startup_stm32f303xc.o(.text)
    COMP7_IRQHandler                         0x08000243   Thumb Code     0  startup_stm32f303xc.o(.text)
    DMA1_Channel1_IRQHandler                 0x08000243   Thumb Code     0  startup_stm32f303xc.o(.text)
    DMA1_Channel2_IRQHandler                 0x08000243   Thumb Code     0  startup_stm32f303xc.o(.text)
    DMA1_Channel3_IRQHandler                 0x08000243   Thumb Code     0  startup_stm32f303xc.o(.text)
    DMA1_Channel4_IRQHandler                 0x08000243   Thumb Code     0  startup_stm32f303xc.o(.text)
    DMA1_Channel5_IRQHandler                 0x08000243   Thumb Code     0  startup_stm32f303xc.o(.text)
    DMA1_Channel6_IRQHandler                 0x08000243   Thumb Code     0  startup_stm32f303xc.o(.text)
    DMA1_Channel7_IRQHandler                 0x08000243   Thumb Code     0  startup_stm32f303xc.o(.text)
    DMA2_Channel1_IRQHandler                 0x08000243   Thumb Code     0  startup_stm32f303xc.o(.text)
    DMA2_Channel2_IRQHandler                 0x08000243   Thumb Code     0  startup_stm32f303xc.o(.text)
    DMA2_Channel3_IRQHandler                 0x08000243   Thumb Code     0  startup_stm32f303xc.o(.text)
    DMA2_Channel4_IRQHandler                 0x08000243   Thumb Code     0  startup_stm32f303xc.o(.text)
    DMA2_Channel5_IRQHandler                 0x08000243   Thumb Code     0  startup_stm32f303xc.o(.text)
    EXTI0_IRQHandler                         0x08000243   Thumb Code     0  startup_stm32f303xc.o(.text)
    EXTI15_10_IRQHandler                     0x08000243   Thumb Code     0  startup_stm32f303xc.o(.text)
    EXTI1_IRQHandler                         0x08000243   Thumb Code     0  startup_stm32f303xc.o(.text)
    EXTI2_TSC_IRQHandler                     0x08000243   Thumb Code     0  startup_stm32f303xc.o(.text)
    EXTI3_IRQHandler                         0x08000243   Thumb Code     0  startup_stm32f303xc.o(.text)
    EXTI4_IRQHandler                         0x08000243   Thumb Code     0  startup_stm32f303xc.o(.text)
    EXTI9_5_IRQHandler                       0x08000243   Thumb Code     0  startup_stm32f303xc.o(.text)
    FLASH_IRQHandler                         0x08000243   Thumb Code     0  startup_stm32f303xc.o(.text)
    FPU_IRQHandler                           0x08000243   Thumb Code     0  startup_stm32f303xc.o(.text)
    I2C1_ER_IRQHandler                       0x08000243   Thumb Code     0  startup_stm32f303xc.o(.text)
    I2C2_ER_IRQHandler                       0x08000243   Thumb Code     0  startup_stm32f303xc.o(.text)
    PVD_IRQHandler                           0x08000243   Thumb Code     0  startup_stm32f303xc.o(.text)
    RCC_IRQHandler                           0x08000243   Thumb Code     0  startup_stm32f303xc.o(.text)
    RTC_Alarm_IRQHandler                     0x08000243   Thumb Code     0  startup_stm32f303xc.o(.text)
    RTC_WKUP_IRQHandler                      0x08000243   Thumb Code     0  startup_stm32f303xc.o(.text)
    SPI1_IRQHandler                          0x08000243   Thumb Code     0  startup_stm32f303xc.o(.text)
    SPI2_IRQHandler                          0x08000243   Thumb Code     0  startup_stm32f303xc.o(.text)
    SPI3_IRQHandler                          0x08000243   Thumb Code     0  startup_stm32f303xc.o(.text)
    TAMP_STAMP_IRQHandler                    0x08000243   Thumb Code     0  startup_stm32f303xc.o(.text)
    TIM1_BRK_TIM15_IRQHandler                0x08000243   Thumb Code     0  startup_stm32f303xc.o(.text)
    TIM1_CC_IRQHandler                       0x08000243   Thumb Code     0  startup_stm32f303xc.o(.text)
    TIM1_TRG_COM_TIM17_IRQHandler            0x08000243   Thumb Code     0  startup_stm32f303xc.o(.text)
    TIM1_UP_TIM16_IRQHandler                 0x08000243   Thumb Code     0  startup_stm32f303xc.o(.text)
    TIM2_IRQHandler                          0x08000243   Thumb Code     0  startup_stm32f303xc.o(.text)
    TIM4_IRQHandler                          0x08000243   Thumb Code     0  startup_stm32f303xc.o(.text)
    TIM6_DAC_IRQHandler                      0x08000243   Thumb Code     0  startup_stm32f303xc.o(.text)
    TIM7_IRQHandler                          0x08000243   Thumb Code     0  startup_stm32f303xc.o(.text)
    TIM8_BRK_IRQHandler                      0x08000243   Thumb Code     0  startup_stm32f303xc.o(.text)
    TIM8_CC_IRQHandler                       0x08000243   Thumb Code     0  startup_stm32f303xc.o(.text)
    TIM8_TRG_COM_IRQHandler                  0x08000243   Thumb Code     0  startup_stm32f303xc.o(.text)
    TIM8_UP_IRQHandler                       0x08000243   Thumb Code     0  startup_stm32f303xc.o(.text)
    UART5_IRQHandler                         0x08000243   Thumb Code     0  startup_stm32f303xc.o(.text)
    USART1_IRQHandler                        0x08000243   Thumb Code     0  startup_stm32f303xc.o(.text)
    USART2_IRQHandler                        0x08000243   Thumb Code     0  startup_stm32f303xc.o(.text)
    USART3_IRQHandler                        0x08000243   Thumb Code     0  startup_stm32f303xc.o(.text)
    USBWakeUp_IRQHandler                     0x08000243   Thumb Code     0  startup_stm32f303xc.o(.text)
    USBWakeUp_RMP_IRQHandler                 0x08000243   Thumb Code     0  startup_stm32f303xc.o(.text)
    USB_HP_CAN_TX_IRQHandler                 0x08000243   Thumb Code     0  startup_stm32f303xc.o(.text)
    USB_HP_IRQHandler                        0x08000243   Thumb Code     0  startup_stm32f303xc.o(.text)
    USB_LP_CAN_RX0_IRQHandler                0x08000243   Thumb Code     0  startup_stm32f303xc.o(.text)
    USB_LP_IRQHandler                        0x08000243   Thumb Code     0  startup_stm32f303xc.o(.text)
    WWDG_IRQHandler                          0x08000243   Thumb Code     0  startup_stm32f303xc.o(.text)
    __user_initial_stackheap                 0x08000245   Thumb Code     0  startup_stm32f303xc.o(.text)
    __aeabi_uldivmod                         0x08000269   Thumb Code     0  lludivv7m.o(.text)
    _ll_udiv                                 0x08000269   Thumb Code   240  lludivv7m.o(.text)
    __aeabi_memclr4                          0x08000359   Thumb Code     0  rt_memclr_w.o(.text)
    __aeabi_memclr8                          0x08000359   Thumb Code     0  rt_memclr_w.o(.text)
    __rt_memclr_w                            0x08000359   Thumb Code     0  rt_memclr_w.o(.text)
    _memset_w                                0x0800035d   Thumb Code    74  rt_memclr_w.o(.text)
    __use_two_region_memory                  0x080003a7   Thumb Code     2  heapauxi.o(.text)
    __rt_heap_escrow$2region                 0x080003a9   Thumb Code     2  heapauxi.o(.text)
    __rt_heap_expand$2region                 0x080003ab   Thumb Code     2  heapauxi.o(.text)
    __read_errno                             0x080003ad   Thumb Code    10  _rserrno.o(.text)
    __set_errno                              0x080003b7   Thumb Code    12  _rserrno.o(.text)
    __aeabi_errno_addr                       0x080003c5   Thumb Code     8  rt_errno_addr_intlibspace.o(.text)
    __errno$intlibspace                      0x080003c5   Thumb Code     0  rt_errno_addr_intlibspace.o(.text)
    __rt_errno_addr$intlibspace              0x080003c5   Thumb Code     0  rt_errno_addr_intlibspace.o(.text)
    __user_libspace                          0x080003cd   Thumb Code     8  libspace.o(.text)
    __user_perproc_libspace                  0x080003cd   Thumb Code     0  libspace.o(.text)
    __user_perthread_libspace                0x080003cd   Thumb Code     0  libspace.o(.text)
    __user_setup_stackheap                   0x080003d5   Thumb Code    74  sys_stackheap_outer.o(.text)
    exit                                     0x0800041f   Thumb Code    18  exit.o(.text)
    _sys_exit                                0x08000431   Thumb Code     8  sys_exit.o(.text)
    __I$use$semihosting                      0x0800043d   Thumb Code     0  use_no_semi.o(.text)
    __use_no_semihosting_swi                 0x0800043d   Thumb Code     2  use_no_semi.o(.text)
    __semihosting_library_function           0x0800043f   Thumb Code     0  indicate_semi.o(.text)
    BusFault_Handler                         0x08000441   Thumb Code     4  stm32f3xx_it.o(.text.BusFault_Handler)
    Calculate_compass_data                   0x08000449   Thumb Code  1608  mano.o(.text.Calculate_compass_data)
    DebugMon_Handler                         0x08000a91   Thumb Code     2  stm32f3xx_it.o(.text.DebugMon_Handler)
    Error_Handler                            0x08000a95   Thumb Code    14  main.o(.text.Error_Handler)
    FLASH_PageErase                          0x08000acd   Thumb Code    56  stm32f3xx_hal_flash_ex.o(.text.FLASH_PageErase)
    FLASH_WaitForLastOperation               0x08000ba5   Thumb Code   170  stm32f3xx_hal_flash.o(.text.FLASH_WaitForLastOperation)
    Flash_Read_Data                          0x08000c51   Thumb Code    54  mano.o(.text.Flash_Read_Data)
    Flash_Write_Data                         0x08000c89   Thumb Code   166  mano.o(.text.Flash_Write_Data)
    Get_Compass_Data                         0x08000d31   Thumb Code   494  mano.o(.text.Get_Compass_Data)
    HAL_DMA_Abort                            0x08000f21   Thumb Code   116  stm32f3xx_hal_dma.o(.text.HAL_DMA_Abort)
    HAL_DMA_Abort_IT                         0x08000f95   Thumb Code   120  stm32f3xx_hal_dma.o(.text.HAL_DMA_Abort_IT)
    HAL_FLASHEx_Erase                        0x0800100d   Thumb Code   264  stm32f3xx_hal_flash_ex.o(.text.HAL_FLASHEx_Erase)
    HAL_FLASH_GetError                       0x08001115   Thumb Code    12  stm32f3xx_hal_flash.o(.text.HAL_FLASH_GetError)
    HAL_FLASH_Lock                           0x08001121   Thumb Code    20  stm32f3xx_hal_flash.o(.text.HAL_FLASH_Lock)
    HAL_FLASH_Program                        0x08001135   Thumb Code   300  stm32f3xx_hal_flash.o(.text.HAL_FLASH_Program)
    HAL_FLASH_Unlock                         0x08001261   Thumb Code    90  stm32f3xx_hal_flash.o(.text.HAL_FLASH_Unlock)
    HAL_GPIO_Init                            0x080012bd   Thumb Code   844  stm32f3xx_hal_gpio.o(.text.HAL_GPIO_Init)
    HAL_GPIO_WritePin                        0x08001609   Thumb Code    44  stm32f3xx_hal_gpio.o(.text.HAL_GPIO_WritePin)
    HAL_GetTick                              0x08001635   Thumb Code    12  stm32f3xx_hal.o(.text.HAL_GetTick)
    HAL_I2CEx_ConfigAnalogFilter             0x08001641   Thumb Code   152  stm32f3xx_hal_i2c_ex.o(.text.HAL_I2CEx_ConfigAnalogFilter)
    HAL_I2CEx_ConfigDigitalFilter            0x080016d9   Thumb Code   162  stm32f3xx_hal_i2c_ex.o(.text.HAL_I2CEx_ConfigDigitalFilter)
    HAL_I2C_EV_IRQHandler                    0x0800177d   Thumb Code    46  stm32f3xx_hal_i2c.o(.text.HAL_I2C_EV_IRQHandler)
    HAL_I2C_Init                             0x080017ad   Thumb Code   260  stm32f3xx_hal_i2c.o(.text.HAL_I2C_Init)
    HAL_I2C_Master_Receive                   0x080018b1   Thumb Code   540  stm32f3xx_hal_i2c.o(.text.HAL_I2C_Master_Receive)
    HAL_I2C_Master_Transmit                  0x08001acd   Thumb Code   538  stm32f3xx_hal_i2c.o(.text.HAL_I2C_Master_Transmit)
    HAL_I2C_MspInit                          0x08001ce9   Thumb Code   286  stm32f3xx_hal_msp.o(.text.HAL_I2C_MspInit)
    HAL_IncTick                              0x08001e09   Thumb Code    26  stm32f3xx_hal.o(.text.HAL_IncTick)
    HAL_Init                                 0x08001e25   Thumb Code    44  stm32f3xx_hal.o(.text.HAL_Init)
    HAL_InitTick                             0x08001e51   Thumb Code   112  stm32f3xx_hal.o(.text.HAL_InitTick)
    HAL_MspInit                              0x08001ec1   Thumb Code    74  stm32f3xx_hal_msp.o(.text.HAL_MspInit)
    HAL_NVIC_EnableIRQ                       0x08001f0d   Thumb Code    20  stm32f3xx_hal_cortex.o(.text.HAL_NVIC_EnableIRQ)
    HAL_NVIC_SetPriority                     0x08001f21   Thumb Code    50  stm32f3xx_hal_cortex.o(.text.HAL_NVIC_SetPriority)
    HAL_NVIC_SetPriorityGrouping             0x08001f55   Thumb Code    16  stm32f3xx_hal_cortex.o(.text.HAL_NVIC_SetPriorityGrouping)
    HAL_PCD_Init                             0x08001f65   Thumb Code   466  stm32f3xx_hal_pcd.o(.text.HAL_PCD_Init)
    HAL_PCD_MspInit                          0x08002139   Thumb Code   134  stm32f3xx_hal_msp.o(.text.HAL_PCD_MspInit)
    HAL_PWR_EnterSLEEPMode                   0x080021c1   Thumb Code    50  stm32f3xx_hal_pwr.o(.text.HAL_PWR_EnterSLEEPMode)
    HAL_RCCEx_PeriphCLKConfig                0x080021f5   Thumb Code   928  stm32f3xx_hal_rcc_ex.o(.text.HAL_RCCEx_PeriphCLKConfig)
    HAL_RCC_ClockConfig                      0x08002595   Thumb Code   778  stm32f3xx_hal_rcc.o(.text.HAL_RCC_ClockConfig)
    HAL_RCC_GetHCLKFreq                      0x080028a1   Thumb Code    12  stm32f3xx_hal_rcc.o(.text.HAL_RCC_GetHCLKFreq)
    HAL_RCC_GetPCLK1Freq                     0x080028ad   Thumb Code    34  stm32f3xx_hal_rcc.o(.text.HAL_RCC_GetPCLK1Freq)
    HAL_RCC_GetPCLK2Freq                     0x080028d1   Thumb Code    34  stm32f3xx_hal_rcc.o(.text.HAL_RCC_GetPCLK2Freq)
    HAL_RCC_GetSysClockFreq                  0x080028f5   Thumb Code   194  stm32f3xx_hal_rcc.o(.text.HAL_RCC_GetSysClockFreq)
    HAL_RCC_OscConfig                        0x080029b9   Thumb Code  2670  stm32f3xx_hal_rcc.o(.text.HAL_RCC_OscConfig)
    HAL_ResumeTick                           0x08003429   Thumb Code    18  stm32f3xx_hal.o(.text.HAL_ResumeTick)
    HAL_SYSTICK_Config                       0x0800343d   Thumb Code    16  stm32f3xx_hal_cortex.o(.text.HAL_SYSTICK_Config)
    HAL_SuspendTick                          0x0800344d   Thumb Code    18  stm32f3xx_hal.o(.text.HAL_SuspendTick)
    HAL_TIMEx_Break2Callback                 0x08003461   Thumb Code     8  stm32f3xx_hal_tim_ex.o(.text.HAL_TIMEx_Break2Callback)
    HAL_TIMEx_BreakCallback                  0x08003469   Thumb Code     8  stm32f3xx_hal_tim_ex.o(.text.HAL_TIMEx_BreakCallback)
    HAL_TIMEx_CommutCallback                 0x08003471   Thumb Code     8  stm32f3xx_hal_tim_ex.o(.text.HAL_TIMEx_CommutCallback)
    HAL_TIMEx_MasterConfigSynchronization    0x08003479   Thumb Code   312  stm32f3xx_hal_tim_ex.o(.text.HAL_TIMEx_MasterConfigSynchronization)
    HAL_TIM_Base_Init                        0x080035b1   Thumb Code   168  stm32f3xx_hal_tim.o(.text.HAL_TIM_Base_Init)
    HAL_TIM_Base_MspInit                     0x08003659   Thumb Code    78  stm32f3xx_hal_msp.o(.text.HAL_TIM_Base_MspInit)
    HAL_TIM_Base_Start_IT                    0x080036a9   Thumb Code   226  stm32f3xx_hal_tim.o(.text.HAL_TIM_Base_Start_IT)
    HAL_TIM_ConfigClockSource                0x0800378d   Thumb Code   394  stm32f3xx_hal_tim.o(.text.HAL_TIM_ConfigClockSource)
    HAL_TIM_IC_CaptureCallback               0x08003919   Thumb Code     8  stm32f3xx_hal_tim.o(.text.HAL_TIM_IC_CaptureCallback)
    HAL_TIM_IRQHandler                       0x08003921   Thumb Code   692  stm32f3xx_hal_tim.o(.text.HAL_TIM_IRQHandler)
    HAL_TIM_OC_DelayElapsedCallback          0x08003bd5   Thumb Code     8  stm32f3xx_hal_tim.o(.text.HAL_TIM_OC_DelayElapsedCallback)
    HAL_TIM_PWM_PulseFinishedCallback        0x08003bdd   Thumb Code     8  stm32f3xx_hal_tim.o(.text.HAL_TIM_PWM_PulseFinishedCallback)
    HAL_TIM_PeriodElapsedCallback            0x08003be5   Thumb Code    90  main.o(.text.HAL_TIM_PeriodElapsedCallback)
    HAL_TIM_TriggerCallback                  0x08003c41   Thumb Code     8  stm32f3xx_hal_tim.o(.text.HAL_TIM_TriggerCallback)
    HAL_UARTEx_RxEventCallback               0x08003c49   Thumb Code    12  stm32f3xx_hal_uart.o(.text.HAL_UARTEx_RxEventCallback)
    HAL_UARTEx_WakeupCallback                0x08003c55   Thumb Code     8  stm32f3xx_hal_uart_ex.o(.text.HAL_UARTEx_WakeupCallback)
    HAL_UART_ErrorCallback                   0x08003c5d   Thumb Code     8  stm32f3xx_hal_uart.o(.text.HAL_UART_ErrorCallback)
    HAL_UART_IRQHandler                      0x08003c65   Thumb Code  1228  stm32f3xx_hal_uart.o(.text.HAL_UART_IRQHandler)
    HAL_UART_Init                            0x08004131   Thumb Code   166  stm32f3xx_hal_uart.o(.text.HAL_UART_Init)
    HAL_UART_MspInit                         0x080041d9   Thumb Code   158  stm32f3xx_hal_msp.o(.text.HAL_UART_MspInit)
    HAL_UART_Receive_IT                      0x08004279   Thumb Code   172  stm32f3xx_hal_uart.o(.text.HAL_UART_Receive_IT)
    HAL_UART_RxCpltCallback                  0x08004325   Thumb Code    68  main.o(.text.HAL_UART_RxCpltCallback)
    HAL_UART_Transmit                        0x08004369   Thumb Code   336  stm32f3xx_hal_uart.o(.text.HAL_UART_Transmit)
    HAL_UART_Transmit_IT                     0x080044b9   Thumb Code   242  stm32f3xx_hal_uart.o(.text.HAL_UART_Transmit_IT)
    HAL_UART_TxCpltCallback                  0x080045ad   Thumb Code    14  main.o(.text.HAL_UART_TxCpltCallback)
    HardFault_Handler                        0x080045bd   Thumb Code     4  stm32f3xx_it.o(.text.HardFault_Handler)
    I2C1_EV_IRQHandler                       0x080045c1   Thumb Code    16  stm32f3xx_it.o(.text.I2C1_EV_IRQHandler)
    I2C2_EV_IRQHandler                       0x080045d1   Thumb Code    16  stm32f3xx_it.o(.text.I2C2_EV_IRQHandler)
    I2C_Init                                 0x08004621   Thumb Code   170  mano.o(.text.I2C_Init)
    MemManage_Handler                        0x08004db5   Thumb Code     4  stm32f3xx_it.o(.text.MemManage_Handler)
    NMI_Handler                              0x08004db9   Thumb Code     4  stm32f3xx_it.o(.text.NMI_Handler)
    PendSV_Handler                           0x08004e29   Thumb Code     2  stm32f3xx_it.o(.text.PendSV_Handler)
    Read_Calibration                         0x08004e2d   Thumb Code    38  mano.o(.text.Read_Calibration)
    SVC_Handler                              0x08004e55   Thumb Code     2  stm32f3xx_it.o(.text.SVC_Handler)
    SysTick_Handler                          0x08004ead   Thumb Code     8  stm32f3xx_it.o(.text.SysTick_Handler)
    SystemClock_Config                       0x08004eb5   Thumb Code   170  main.o(.text.SystemClock_Config)
    SystemInit                               0x08004f61   Thumb Code    18  system_stm32f3xx.o(.text.SystemInit)
    TIM3_IRQHandler                          0x08004f75   Thumb Code    16  stm32f3xx_it.o(.text.TIM3_IRQHandler)
    TIM_Base_SetConfig                       0x08004f85   Thumb Code   384  stm32f3xx_hal_tim.o(.text.TIM_Base_SetConfig)
    TIM_ETR_SetConfig                        0x08005105   Thumb Code    52  stm32f3xx_hal_tim.o(.text.TIM_ETR_SetConfig)
    UART4_IRQHandler                         0x08005209   Thumb Code    16  stm32f3xx_it.o(.text.UART4_IRQHandler)
    UART_AdvFeatureConfig                    0x08005219   Thumb Code   328  stm32f3xx_hal_uart.o(.text.UART_AdvFeatureConfig)
    UART_CheckIdleState                      0x08005361   Thumb Code   164  stm32f3xx_hal_uart.o(.text.UART_CheckIdleState)
    UART_SetConfig                           0x08005761   Thumb Code  1022  stm32f3xx_hal_uart.o(.text.UART_SetConfig)
    UART_Start_Receive_IT                    0x08005b61   Thumb Code   296  stm32f3xx_hal_uart.o(.text.UART_Start_Receive_IT)
    UART_WaitOnFlagUntilTimeout              0x08005dad   Thumb Code   368  stm32f3xx_hal_uart.o(.text.UART_WaitOnFlagUntilTimeout)
    USB_DevInit                              0x08005f1d   Thumb Code    72  stm32f3xx_ll_usb.o(.text.USB_DevInit)
    USB_DisableGlobalInt                     0x08005f65   Thumb Code    30  stm32f3xx_ll_usb.o(.text.USB_DisableGlobalInt)
    Update_Calibration                       0x08005f85   Thumb Code    36  mano.o(.text.Update_Calibration)
    Update_PC_Calibration                    0x08005fa9   Thumb Code    58  mano.o(.text.Update_PC_Calibration)
    Update_PC_Heading                        0x08005fe5   Thumb Code    46  mano.o(.text.Update_PC_Heading)
    UsageFault_Handler                       0x08006015   Thumb Code     4  stm32f3xx_it.o(.text.UsageFault_Handler)
    main                                     0x080060d9   Thumb Code   102  main.o(.text.main)
    __ARM_fpclassify                         0x0800613f   Thumb Code    48  fpclassify.o(i.__ARM_fpclassify)
    __hardfp_asin                            0x08006171   Thumb Code   770  asin.o(i.__hardfp_asin)
    __hardfp_atan                            0x080064d1   Thumb Code   622  atan.o(i.__hardfp_atan)
    __hardfp_atan2                           0x080067a9   Thumb Code   448  atan2.o(i.__hardfp_atan2)
    __hardfp_cos                             0x080069a9   Thumb Code   180  cos.o(i.__hardfp_cos)
    __hardfp_sin                             0x08006a71   Thumb Code   180  sin.o(i.__hardfp_sin)
    __ieee754_rem_pio2                       0x08006b39   Thumb Code   938  rred.o(i.__ieee754_rem_pio2)
    __kernel_cos                             0x08006f71   Thumb Code   322  cos_i.o(i.__kernel_cos)
    __kernel_poly                            0x080070e1   Thumb Code   248  poly.o(i.__kernel_poly)
    __kernel_sin                             0x080071d9   Thumb Code   280  sin_i.o(i.__kernel_sin)
    __mathlib_dbl_infnan                     0x08007309   Thumb Code    20  dunder.o(i.__mathlib_dbl_infnan)
    __mathlib_dbl_infnan2                    0x0800731d   Thumb Code    20  dunder.o(i.__mathlib_dbl_infnan2)
    __mathlib_dbl_invalid                    0x08007331   Thumb Code    24  dunder.o(i.__mathlib_dbl_invalid)
    __mathlib_dbl_underflow                  0x08007351   Thumb Code    24  dunder.o(i.__mathlib_dbl_underflow)
    atan                                     0x08007371   Thumb Code    16  atan.o(i.atan)
    fabs                                     0x08007381   Thumb Code    24  fabs.o(i.fabs)
    sqrt                                     0x08007399   Thumb Code   110  sqrt.o(i.sqrt)
    __aeabi_dneg                             0x08007407   Thumb Code     0  basic.o(x$fpl$basic)
    _dneg                                    0x08007407   Thumb Code     6  basic.o(x$fpl$basic)
    __aeabi_fneg                             0x0800740d   Thumb Code     0  basic.o(x$fpl$basic)
    _fneg                                    0x0800740d   Thumb Code     6  basic.o(x$fpl$basic)
    _dabs                                    0x08007413   Thumb Code     6  basic.o(x$fpl$basic)
    _fabs                                    0x08007419   Thumb Code     6  basic.o(x$fpl$basic)
    __aeabi_d2f                              0x08007421   Thumb Code     0  d2f.o(x$fpl$d2f)
    _d2f                                     0x08007421   Thumb Code    98  d2f.o(x$fpl$d2f)
    __aeabi_dadd                             0x08007485   Thumb Code     0  daddsub_clz.o(x$fpl$dadd)
    _dadd                                    0x08007485   Thumb Code   332  daddsub_clz.o(x$fpl$dadd)
    __fpl_dcmp_Inf                           0x080075d5   Thumb Code    24  dcmpi.o(x$fpl$dcmpinf)
    __aeabi_ddiv                             0x080075ed   Thumb Code     0  ddiv.o(x$fpl$ddiv)
    _ddiv                                    0x080075ed   Thumb Code   556  ddiv.o(x$fpl$ddiv)
    __aeabi_cdcmpeq                          0x080078a1   Thumb Code     0  deqf.o(x$fpl$deqf)
    _dcmpeq                                  0x080078a1   Thumb Code   120  deqf.o(x$fpl$deqf)
    __aeabi_d2iz                             0x08007919   Thumb Code     0  dfix.o(x$fpl$dfix)
    _dfix                                    0x08007919   Thumb Code    94  dfix.o(x$fpl$dfix)
    __aeabi_i2d                              0x08007977   Thumb Code     0  dflt_clz.o(x$fpl$dflt)
    _dflt                                    0x08007977   Thumb Code    46  dflt_clz.o(x$fpl$dflt)
    __aeabi_ui2d                             0x080079a5   Thumb Code     0  dflt_clz.o(x$fpl$dfltu)
    _dfltu                                   0x080079a5   Thumb Code    38  dflt_clz.o(x$fpl$dfltu)
    __aeabi_dmul                             0x080079cd   Thumb Code     0  dmul.o(x$fpl$dmul)
    _dmul                                    0x080079cd   Thumb Code   332  dmul.o(x$fpl$dmul)
    __fpl_dnaninf                            0x08007b21   Thumb Code   156  dnaninf.o(x$fpl$dnaninf)
    __fpl_dretinf                            0x08007bbd   Thumb Code    12  dretinf.o(x$fpl$dretinf)
    __aeabi_drsub                            0x08007bc9   Thumb Code     0  daddsub_clz.o(x$fpl$drsb)
    _drsb                                    0x08007bc9   Thumb Code    22  daddsub_clz.o(x$fpl$drsb)
    _dsqrt                                   0x08007be1   Thumb Code   404  dsqrt_umaal.o(x$fpl$dsqrt)
    __aeabi_dsub                             0x08007d79   Thumb Code     0  daddsub_clz.o(x$fpl$dsub)
    _dsub                                    0x08007d79   Thumb Code   472  daddsub_clz.o(x$fpl$dsub)
    __aeabi_f2d                              0x08007f55   Thumb Code     0  f2d.o(x$fpl$f2d)
    _f2d                                     0x08007f55   Thumb Code    86  f2d.o(x$fpl$f2d)
    __fpl_fnaninf                            0x08007fab   Thumb Code   140  fnaninf.o(x$fpl$fnaninf)
    _fp_init                                 0x08008037   Thumb Code    26  fpinit.o(x$fpl$fpinit)
    __fplib_config_fpu_vfp                   0x0800804f   Thumb Code     0  fpinit.o(x$fpl$fpinit)
    __fplib_config_pureend_doubles           0x0800804f   Thumb Code     0  fpinit.o(x$fpl$fpinit)
    __fpl_fretinf                            0x08008051   Thumb Code    10  fretinf.o(x$fpl$fretinf)
    __I$use$fp                               0x0800805a   Number         0  usenofp.o(x$fpl$usenofp)
    __mathlib_zero                           0x08008178   Data           8  qnan.o(.constdata)
    AHBPrescTable                            0x08008278   Data          16  system_stm32f3xx.o(.rodata.AHBPrescTable)
    APBPrescTable                            0x08008288   Data           8  system_stm32f3xx.o(.rodata.APBPrescTable)
    aPLLMULFactorTable                       0x08008290   Data          16  stm32f3xx_hal_rcc.o(.rodata.aPLLMULFactorTable)
    aPredivFactorTable                       0x080082a0   Data          16  stm32f3xx_hal_rcc.o(.rodata.aPredivFactorTable)
    Region$$Table$$Base                      0x080082b0   Number         0  anon$$obj.o(Region$$Table)
    Region$$Table$$Limit                     0x080082d0   Number         0  anon$$obj.o(Region$$Table)
    SystemCoreClock                          0x20000000   Data           4  system_stm32f3xx.o(.data.SystemCoreClock)
    uwTickFreq                               0x20000004   Data           1  stm32f3xx_hal.o(.data.uwTickFreq)
    uwTickPrio                               0x20000008   Data           4  stm32f3xx_hal.o(.data.uwTickPrio)
    __libspace_start                         0x20000010   Data          96  libspace.o(.bss)
    D                                        0x20000070   Data           4  mano.o(.bss.D)
    __temporary_stack_top$libspace           0x20000070   Data           0  libspace.o(.bss)
    MX1                                      0x20000080   Data           4  mano.o(.bss.MX1)
    MX2                                      0x20000084   Data           4  mano.o(.bss.MX2)
    MY1                                      0x20000088   Data           4  mano.o(.bss.MY1)
    MY2                                      0x2000008c   Data           4  mano.o(.bss.MY2)
    MZ1                                      0x20000090   Data           4  mano.o(.bss.MZ1)
    MZ2                                      0x20000094   Data           4  mano.o(.bss.MZ2)
    accX                                     0x20000098   Data           4  mano.o(.bss.accX)
    accX_temp                                0x2000009c   Data           2  mano.o(.bss.accX_temp)
    accY                                     0x200000a0   Data           4  mano.o(.bss.accY)
    accY_temp                                0x200000a4   Data           2  mano.o(.bss.accY_temp)
    accZ                                     0x200000a8   Data           4  mano.o(.bss.accZ)
    accZ_temp                                0x200000ac   Data           2  mano.o(.bss.accZ_temp)
    calibrationValue                         0x200000b0   Data           4  mano.o(.bss.calibrationValue)
    compassRotation                          0x200000b4   Data           4  main.o(.bss.compassRotation)
    hi2c1                                    0x200000b8   Data          76  main.o(.bss.hi2c1)
    hi2c2                                    0x20000104   Data          76  main.o(.bss.hi2c2)
    hpcd_USB_FS                              0x20000150   Data         748  main.o(.bss.hpcd_USB_FS)
    htim3                                    0x2000043c   Data          76  main.o(.bss.htim3)
    huart4                                   0x20000488   Data         132  main.o(.bss.huart4)
    nuskaitymuSkaicius                       0x2000050c   Data           4  main.o(.bss.nuskaitymuSkaicius)
    nuskaitymu_skaicius                      0x20000510   Data           4  mano.o(.bss.nuskaitymu_skaicius)
    pFlash                                   0x20000518   Data          32  stm32f3xx_hal_flash.o(.bss.pFlash)
    pitch                                    0x20000538   Data           4  mano.o(.bss.pitch)
    rawX                                     0x2000053c   Data           4  mano.o(.bss.rawX)
    rawX_temp                                0x20000540   Data           2  mano.o(.bss.rawX_temp)
    rawY                                     0x20000544   Data           4  mano.o(.bss.rawY)
    rawY_temp                                0x20000548   Data           2  mano.o(.bss.rawY_temp)
    rawZ                                     0x2000054c   Data           4  mano.o(.bss.rawZ)
    rawZ_temp                                0x20000550   Data           2  mano.o(.bss.rawZ_temp)
    receiveData                              0x20000552   Data           6  mano.o(.bss.receiveData)
    receiveUARTData                          0x20000558   Data           6  main.o(.bss.receiveUARTData)
    received_calibration                     0x2000055e   Data           2  main.o(.bss.received_calibration)
    roll                                     0x20000560   Data           4  mano.o(.bss.roll)
    sendData                                 0x20000564   Data           3  mano.o(.bss.sendData)
    status                                   0x20000567   Data           1  mano.o(.bss.status)
    uwTick                                   0x20000568   Data           4  stm32f3xx_hal.o(.bss.uwTick)



==============================================================================

Memory Map of the image

  Image Entry point : 0x08000189

  Load Region LR_IROM1 (Base: 0x08000000, Size: 0x000082e0, Max: 0x00040000, ABSOLUTE)

    Execution Region ER_IROM1 (Exec base: 0x08000000, Load base: 0x08000000, Size: 0x000082d0, Max: 0x00040000, ABSOLUTE)

    Exec Addr    Load Addr    Size         Type   Attr      Idx    E Section Name        Object

    0x08000000   0x08000000   0x00000188   Data   RO            3    RESET               startup_stm32f303xc.o
    0x08000188   0x08000188   0x00000008   Code   RO         1496  * !!!main             c_w.l(__main.o)
    0x08000190   0x08000190   0x00000034   Code   RO         1968    !!!scatter          c_w.l(__scatter.o)
    0x080001c4   0x080001c4   0x0000001a   Code   RO         1970    !!handler_copy      c_w.l(__scatter_copy.o)
    0x080001de   0x080001de   0x00000002   PAD
    0x080001e0   0x080001e0   0x0000001c   Code   RO         1972    !!handler_zi        c_w.l(__scatter_zi.o)
    0x080001fc   0x080001fc   0x00000002   Code   RO         1822    .ARM.Collect$$libinit$$00000000  c_w.l(libinit.o)
    0x080001fe   0x080001fe   0x00000004   Code   RO         1840    .ARM.Collect$$libinit$$00000001  c_w.l(libinit2.o)
    0x08000202   0x08000202   0x00000000   Code   RO         1843    .ARM.Collect$$libinit$$00000004  c_w.l(libinit2.o)
    0x08000202   0x08000202   0x00000000   Code   RO         1845    .ARM.Collect$$libinit$$00000006  c_w.l(libinit2.o)
    0x08000202   0x08000202   0x00000000   Code   RO         1848    .ARM.Collect$$libinit$$0000000C  c_w.l(libinit2.o)
    0x08000202   0x08000202   0x00000000   Code   RO         1850    .ARM.Collect$$libinit$$0000000E  c_w.l(libinit2.o)
    0x08000202   0x08000202   0x00000000   Code   RO         1852    .ARM.Collect$$libinit$$00000010  c_w.l(libinit2.o)
    0x08000202   0x08000202   0x00000000   Code   RO         1855    .ARM.Collect$$libinit$$00000013  c_w.l(libinit2.o)
    0x08000202   0x08000202   0x00000000   Code   RO         1857    .ARM.Collect$$libinit$$00000015  c_w.l(libinit2.o)
    0x08000202   0x08000202   0x00000000   Code   RO         1859    .ARM.Collect$$libinit$$00000017  c_w.l(libinit2.o)
    0x08000202   0x08000202   0x00000000   Code   RO         1861    .ARM.Collect$$libinit$$00000019  c_w.l(libinit2.o)
    0x08000202   0x08000202   0x00000000   Code   RO         1863    .ARM.Collect$$libinit$$0000001B  c_w.l(libinit2.o)
    0x08000202   0x08000202   0x00000000   Code   RO         1865    .ARM.Collect$$libinit$$0000001D  c_w.l(libinit2.o)
    0x08000202   0x08000202   0x00000000   Code   RO         1867    .ARM.Collect$$libinit$$0000001F  c_w.l(libinit2.o)
    0x08000202   0x08000202   0x00000000   Code   RO         1869    .ARM.Collect$$libinit$$00000021  c_w.l(libinit2.o)
    0x08000202   0x08000202   0x00000000   Code   RO         1871    .ARM.Collect$$libinit$$00000023  c_w.l(libinit2.o)
    0x08000202   0x08000202   0x00000000   Code   RO         1873    .ARM.Collect$$libinit$$00000025  c_w.l(libinit2.o)
    0x08000202   0x08000202   0x00000000   Code   RO         1875    .ARM.Collect$$libinit$$00000027  c_w.l(libinit2.o)
    0x08000202   0x08000202   0x00000000   Code   RO         1879    .ARM.Collect$$libinit$$0000002E  c_w.l(libinit2.o)
    0x08000202   0x08000202   0x00000000   Code   RO         1881    .ARM.Collect$$libinit$$00000030  c_w.l(libinit2.o)
    0x08000202   0x08000202   0x00000000   Code   RO         1883    .ARM.Collect$$libinit$$00000032  c_w.l(libinit2.o)
    0x08000202   0x08000202   0x00000000   Code   RO         1885    .ARM.Collect$$libinit$$00000034  c_w.l(libinit2.o)
    0x08000202   0x08000202   0x00000002   Code   RO         1886    .ARM.Collect$$libinit$$00000035  c_w.l(libinit2.o)
    0x08000204   0x08000204   0x00000002   Code   RO         1923    .ARM.Collect$$libshutdown$$00000000  c_w.l(libshutdown.o)
    0x08000206   0x08000206   0x00000000   Code   RO         1951    .ARM.Collect$$libshutdown$$00000002  c_w.l(libshutdown2.o)
    0x08000206   0x08000206   0x00000000   Code   RO         1953    .ARM.Collect$$libshutdown$$00000004  c_w.l(libshutdown2.o)
    0x08000206   0x08000206   0x00000000   Code   RO         1956    .ARM.Collect$$libshutdown$$00000007  c_w.l(libshutdown2.o)
    0x08000206   0x08000206   0x00000000   Code   RO         1959    .ARM.Collect$$libshutdown$$0000000A  c_w.l(libshutdown2.o)
    0x08000206   0x08000206   0x00000000   Code   RO         1961    .ARM.Collect$$libshutdown$$0000000C  c_w.l(libshutdown2.o)
    0x08000206   0x08000206   0x00000000   Code   RO         1964    .ARM.Collect$$libshutdown$$0000000F  c_w.l(libshutdown2.o)
    0x08000206   0x08000206   0x00000002   Code   RO         1965    .ARM.Collect$$libshutdown$$00000010  c_w.l(libshutdown2.o)
    0x08000208   0x08000208   0x00000000   Code   RO         1543    .ARM.Collect$$rtentry$$00000000  c_w.l(__rtentry.o)
    0x08000208   0x08000208   0x00000000   Code   RO         1716    .ARM.Collect$$rtentry$$00000002  c_w.l(__rtentry2.o)
    0x08000208   0x08000208   0x00000006   Code   RO         1728    .ARM.Collect$$rtentry$$00000004  c_w.l(__rtentry4.o)
    0x0800020e   0x0800020e   0x00000000   Code   RO         1718    .ARM.Collect$$rtentry$$00000009  c_w.l(__rtentry2.o)
    0x0800020e   0x0800020e   0x00000004   Code   RO         1719    .ARM.Collect$$rtentry$$0000000A  c_w.l(__rtentry2.o)
    0x08000212   0x08000212   0x00000000   Code   RO         1721    .ARM.Collect$$rtentry$$0000000C  c_w.l(__rtentry2.o)
    0x08000212   0x08000212   0x00000008   Code   RO         1722    .ARM.Collect$$rtentry$$0000000D  c_w.l(__rtentry2.o)
    0x0800021a   0x0800021a   0x00000002   Code   RO         1825    .ARM.Collect$$rtexit$$00000000  c_w.l(rtexit.o)
    0x0800021c   0x0800021c   0x00000000   Code   RO         1892    .ARM.Collect$$rtexit$$00000002  c_w.l(rtexit2.o)
    0x0800021c   0x0800021c   0x00000004   Code   RO         1893    .ARM.Collect$$rtexit$$00000003  c_w.l(rtexit2.o)
    0x08000220   0x08000220   0x00000006   Code   RO         1894    .ARM.Collect$$rtexit$$00000004  c_w.l(rtexit2.o)
    0x08000226   0x08000226   0x00000002   PAD
    0x08000228   0x08000228   0x00000040   Code   RO            4    .text               startup_stm32f303xc.o
    0x08000268   0x08000268   0x000000f0   Code   RO         1482    .text               c_w.l(lludivv7m.o)
    0x08000358   0x08000358   0x0000004e   Code   RO         1492    .text               c_w.l(rt_memclr_w.o)
    0x080003a6   0x080003a6   0x00000006   Code   RO         1494    .text               c_w.l(heapauxi.o)
    0x080003ac   0x080003ac   0x00000016   Code   RO         1548    .text               c_w.l(_rserrno.o)
    0x080003c2   0x080003c2   0x00000002   PAD
    0x080003c4   0x080003c4   0x00000008   Code   RO         1735    .text               c_w.l(rt_errno_addr_intlibspace.o)
    0x080003cc   0x080003cc   0x00000008   Code   RO         1767    .text               c_w.l(libspace.o)
    0x080003d4   0x080003d4   0x0000004a   Code   RO         1770    .text               c_w.l(sys_stackheap_outer.o)
    0x0800041e   0x0800041e   0x00000012   Code   RO         1811    .text               c_w.l(exit.o)
    0x08000430   0x08000430   0x0000000c   Code   RO         1887    .text               c_w.l(sys_exit.o)
    0x0800043c   0x0800043c   0x00000002   Code   RO         1912    .text               c_w.l(use_no_semi.o)
    0x0800043e   0x0800043e   0x00000000   Code   RO         1914    .text               c_w.l(indicate_semi.o)
    0x0800043e   0x0800043e   0x00000002   PAD
    0x08000440   0x08000440   0x00000004   Code   RO          192    .text.BusFault_Handler  stm32f3xx_it.o
    0x08000444   0x08000444   0x00000004   PAD
    0x08000448   0x08000448   0x00000648   Code   RO           15    .text.Calculate_compass_data  mano.o
    0x08000a90   0x08000a90   0x00000002   Code   RO          198    .text.DebugMon_Handler  stm32f3xx_it.o
    0x08000a92   0x08000a92   0x00000002   PAD
    0x08000a94   0x08000a94   0x0000000e   Code   RO          167    .text.Error_Handler  main.o
    0x08000aa2   0x08000aa2   0x00000002   PAD
    0x08000aa4   0x08000aa4   0x00000026   Code   RO          801    .text.FLASH_MassErase  stm32f3xx_hal_flash_ex.o
    0x08000aca   0x08000aca   0x00000002   PAD
    0x08000acc   0x08000acc   0x00000038   Code   RO          803    .text.FLASH_PageErase  stm32f3xx_hal_flash_ex.o
    0x08000b04   0x08000b04   0x00000030   Code   RO          767    .text.FLASH_Program_HalfWord  stm32f3xx_hal_flash.o
    0x08000b34   0x08000b34   0x0000006e   Code   RO          773    .text.FLASH_SetErrorCode  stm32f3xx_hal_flash.o
    0x08000ba2   0x08000ba2   0x00000002   PAD
    0x08000ba4   0x08000ba4   0x000000aa   Code   RO          765    .text.FLASH_WaitForLastOperation  stm32f3xx_hal_flash.o
    0x08000c4e   0x08000c4e   0x00000002   PAD
    0x08000c50   0x08000c50   0x00000036   Code   RO           25    .text.Flash_Read_Data  mano.o
    0x08000c86   0x08000c86   0x00000002   PAD
    0x08000c88   0x08000c88   0x000000a6   Code   RO           29    .text.Flash_Write_Data  mano.o
    0x08000d2e   0x08000d2e   0x00000002   PAD
    0x08000d30   0x08000d30   0x000001ee   Code   RO           13    .text.Get_Compass_Data  mano.o
    0x08000f1e   0x08000f1e   0x00000002   PAD
    0x08000f20   0x08000f20   0x00000074   Code   RO          621    .text.HAL_DMA_Abort  stm32f3xx_hal_dma.o
    0x08000f94   0x08000f94   0x00000078   Code   RO          623    .text.HAL_DMA_Abort_IT  stm32f3xx_hal_dma.o
    0x0800100c   0x0800100c   0x00000108   Code   RO          799    .text.HAL_FLASHEx_Erase  stm32f3xx_hal_flash_ex.o
    0x08001114   0x08001114   0x0000000c   Code   RO          789    .text.HAL_FLASH_GetError  stm32f3xx_hal_flash.o
    0x08001120   0x08001120   0x00000014   Code   RO          781    .text.HAL_FLASH_Lock  stm32f3xx_hal_flash.o
    0x08001134   0x08001134   0x0000012c   Code   RO          763    .text.HAL_FLASH_Program  stm32f3xx_hal_flash.o
    0x08001260   0x08001260   0x0000005a   Code   RO          779    .text.HAL_FLASH_Unlock  stm32f3xx_hal_flash.o
    0x080012ba   0x080012ba   0x00000002   PAD
    0x080012bc   0x080012bc   0x0000034c   Code   RO          586    .text.HAL_GPIO_Init  stm32f3xx_hal_gpio.o
    0x08001608   0x08001608   0x0000002c   Code   RO          592    .text.HAL_GPIO_WritePin  stm32f3xx_hal_gpio.o
    0x08001634   0x08001634   0x0000000c   Code   RO          485    .text.HAL_GetTick   stm32f3xx_hal.o
    0x08001640   0x08001640   0x00000098   Code   RO          454    .text.HAL_I2CEx_ConfigAnalogFilter  stm32f3xx_hal_i2c_ex.o
    0x080016d8   0x080016d8   0x000000a2   Code   RO          456    .text.HAL_I2CEx_ConfigDigitalFilter  stm32f3xx_hal_i2c_ex.o
    0x0800177a   0x0800177a   0x00000002   PAD
    0x0800177c   0x0800177c   0x0000002e   Code   RO          397    .text.HAL_I2C_EV_IRQHandler  stm32f3xx_hal_i2c.o
    0x080017aa   0x080017aa   0x00000002   PAD
    0x080017ac   0x080017ac   0x00000104   Code   RO          289    .text.HAL_I2C_Init  stm32f3xx_hal_i2c.o
    0x080018b0   0x080018b0   0x0000021c   Code   RO          307    .text.HAL_I2C_Master_Receive  stm32f3xx_hal_i2c.o
    0x08001acc   0x08001acc   0x0000021a   Code   RO          297    .text.HAL_I2C_Master_Transmit  stm32f3xx_hal_i2c.o
    0x08001ce6   0x08001ce6   0x00000002   PAD
    0x08001ce8   0x08001ce8   0x0000011e   Code   RO          221    .text.HAL_I2C_MspInit  stm32f3xx_hal_msp.o
    0x08001e06   0x08001e06   0x00000002   PAD
    0x08001e08   0x08001e08   0x0000001a   Code   RO          483    .text.HAL_IncTick   stm32f3xx_hal.o
    0x08001e22   0x08001e22   0x00000002   PAD
    0x08001e24   0x08001e24   0x0000002c   Code   RO          473    .text.HAL_Init      stm32f3xx_hal.o
    0x08001e50   0x08001e50   0x00000070   Code   RO          475    .text.HAL_InitTick  stm32f3xx_hal.o
    0x08001ec0   0x08001ec0   0x0000004a   Code   RO          219    .text.HAL_MspInit   stm32f3xx_hal_msp.o
    0x08001f0a   0x08001f0a   0x00000002   PAD
    0x08001f0c   0x08001f0c   0x00000014   Code   RO          656    .text.HAL_NVIC_EnableIRQ  stm32f3xx_hal_cortex.o
    0x08001f20   0x08001f20   0x00000032   Code   RO          648    .text.HAL_NVIC_SetPriority  stm32f3xx_hal_cortex.o
    0x08001f52   0x08001f52   0x00000002   PAD
    0x08001f54   0x08001f54   0x00000010   Code   RO          644    .text.HAL_NVIC_SetPriorityGrouping  stm32f3xx_hal_cortex.o
    0x08001f64   0x08001f64   0x000001d2   Code   RO         1373    .text.HAL_PCD_Init  stm32f3xx_hal_pcd.o
    0x08002136   0x08002136   0x00000002   PAD
    0x08002138   0x08002138   0x00000086   Code   RO          233    .text.HAL_PCD_MspInit  stm32f3xx_hal_msp.o
    0x080021be   0x080021be   0x00000002   PAD
    0x080021c0   0x080021c0   0x00000032   Code   RO          725    .text.HAL_PWR_EnterSLEEPMode  stm32f3xx_hal_pwr.o
    0x080021f2   0x080021f2   0x00000002   PAD
    0x080021f4   0x080021f4   0x000003a0   Code   RO          570    .text.HAL_RCCEx_PeriphCLKConfig  stm32f3xx_hal_rcc_ex.o
    0x08002594   0x08002594   0x0000030a   Code   RO          537    .text.HAL_RCC_ClockConfig  stm32f3xx_hal_rcc.o
    0x0800289e   0x0800289e   0x00000002   PAD
    0x080028a0   0x080028a0   0x0000000c   Code   RO          547    .text.HAL_RCC_GetHCLKFreq  stm32f3xx_hal_rcc.o
    0x080028ac   0x080028ac   0x00000022   Code   RO          549    .text.HAL_RCC_GetPCLK1Freq  stm32f3xx_hal_rcc.o
    0x080028ce   0x080028ce   0x00000002   PAD
    0x080028d0   0x080028d0   0x00000022   Code   RO          551    .text.HAL_RCC_GetPCLK2Freq  stm32f3xx_hal_rcc.o
    0x080028f2   0x080028f2   0x00000002   PAD
    0x080028f4   0x080028f4   0x000000c2   Code   RO          539    .text.HAL_RCC_GetSysClockFreq  stm32f3xx_hal_rcc.o
    0x080029b6   0x080029b6   0x00000002   PAD
    0x080029b8   0x080029b8   0x00000a6e   Code   RO          535    .text.HAL_RCC_OscConfig  stm32f3xx_hal_rcc.o
    0x08003426   0x08003426   0x00000002   PAD
    0x08003428   0x08003428   0x00000012   Code   RO          497    .text.HAL_ResumeTick  stm32f3xx_hal.o
    0x0800343a   0x0800343a   0x00000002   PAD
    0x0800343c   0x0800343c   0x00000010   Code   RO          668    .text.HAL_SYSTICK_Config  stm32f3xx_hal_cortex.o
    0x0800344c   0x0800344c   0x00000012   Code   RO          495    .text.HAL_SuspendTick  stm32f3xx_hal.o
    0x0800345e   0x0800345e   0x00000002   PAD
    0x08003460   0x08003460   0x00000008   Code   RO         1194    .text.HAL_TIMEx_Break2Callback  stm32f3xx_hal_tim_ex.o
    0x08003468   0x08003468   0x00000008   Code   RO         1192    .text.HAL_TIMEx_BreakCallback  stm32f3xx_hal_tim_ex.o
    0x08003470   0x08003470   0x00000008   Code   RO         1188    .text.HAL_TIMEx_CommutCallback  stm32f3xx_hal_tim_ex.o
    0x08003478   0x08003478   0x00000138   Code   RO         1180    .text.HAL_TIMEx_MasterConfigSynchronization  stm32f3xx_hal_tim_ex.o
    0x080035b0   0x080035b0   0x000000a8   Code   RO          863    .text.HAL_TIM_Base_Init  stm32f3xx_hal_tim.o
    0x08003658   0x08003658   0x0000004e   Code   RO          225    .text.HAL_TIM_Base_MspInit  stm32f3xx_hal_msp.o
    0x080036a6   0x080036a6   0x00000002   PAD
    0x080036a8   0x080036a8   0x000000e2   Code   RO          877    .text.HAL_TIM_Base_Start_IT  stm32f3xx_hal_tim.o
    0x0800378a   0x0800378a   0x00000002   PAD
    0x0800378c   0x0800378c   0x0000018a   Code   RO         1059    .text.HAL_TIM_ConfigClockSource  stm32f3xx_hal_tim.o
    0x08003916   0x08003916   0x00000002   PAD
    0x08003918   0x08003918   0x00000008   Code   RO          999    .text.HAL_TIM_IC_CaptureCallback  stm32f3xx_hal_tim.o
    0x08003920   0x08003920   0x000002b4   Code   RO          997    .text.HAL_TIM_IRQHandler  stm32f3xx_hal_tim.o
    0x08003bd4   0x08003bd4   0x00000008   Code   RO         1001    .text.HAL_TIM_OC_DelayElapsedCallback  stm32f3xx_hal_tim.o
    0x08003bdc   0x08003bdc   0x00000008   Code   RO         1003    .text.HAL_TIM_PWM_PulseFinishedCallback  stm32f3xx_hal_tim.o
    0x08003be4   0x08003be4   0x0000005a   Code   RO          145    .text.HAL_TIM_PeriodElapsedCallback  main.o
    0x08003c3e   0x08003c3e   0x00000002   PAD
    0x08003c40   0x08003c40   0x00000008   Code   RO         1007    .text.HAL_TIM_TriggerCallback  stm32f3xx_hal_tim.o
    0x08003c48   0x08003c48   0x0000000c   Code   RO         1297    .text.HAL_UARTEx_RxEventCallback  stm32f3xx_hal_uart.o
    0x08003c54   0x08003c54   0x00000008   Code   RO         1348    .text.HAL_UARTEx_WakeupCallback  stm32f3xx_hal_uart_ex.o
    0x08003c5c   0x08003c5c   0x00000008   Code   RO         1295    .text.HAL_UART_ErrorCallback  stm32f3xx_hal_uart.o
    0x08003c64   0x08003c64   0x000004cc   Code   RO         1291    .text.HAL_UART_IRQHandler  stm32f3xx_hal_uart.o
    0x08004130   0x08004130   0x000000a6   Code   RO         1207    .text.HAL_UART_Init  stm32f3xx_hal_uart.o
    0x080041d6   0x080041d6   0x00000002   PAD
    0x080041d8   0x080041d8   0x0000009e   Code   RO          229    .text.HAL_UART_MspInit  stm32f3xx_hal_msp.o
    0x08004276   0x08004276   0x00000002   PAD
    0x08004278   0x08004278   0x000000ac   Code   RO         1239    .text.HAL_UART_Receive_IT  stm32f3xx_hal_uart.o
    0x08004324   0x08004324   0x00000044   Code   RO          147    .text.HAL_UART_RxCpltCallback  main.o
    0x08004368   0x08004368   0x00000150   Code   RO         1227    .text.HAL_UART_Transmit  stm32f3xx_hal_uart.o
    0x080044b8   0x080044b8   0x000000f2   Code   RO         1233    .text.HAL_UART_Transmit_IT  stm32f3xx_hal_uart.o
    0x080045aa   0x080045aa   0x00000002   PAD
    0x080045ac   0x080045ac   0x0000000e   Code   RO          149    .text.HAL_UART_TxCpltCallback  main.o
    0x080045ba   0x080045ba   0x00000002   PAD
    0x080045bc   0x080045bc   0x00000004   Code   RO          188    .text.HardFault_Handler  stm32f3xx_it.o
    0x080045c0   0x080045c0   0x00000010   Code   RO          206    .text.I2C1_EV_IRQHandler  stm32f3xx_it.o
    0x080045d0   0x080045d0   0x00000010   Code   RO          208    .text.I2C2_EV_IRQHandler  stm32f3xx_it.o
    0x080045e0   0x080045e0   0x00000040   Code   RO          429    .text.I2C_Flush_TXDR  stm32f3xx_hal_i2c.o
    0x08004620   0x08004620   0x000000aa   Code   RO           11    .text.I2C_Init      mano.o
    0x080046ca   0x080046ca   0x00000002   PAD
    0x080046cc   0x080046cc   0x0000010c   Code   RO          445    .text.I2C_IsAcknowledgeFailed  stm32f3xx_hal_i2c.o
    0x080047d8   0x080047d8   0x0000004a   Code   RO          301    .text.I2C_TransferConfig  stm32f3xx_hal_i2c.o
    0x08004822   0x08004822   0x00000002   PAD
    0x08004824   0x08004824   0x00000090   Code   RO          299    .text.I2C_WaitOnFlagUntilTimeout  stm32f3xx_hal_i2c.o
    0x080048b4   0x080048b4   0x000000fc   Code   RO          309    .text.I2C_WaitOnRXNEFlagUntilTimeout  stm32f3xx_hal_i2c.o
    0x080049b0   0x080049b0   0x0000008c   Code   RO          305    .text.I2C_WaitOnSTOPFlagUntilTimeout  stm32f3xx_hal_i2c.o
    0x08004a3c   0x08004a3c   0x00000096   Code   RO          303    .text.I2C_WaitOnTXISFlagUntilTimeout  stm32f3xx_hal_i2c.o
    0x08004ad2   0x08004ad2   0x00000002   PAD
    0x08004ad4   0x08004ad4   0x000000f4   Code   RO          155    .text.MX_GPIO_Init  main.o
    0x08004bc8   0x08004bc8   0x00000076   Code   RO          157    .text.MX_I2C1_Init  main.o
    0x08004c3e   0x08004c3e   0x00000002   PAD
    0x08004c40   0x08004c40   0x00000072   Code   RO          161    .text.MX_I2C2_Init  main.o
    0x08004cb2   0x08004cb2   0x00000002   PAD
    0x08004cb4   0x08004cb4   0x00000086   Code   RO          163    .text.MX_TIM3_Init  main.o
    0x08004d3a   0x08004d3a   0x00000002   PAD
    0x08004d3c   0x08004d3c   0x00000044   Code   RO          159    .text.MX_UART4_Init  main.o
    0x08004d80   0x08004d80   0x00000034   Code   RO          165    .text.MX_USB_PCD_Init  main.o
    0x08004db4   0x08004db4   0x00000004   Code   RO          190    .text.MemManage_Handler  stm32f3xx_it.o
    0x08004db8   0x08004db8   0x00000004   Code   RO          186    .text.NMI_Handler   stm32f3xx_it.o
    0x08004dbc   0x08004dbc   0x0000006c   Code   RO          654    .text.NVIC_EncodePriority  stm32f3xx_hal_cortex.o
    0x08004e28   0x08004e28   0x00000002   Code   RO          200    .text.PendSV_Handler  stm32f3xx_it.o
    0x08004e2a   0x08004e2a   0x00000002   PAD
    0x08004e2c   0x08004e2c   0x00000026   Code   RO           23    .text.Read_Calibration  mano.o
    0x08004e52   0x08004e52   0x00000002   PAD
    0x08004e54   0x08004e54   0x00000002   Code   RO          196    .text.SVC_Handler   stm32f3xx_it.o
    0x08004e56   0x08004e56   0x00000002   PAD
    0x08004e58   0x08004e58   0x00000052   Code   RO          670    .text.SysTick_Config  stm32f3xx_hal_cortex.o
    0x08004eaa   0x08004eaa   0x00000002   PAD
    0x08004eac   0x08004eac   0x00000008   Code   RO          202    .text.SysTick_Handler  stm32f3xx_it.o
    0x08004eb4   0x08004eb4   0x000000aa   Code   RO          153    .text.SystemClock_Config  main.o
    0x08004f5e   0x08004f5e   0x00000002   PAD
    0x08004f60   0x08004f60   0x00000012   Code   RO         1467    .text.SystemInit    system_stm32f3xx.o
    0x08004f72   0x08004f72   0x00000002   PAD
    0x08004f74   0x08004f74   0x00000010   Code   RO          204    .text.TIM3_IRQHandler  stm32f3xx_it.o
    0x08004f84   0x08004f84   0x00000180   Code   RO          867    .text.TIM_Base_SetConfig  stm32f3xx_hal_tim.o
    0x08005104   0x08005104   0x00000034   Code   RO         1057    .text.TIM_ETR_SetConfig  stm32f3xx_hal_tim.o
    0x08005138   0x08005138   0x0000002a   Code   RO         1063    .text.TIM_ITRx_SetConfig  stm32f3xx_hal_tim.o
    0x08005162   0x08005162   0x00000002   PAD
    0x08005164   0x08005164   0x00000050   Code   RO         1061    .text.TIM_TI1_ConfigInputStage  stm32f3xx_hal_tim.o
    0x080051b4   0x080051b4   0x00000052   Code   RO         1065    .text.TIM_TI2_ConfigInputStage  stm32f3xx_hal_tim.o
    0x08005206   0x08005206   0x00000002   PAD
    0x08005208   0x08005208   0x00000010   Code   RO          210    .text.UART4_IRQHandler  stm32f3xx_it.o
    0x08005218   0x08005218   0x00000148   Code   RO         1213    .text.UART_AdvFeatureConfig  stm32f3xx_hal_uart.o
    0x08005360   0x08005360   0x000000a4   Code   RO         1215    .text.UART_CheckIdleState  stm32f3xx_hal_uart.o
    0x08005404   0x08005404   0x00000024   Code   RO         1293    .text.UART_DMAAbortOnError  stm32f3xx_hal_uart.o
    0x08005428   0x08005428   0x00000096   Code   RO         1263    .text.UART_EndRxTransfer  stm32f3xx_hal_uart.o
    0x080054be   0x080054be   0x00000002   PAD
    0x080054c0   0x080054c0   0x00000042   Code   RO         1299    .text.UART_EndTransmit_IT  stm32f3xx_hal_uart.o
    0x08005502   0x08005502   0x00000002   PAD
    0x08005504   0x08005504   0x00000130   Code   RO         1331    .text.UART_RxISR_16BIT  stm32f3xx_hal_uart.o
    0x08005634   0x08005634   0x0000012c   Code   RO         1333    .text.UART_RxISR_8BIT  stm32f3xx_hal_uart.o
    0x08005760   0x08005760   0x000003fe   Code   RO         1211    .text.UART_SetConfig  stm32f3xx_hal_uart.o
    0x08005b5e   0x08005b5e   0x00000002   PAD
    0x08005b60   0x08005b60   0x00000128   Code   RO         1241    .text.UART_Start_Receive_IT  stm32f3xx_hal_uart.o
    0x08005c88   0x08005c88   0x00000096   Code   RO         1235    .text.UART_TxISR_16BIT  stm32f3xx_hal_uart.o
    0x08005d1e   0x08005d1e   0x00000002   PAD
    0x08005d20   0x08005d20   0x0000008c   Code   RO         1237    .text.UART_TxISR_8BIT  stm32f3xx_hal_uart.o
    0x08005dac   0x08005dac   0x00000170   Code   RO         1229    .text.UART_WaitOnFlagUntilTimeout  stm32f3xx_hal_uart.o
    0x08005f1c   0x08005f1c   0x00000048   Code   RO          252    .text.USB_DevInit   stm32f3xx_ll_usb.o
    0x08005f64   0x08005f64   0x0000001e   Code   RO          248    .text.USB_DisableGlobalInt  stm32f3xx_ll_usb.o
    0x08005f82   0x08005f82   0x00000002   PAD
    0x08005f84   0x08005f84   0x00000024   Code   RO           27    .text.Update_Calibration  mano.o
    0x08005fa8   0x08005fa8   0x0000003a   Code   RO           21    .text.Update_PC_Calibration  mano.o
    0x08005fe2   0x08005fe2   0x00000002   PAD
    0x08005fe4   0x08005fe4   0x0000002e   Code   RO           19    .text.Update_PC_Heading  mano.o
    0x08006012   0x08006012   0x00000002   PAD
    0x08006014   0x08006014   0x00000004   Code   RO          194    .text.UsageFault_Handler  stm32f3xx_it.o
    0x08006018   0x08006018   0x00000030   Code   RO          658    .text.__NVIC_EnableIRQ  stm32f3xx_hal_cortex.o
    0x08006048   0x08006048   0x00000010   Code   RO          650    .text.__NVIC_GetPriorityGrouping  stm32f3xx_hal_cortex.o
    0x08006058   0x08006058   0x00000042   Code   RO          652    .text.__NVIC_SetPriority  stm32f3xx_hal_cortex.o
    0x0800609a   0x0800609a   0x00000002   PAD
    0x0800609c   0x0800609c   0x0000003c   Code   RO          646    .text.__NVIC_SetPriorityGrouping  stm32f3xx_hal_cortex.o
    0x080060d8   0x080060d8   0x00000066   Code   RO          151    .text.main          main.o
    0x0800613e   0x0800613e   0x00000030   Code   RO         1696    i.__ARM_fpclassify  m_wm.l(fpclassify.o)
    0x0800616e   0x0800616e   0x00000002   PAD
    0x08006170   0x08006170   0x00000360   Code   RO         1518    i.__hardfp_asin     m_wm.l(asin.o)
    0x080064d0   0x080064d0   0x000002d8   Code   RO         1666    i.__hardfp_atan     m_wm.l(atan.o)
    0x080067a8   0x080067a8   0x00000200   Code   RO         1525    i.__hardfp_atan2    m_wm.l(atan2.o)
    0x080069a8   0x080069a8   0x000000c8   Code   RO         1531    i.__hardfp_cos      m_wm.l(cos.o)
    0x08006a70   0x08006a70   0x000000c8   Code   RO         1537    i.__hardfp_sin      m_wm.l(sin.o)
    0x08006b38   0x08006b38   0x00000438   Code   RO         1701    i.__ieee754_rem_pio2  m_wm.l(rred.o)
    0x08006f70   0x08006f70   0x00000170   Code   RO         1673    i.__kernel_cos      m_wm.l(cos_i.o)
    0x080070e0   0x080070e0   0x000000f8   Code   RO         1698    i.__kernel_poly     m_wm.l(poly.o)
    0x080071d8   0x080071d8   0x00000130   Code   RO         1706    i.__kernel_sin      m_wm.l(sin_i.o)
    0x08007308   0x08007308   0x00000014   Code   RO         1677    i.__mathlib_dbl_infnan  m_wm.l(dunder.o)
    0x0800731c   0x0800731c   0x00000014   Code   RO         1678    i.__mathlib_dbl_infnan2  m_wm.l(dunder.o)
    0x08007330   0x08007330   0x00000020   Code   RO         1679    i.__mathlib_dbl_invalid  m_wm.l(dunder.o)
    0x08007350   0x08007350   0x00000020   Code   RO         1682    i.__mathlib_dbl_underflow  m_wm.l(dunder.o)
    0x08007370   0x08007370   0x00000010   Code   RO         1668    i.atan              m_wm.l(atan.o)
    0x08007380   0x08007380   0x00000018   Code   RO         1692    i.fabs              m_wm.l(fabs.o)
    0x08007398   0x08007398   0x0000006e   Code   RO         1711    i.sqrt              m_wm.l(sqrt.o)
    0x08007406   0x08007406   0x00000018   Code   RO         1645    x$fpl$basic         fz_wm.l(basic.o)
    0x0800741e   0x0800741e   0x00000002   PAD
    0x08007420   0x08007420   0x00000062   Code   RO         1498    x$fpl$d2f           fz_wm.l(d2f.o)
    0x08007482   0x08007482   0x00000002   PAD
    0x08007484   0x08007484   0x00000150   Code   RO         1500    x$fpl$dadd          fz_wm.l(daddsub_clz.o)
    0x080075d4   0x080075d4   0x00000018   Code   RO         1757    x$fpl$dcmpinf       fz_wm.l(dcmpi.o)
    0x080075ec   0x080075ec   0x000002b4   Code   RO         1507    x$fpl$ddiv          fz_wm.l(ddiv.o)
    0x080078a0   0x080078a0   0x00000078   Code   RO         1647    x$fpl$deqf          fz_wm.l(deqf.o)
    0x08007918   0x08007918   0x0000005e   Code   RO         1510    x$fpl$dfix          fz_wm.l(dfix.o)
    0x08007976   0x08007976   0x0000002e   Code   RO         1760    x$fpl$dflt          fz_wm.l(dflt_clz.o)
    0x080079a4   0x080079a4   0x00000026   Code   RO         1759    x$fpl$dfltu         fz_wm.l(dflt_clz.o)
    0x080079ca   0x080079ca   0x00000002   PAD
    0x080079cc   0x080079cc   0x00000154   Code   RO         1514    x$fpl$dmul          fz_wm.l(dmul.o)
    0x08007b20   0x08007b20   0x0000009c   Code   RO         1649    x$fpl$dnaninf       fz_wm.l(dnaninf.o)
    0x08007bbc   0x08007bbc   0x0000000c   Code   RO         1651    x$fpl$dretinf       fz_wm.l(dretinf.o)
    0x08007bc8   0x08007bc8   0x00000016   Code   RO         1501    x$fpl$drsb          fz_wm.l(daddsub_clz.o)
    0x08007bde   0x08007bde   0x00000002   PAD
    0x08007be0   0x08007be0   0x00000198   Code   RO         1765    x$fpl$dsqrt         fz_wm.l(dsqrt_umaal.o)
    0x08007d78   0x08007d78   0x000001dc   Code   RO         1502    x$fpl$dsub          fz_wm.l(daddsub_clz.o)
    0x08007f54   0x08007f54   0x00000056   Code   RO         1516    x$fpl$f2d           fz_wm.l(f2d.o)
    0x08007faa   0x08007faa   0x0000008c   Code   RO         1653    x$fpl$fnaninf       fz_wm.l(fnaninf.o)
    0x08008036   0x08008036   0x0000001a   Code   RO         1906    x$fpl$fpinit        fz_wm.l(fpinit.o)
    0x08008050   0x08008050   0x0000000a   Code   RO         1655    x$fpl$fretinf       fz_wm.l(fretinf.o)
    0x0800805a   0x0800805a   0x00000000   Code   RO         1665    x$fpl$usenofp       fz_wm.l(usenofp.o)
    0x0800805a   0x0800805a   0x00000006   PAD
    0x08008060   0x08008060   0x00000050   Data   RO         1521    .constdata          m_wm.l(asin.o)
    0x080080b0   0x080080b0   0x00000098   Data   RO         1669    .constdata          m_wm.l(atan.o)
    0x08008148   0x08008148   0x00000030   Data   RO         1674    .constdata          m_wm.l(cos_i.o)
    0x08008178   0x08008178   0x00000008   Data   RO         1700    .constdata          m_wm.l(qnan.o)
    0x08008180   0x08008180   0x000000cc   Data   RO         1703    .constdata          m_wm.l(rred.o)
    0x0800824c   0x0800824c   0x00000004   PAD
    0x08008250   0x08008250   0x00000028   Data   RO         1707    .constdata          m_wm.l(sin_i.o)
    0x08008278   0x08008278   0x00000010   Data   RO         1472    .rodata.AHBPrescTable  system_stm32f3xx.o
    0x08008288   0x08008288   0x00000008   Data   RO         1473    .rodata.APBPrescTable  system_stm32f3xx.o
    0x08008290   0x08008290   0x00000010   Data   RO          561    .rodata.aPLLMULFactorTable  stm32f3xx_hal_rcc.o
    0x080082a0   0x080082a0   0x00000010   Data   RO          562    .rodata.aPredivFactorTable  stm32f3xx_hal_rcc.o
    0x080082b0   0x080082b0   0x00000020   Data   RO         1967    Region$$Table       anon$$obj.o


    Execution Region RW_IRAM2 (Exec base: 0x10000000, Load base: 0x080082e0, Size: 0x00000000, Max: 0x00002000, ABSOLUTE)

    **** No section assigned to this execution region ****


    Execution Region RW_IRAM1 (Exec base: 0x20000000, Load base: 0x080082d0, Size: 0x00000b70, Max: 0x0000a000, ABSOLUTE)

    Exec Addr    Load Addr    Size         Type   Attr      Idx    E Section Name        Object

    0x20000000   0x080082d0   0x00000004   Data   RW         1471    .data.SystemCoreClock  system_stm32f3xx.o
    0x20000004   0x080082d4   0x00000001   Data   RW          524    .data.uwTickFreq    stm32f3xx_hal.o
    0x20000005   0x080082d5   0x00000003   PAD
    0x20000008   0x080082d8   0x00000004   Data   RW          523    .data.uwTickPrio    stm32f3xx_hal.o
    0x2000000c   0x080082dc   0x00000004   PAD
    0x20000010        -       0x00000060   Zero   RW         1768    .bss                c_w.l(libspace.o)
    0x20000070        -       0x00000004   Zero   RW           32    .bss.D              mano.o
    0x20000074        -       0x0000000c   Zero   RW           58    .bss.Flash_Write_Data.EraseInitStruct  mano.o
    0x20000080        -       0x00000004   Zero   RW           51    .bss.MX1            mano.o
    0x20000084        -       0x00000004   Zero   RW           54    .bss.MX2            mano.o
    0x20000088        -       0x00000004   Zero   RW           52    .bss.MY1            mano.o
    0x2000008c        -       0x00000004   Zero   RW           55    .bss.MY2            mano.o
    0x20000090        -       0x00000004   Zero   RW           53    .bss.MZ1            mano.o
    0x20000094        -       0x00000004   Zero   RW           56    .bss.MZ2            mano.o
    0x20000098        -       0x00000004   Zero   RW           46    .bss.accX           mano.o
    0x2000009c        -       0x00000002   Zero   RW           37    .bss.accX_temp      mano.o
    0x2000009e   0x080082dc   0x00000002   PAD
    0x200000a0        -       0x00000004   Zero   RW           47    .bss.accY           mano.o
    0x200000a4        -       0x00000002   Zero   RW           38    .bss.accY_temp      mano.o
    0x200000a6   0x080082dc   0x00000002   PAD
    0x200000a8        -       0x00000004   Zero   RW           48    .bss.accZ           mano.o
    0x200000ac        -       0x00000002   Zero   RW           39    .bss.accZ_temp      mano.o
    0x200000ae   0x080082dc   0x00000002   PAD
    0x200000b0        -       0x00000004   Zero   RW           31    .bss.calibrationValue  mano.o
    0x200000b4        -       0x00000004   Zero   RW          169    .bss.compassRotation  main.o
    0x200000b8        -       0x0000004c   Zero   RW          175    .bss.hi2c1          main.o
    0x20000104        -       0x0000004c   Zero   RW          176    .bss.hi2c2          main.o
    0x20000150        -       0x000002ec   Zero   RW          177    .bss.hpcd_USB_FS    main.o
    0x2000043c        -       0x0000004c   Zero   RW          171    .bss.htim3          main.o
    0x20000488        -       0x00000084   Zero   RW          174    .bss.huart4         main.o
    0x2000050c        -       0x00000004   Zero   RW          170    .bss.nuskaitymuSkaicius  main.o
    0x20000510        -       0x00000004   Zero   RW           35    .bss.nuskaitymu_skaicius  mano.o
    0x20000514   0x080082dc   0x00000004   PAD
    0x20000518        -       0x00000020   Zero   RW          791    .bss.pFlash         stm32f3xx_hal_flash.o
    0x20000538        -       0x00000004   Zero   RW           49    .bss.pitch          mano.o
    0x2000053c        -       0x00000004   Zero   RW           44    .bss.rawX           mano.o
    0x20000540        -       0x00000002   Zero   RW           40    .bss.rawX_temp      mano.o
    0x20000542   0x080082dc   0x00000002   PAD
    0x20000544        -       0x00000004   Zero   RW           45    .bss.rawY           mano.o
    0x20000548        -       0x00000002   Zero   RW           41    .bss.rawY_temp      mano.o
    0x2000054a   0x080082dc   0x00000002   PAD
    0x2000054c        -       0x00000004   Zero   RW           36    .bss.rawZ           mano.o
    0x20000550        -       0x00000002   Zero   RW           42    .bss.rawZ_temp      mano.o
    0x20000552        -       0x00000006   Zero   RW           43    .bss.receiveData    mano.o
    0x20000558        -       0x00000006   Zero   RW          173    .bss.receiveUARTData  main.o
    0x2000055e        -       0x00000002   Zero   RW          172    .bss.received_calibration  main.o
    0x20000560        -       0x00000004   Zero   RW           50    .bss.roll           mano.o
    0x20000564        -       0x00000003   Zero   RW           33    .bss.sendData       mano.o
    0x20000567        -       0x00000001   Zero   RW           34    .bss.status         mano.o
    0x20000568        -       0x00000004   Zero   RW          525    .bss.uwTick         stm32f3xx_hal.o
    0x2000056c   0x080082dc   0x00000004   PAD
    0x20000570        -       0x00000200   Zero   RW            2    HEAP                startup_stm32f303xc.o
    0x20000770        -       0x00000400   Zero   RW            1    STACK               startup_stm32f303xc.o


==============================================================================

Image component sizes


      Code (inc. data)   RO Data    RW Data    ZI Data      Debug   Object Name

      1188          0          0          0       1124      12763   main.o
      2670         28          0          0        102       4210   mano.o
        64         26        392          0       1536        860   startup_stm32f303xc.o
       230          0          0          5          4       6167   stm32f3xx_hal.o
       482          0          0          0          0       9148   stm32f3xx_hal_cortex.o
       236          0          0          0          0       6267   stm32f3xx_hal_dma.o
       750          0          0          0         32       4558   stm32f3xx_hal_flash.o
       358          0          0          0          0       5748   stm32f3xx_hal_flash_ex.o
       888          0          0          0          0       4650   stm32f3xx_hal_gpio.o
      2476          0          0          0          0      33032   stm32f3xx_hal_i2c.o
       314          0          0          0          0       5084   stm32f3xx_hal_i2c_ex.o
       730          0          0          0          0      12299   stm32f3xx_hal_msp.o
       466          0          0          0          0      13513   stm32f3xx_hal_pcd.o
        50          0          0          0          0       3045   stm32f3xx_hal_pwr.o
      3722          0         32          0          0       8095   stm32f3xx_hal_rcc.o
       928          0          0          0          0       5259   stm32f3xx_hal_rcc_ex.o
      2152          0          0          0          0      36662   stm32f3xx_hal_tim.o
       336          0          0          0          0      15660   stm32f3xx_hal_tim_ex.o
      5488         24          0          0          0      22411   stm32f3xx_hal_uart.o
         8          0          0          0          0       6459   stm32f3xx_hal_uart_ex.o
        98          0          0          0          0       1394   stm32f3xx_it.o
       102          0          0          0          0      10563   stm32f3xx_ll_usb.o
        18          0         24          4          0       2116   system_stm32f3xx.o

    ----------------------------------------------------------------------
     23870         78        480         12       2820     229963   Object Totals
         0          0         32          0          0          0   (incl. Generated)
       116          0          0          3         22          0   (incl. Padding)

    ----------------------------------------------------------------------

      Code (inc. data)   RO Data    RW Data    ZI Data      Debug   Library Member Name

         8          0          0          0          0         68   __main.o
         0          0          0          0          0          0   __rtentry.o
        12          0          0          0          0          0   __rtentry2.o
         6          0          0          0          0          0   __rtentry4.o
        52          8          0          0          0          0   __scatter.o
        26          0          0          0          0          0   __scatter_copy.o
        28          0          0          0          0          0   __scatter_zi.o
        22          0          0          0          0        100   _rserrno.o
        18          0          0          0          0         80   exit.o
         6          0          0          0          0        152   heapauxi.o
         0          0          0          0          0          0   indicate_semi.o
         2          0          0          0          0          0   libinit.o
         6          0          0          0          0          0   libinit2.o
         2          0          0          0          0          0   libshutdown.o
         2          0          0          0          0          0   libshutdown2.o
         8          4          0          0         96         68   libspace.o
       240          0          0          0          0        100   lludivv7m.o
         8          4          0          0          0         68   rt_errno_addr_intlibspace.o
        78          0          0          0          0         80   rt_memclr_w.o
         2          0          0          0          0          0   rtexit.o
        10          0          0          0          0          0   rtexit2.o
        12          4          0          0          0         68   sys_exit.o
        74          0          0          0          0         80   sys_stackheap_outer.o
         2          0          0          0          0         68   use_no_semi.o
        24          0          0          0          0        164   basic.o
        98          4          0          0          0        140   d2f.o
       834         16          0          0          0        516   daddsub_clz.o
        24          0          0          0          0        116   dcmpi.o
       692        140          0          0          0        264   ddiv.o
       120          4          0          0          0        140   deqf.o
        94          4          0          0          0        140   dfix.o
        84          0          0          0          0        232   dflt_clz.o
       340         12          0          0          0        152   dmul.o
       156          4          0          0          0        140   dnaninf.o
        12          0          0          0          0        116   dretinf.o
       408         56          0          0          0        168   dsqrt_umaal.o
        86          4          0          0          0        132   f2d.o
       140          4          0          0          0        132   fnaninf.o
        26          0          0          0          0        116   fpinit.o
        10          0          0          0          0        116   fretinf.o
         0          0          0          0          0          0   usenofp.o
       864         94         80          0          0        280   asin.o
       744        106        152          0          0        352   atan.o
       512         64          0          0          0        208   atan2.o
       200         20          0          0          0        164   cos.o
       368         46         48          0          0        200   cos_i.o
       104         16          0          0          0        496   dunder.o
        24          0          0          0          0        124   fabs.o
        48          0          0          0          0        124   fpclassify.o
       248          0          0          0          0        152   poly.o
         0          0          8          0          0          0   qnan.o
      1080        142        204          0          0        188   rred.o
       200         20          0          0          0        164   sin.o
       304         24         40          0          0        208   sin_i.o
       110          0          0          0          0        148   sqrt.o

    ----------------------------------------------------------------------
      8602        800        536          0         96       6524   Library Totals
        24          0          4          0          0          0   (incl. Padding)

    ----------------------------------------------------------------------

      Code (inc. data)   RO Data    RW Data    ZI Data      Debug   Library Name

       624         20          0          0         96        932   c_w.l
      3148        248          0          0          0       2784   fz_wm.l
      4806        532        532          0          0       2808   m_wm.l

    ----------------------------------------------------------------------
      8602        800        536          0         96       6524   Library Totals

    ----------------------------------------------------------------------

==============================================================================


      Code (inc. data)   RO Data    RW Data    ZI Data      Debug   

     32472        878       1016         12       2916     232303   Grand Totals
     32472        878       1016         12       2916     232303   ELF Image Totals
     32472        878       1016         12          0          0   ROM Totals

==============================================================================

    Total RO  Size (Code + RO Data)                33488 (  32.70kB)
    Total RW  Size (RW Data + ZI Data)              2928 (   2.86kB)
    Total ROM Size (Code + RO Data + RW Data)      33500 (  32.71kB)

==============================================================================

