Component: Arm Compiler for Embedded 6.18 Tool: armlink [5e4cc100]

==============================================================================

Section Cross References

    startup_stm32f303xc.o(STACK) refers (Special) to heapauxi.o(.text) for __use_two_region_memory
    startup_stm32f303xc.o(HEAP) refers (Special) to heapauxi.o(.text) for __use_two_region_memory
    startup_stm32f303xc.o(RESET) refers (Special) to heapauxi.o(.text) for __use_two_region_memory
    startup_stm32f303xc.o(RESET) refers to startup_stm32f303xc.o(STACK) for __initial_sp
    startup_stm32f303xc.o(RESET) refers to startup_stm32f303xc.o(.text) for Reset_Handler
    startup_stm32f303xc.o(RESET) refers to stm32f3xx_it.o(.text.NMI_Handler) for NMI_Handler
    startup_stm32f303xc.o(RESET) refers to stm32f3xx_it.o(.text.HardFault_Handler) for HardFault_Handler
    startup_stm32f303xc.o(RESET) refers to stm32f3xx_it.o(.text.MemManage_Handler) for MemManage_Handler
    startup_stm32f303xc.o(RESET) refers to stm32f3xx_it.o(.text.BusFault_Handler) for BusFault_Handler
    startup_stm32f303xc.o(RESET) refers to stm32f3xx_it.o(.text.UsageFault_Handler) for UsageFault_Handler
    startup_stm32f303xc.o(RESET) refers to stm32f3xx_it.o(.text.SVC_Handler) for SVC_Handler
    startup_stm32f303xc.o(RESET) refers to stm32f3xx_it.o(.text.DebugMon_Handler) for DebugMon_Handler
    startup_stm32f303xc.o(RESET) refers to stm32f3xx_it.o(.text.PendSV_Handler) for PendSV_Handler
    startup_stm32f303xc.o(RESET) refers to stm32f3xx_it.o(.text.SysTick_Handler) for SysTick_Handler
    startup_stm32f303xc.o(RESET) refers to stm32f3xx_it.o(.text.TIM3_IRQHandler) for TIM3_IRQHandler
    startup_stm32f303xc.o(RESET) refers to stm32f3xx_it.o(.text.I2C1_EV_IRQHandler) for I2C1_EV_IRQHandler
    startup_stm32f303xc.o(RESET) refers to stm32f3xx_it.o(.text.I2C2_EV_IRQHandler) for I2C2_EV_IRQHandler
    startup_stm32f303xc.o(RESET) refers to stm32f3xx_it.o(.text.UART4_IRQHandler) for UART4_IRQHandler
    startup_stm32f303xc.o(.text) refers (Special) to heapauxi.o(.text) for __use_two_region_memory
    startup_stm32f303xc.o(.text) refers to system_stm32f3xx.o(.text.SystemInit) for SystemInit
    startup_stm32f303xc.o(.text) refers to __main.o(!!!main) for __main
    startup_stm32f303xc.o(.text) refers to startup_stm32f303xc.o(HEAP) for Heap_Mem
    startup_stm32f303xc.o(.text) refers to startup_stm32f303xc.o(STACK) for Stack_Mem
    mano.o(.text.I2C_Init) refers to mano.o(.bss.sendData) for sendData
    mano.o(.text.I2C_Init) refers to main.o(.bss.hi2c1) for hi2c1
    mano.o(.text.I2C_Init) refers to stm32f3xx_hal_i2c.o(.text.HAL_I2C_Master_Transmit) for HAL_I2C_Master_Transmit
    mano.o(.text.I2C_Init) refers to mano.o(.bss.status) for status
    mano.o(.ARM.exidx.text.I2C_Init) refers to mano.o(.text.I2C_Init) for [Anonymous Symbol]
    mano.o(.text.Get_Compass_Data) refers to mano.o(.bss.sendData) for sendData
    mano.o(.text.Get_Compass_Data) refers to main.o(.bss.hi2c1) for hi2c1
    mano.o(.text.Get_Compass_Data) refers to stm32f3xx_hal_i2c.o(.text.HAL_I2C_Master_Transmit) for HAL_I2C_Master_Transmit
    mano.o(.text.Get_Compass_Data) refers to mano.o(.bss.status) for status
    mano.o(.text.Get_Compass_Data) refers to mano.o(.bss.receiveData) for receiveData
    mano.o(.text.Get_Compass_Data) refers to stm32f3xx_hal_i2c.o(.text.HAL_I2C_Master_Receive) for HAL_I2C_Master_Receive
    mano.o(.text.Get_Compass_Data) refers to mano.o(.bss.accX_temp) for accX_temp
    mano.o(.text.Get_Compass_Data) refers to mano.o(.bss.accY_temp) for accY_temp
    mano.o(.text.Get_Compass_Data) refers to mano.o(.bss.accZ_temp) for accZ_temp
    mano.o(.text.Get_Compass_Data) refers to mano.o(.bss.rawX_temp) for rawX_temp
    mano.o(.text.Get_Compass_Data) refers to mano.o(.bss.rawZ_temp) for rawZ_temp
    mano.o(.text.Get_Compass_Data) refers to mano.o(.bss.rawY_temp) for rawY_temp
    mano.o(.text.Get_Compass_Data) refers to mano.o(.bss.nuskaitymu_skaicius) for nuskaitymu_skaicius
    mano.o(.text.Get_Compass_Data) refers to mano.o(.bss.rawX) for rawX
    mano.o(.text.Get_Compass_Data) refers to mano.o(.bss.rawY) for rawY
    mano.o(.text.Get_Compass_Data) refers to mano.o(.bss.rawZ) for rawZ
    mano.o(.text.Get_Compass_Data) refers to mano.o(.bss.accX) for accX
    mano.o(.text.Get_Compass_Data) refers to mano.o(.bss.accY) for accY
    mano.o(.text.Get_Compass_Data) refers to mano.o(.bss.accZ) for accZ
    mano.o(.ARM.exidx.text.Get_Compass_Data) refers to mano.o(.text.Get_Compass_Data) for [Anonymous Symbol]
    mano.o(.text.Calculate_compass_data) refers to mano.o(.bss.rawX) for rawX
    mano.o(.text.Calculate_compass_data) refers to mano.o(.bss.nuskaitymu_skaicius) for nuskaitymu_skaicius
    mano.o(.text.Calculate_compass_data) refers to mano.o(.bss.rawY) for rawY
    mano.o(.text.Calculate_compass_data) refers to mano.o(.bss.rawZ) for rawZ
    mano.o(.text.Calculate_compass_data) refers to mano.o(.bss.accX) for accX
[...]
    EXTI9_5_IRQHandler                       0x080002ef   Thumb Code     0  startup_stm32f303xc.o(.text)
    FLASH_IRQHandler                         0x080002ef   Thumb Code     0  startup_stm32f303xc.o(.text)
    FPU_IRQHandler                           0x080002ef   Thumb Code     0  startup_stm32f303xc.o(.text)
    I2C1_ER_IRQHandler                       0x080002ef   Thumb Code     0  startup_stm32f303xc.o(.text)
    I2C2_ER_IRQHandler                       0x080002ef   Thumb Code     0  startup_stm32f303xc.o(.text)
    PVD_IRQHandler                           0x080002ef   Thumb Code     0  startup_stm32f303xc.o(.text)
    RCC_IRQHandler                           0x080002ef   Thumb Code     0  startup_stm32f303xc.o(.text)
    RTC_Alarm_IRQHandler                     0x080002ef   Thumb Code     0  startup_stm32f303xc.o(.text)
    RTC_WKUP_IRQHandler                      0x080002ef   Thumb Code     0  startup_stm32f303xc.o(.text)
    SPI1_IRQHandler                          0x080002ef   Thumb Code     0  startup_stm32f303xc.o(.text)
    SPI2_IRQHandler                          0x080002ef   Thumb Code     0  startup_stm32f303xc.o(.text)
    SPI3_IRQHandler                          0x080002ef   Thumb Code     0  startup_stm32f303xc.o(.text)
    TAMP_STAMP_IRQHandler                    0x080002ef   Thumb Code     0  startup_stm32f303xc.o(.text)
    TIM1_BRK_TIM15_IRQHandler                0x080002ef   Thumb Code     0  startup_stm32f303xc.o(.text)
    TIM1_CC_IRQHandler                       0x080002ef   Thumb Code     0  startup_stm32f303xc.o(.text)
    TIM1_TRG_COM_TIM17_IRQHandler            0x080002ef   Thumb Code     0  startup_stm32f303xc.o(.text)
    TIM1_UP_TIM16_IRQHandler                 0x080002ef   Thumb Code     0  startup_stm32f303xc.o(.text)
    TIM2_IRQHandler                          0x080002ef   Thumb Code     0  startup_stm32f303xc.o(.text)
    TIM4_IRQHandler                          0x080002ef   Thumb Code     0  startup_stm32f303xc.o(.text)
    TIM6_DAC_IRQHandler                      0x080002ef   Thumb Code     0  startup_stm32f303xc.o(.text)
    TIM7_IRQHandler                          0x080002ef   Thumb Code     0  startup_stm32f303xc.o(.text)
    TIM8_BRK_IRQHandler                      0x080002ef   Thumb Code     0  startup_stm32f303xc.o(.text)
    TIM8_CC_IRQHandler                       0x080002ef   Thumb Code     0  startup_stm32f303xc.o(.text)
    TIM8_TRG_COM_IRQHandler                  0x080002ef   Thumb Code     0  startup_stm32f303xc.o(.text)
    TIM8_UP_IRQHandler                       0x080002ef   Thumb Code     0  startup_stm32f303xc.o(.text)
    UART5_IRQHandler                         0x080002ef   Thumb Code     0  startup_stm32f303xc.o(.text)
    USART1_IRQHandler                        0x080002ef   Thumb Code     0  startup_stm32f303xc.o(.text)
    USART2_IRQHandler                        0x080002ef   Thumb Code     0  startup_stm32f303xc.o(.text)
    USART3_IRQHandler                        0x080002ef   Thumb Code     0  startup_stm32f303xc.o(.text)
    USBWakeUp_IRQHandler                     0x080002ef   Thumb Code     0  startup_stm32f303xc.o(.text)
    USBWakeUp_RMP_IRQHandler                 0x080002ef   Thumb Code     0  startup_stm32f303xc.o(.text)
    USB_HP_CAN_TX_IRQHandler                 0x080002ef   Thumb Code     0  startup_stm32f303xc.o(.text)
    USB_HP_IRQHandler                        0x080002ef   Thumb Code     0  startup_stm32f303xc.o(.text)
    USB_LP_CAN_RX0_IRQHandler                0x080002ef   Thumb Code     0  startup_stm32f303xc.o(.text)
    USB_LP_IRQHandler                        0x080002ef   Thumb Code     0  startup_stm32f303xc.o(.text)
    WWDG_IRQHandler                          0x080002ef   Thumb Code     0  startup_stm32f303xc.o(.text)
    __user_initial_stackheap                 0x080002f1   Thumb Code     0  startup_stm32f303xc.o(.text)
    __aeabi_uldivmod                         0x08000315   Thumb Code     0  lludivv7m.o(.text)
    _ll_udiv                                 0x08000315   Thumb Code   240  lludivv7m.o(.text)
    sprintf                                  0x08000405   Thumb Code    38  sprintf.o(.text)
    __aeabi_memset                           0x08000431   Thumb Code    16  aeabi_memset.o(.text)
    __aeabi_memclr4                          0x08000441   Thumb Code     0  rt_memclr_w.o(.text)
    __aeabi_memclr8                          0x08000441   Thumb Code     0  rt_memclr_w.o(.text)
    __rt_memclr_w                            0x08000441   Thumb Code     0  rt_memclr_w.o(.text)
    _memset_w                                0x08000445   Thumb Code    74  rt_memclr_w.o(.text)
    __use_two_region_memory                  0x0800048f   Thumb Code     2  heapauxi.o(.text)
    __rt_heap_escrow$2region                 0x08000491   Thumb Code     2  heapauxi.o(.text)
    __rt_heap_expand$2region                 0x08000493   Thumb Code     2  heapauxi.o(.text)
    __read_errno                             0x08000495   Thumb Code    10  _rserrno.o(.text)
    __set_errno                              0x0800049f   Thumb Code    12  _rserrno.o(.text)
    _printf_pre_padding                      0x080004ab   Thumb Code    44  _printf_pad.o(.text)
    _printf_post_padding                     0x080004d7   Thumb Code    34  _printf_pad.o(.text)
    _printf_truncate_signed                  0x080004f9   Thumb Code    18  _printf_truncate.o(.text)
    _printf_truncate_unsigned                0x0800050b   Thumb Code    18  _printf_truncate.o(.text)
    _printf_str                              0x0800051d   Thumb Code    82  _printf_str.o(.text)
    _printf_int_dec                          0x08000571   Thumb Code   104  _printf_dec.o(.text)
    _printf_charcount                        0x080005e9   Thumb Code    40  _printf_charcount.o(.text)
    _printf_char_common                      0x0800061b   Thumb Code    32  _printf_char_common.o(.text)
    _sputc                                   0x08000641   Thumb Code    10  _sputc.o(.text)
    _printf_wctomb                           0x0800064d   Thumb Code   182  _printf_wctomb.o(.text)
    _printf_longlong_dec                     0x08000709   Thumb Code   108  _printf_longlong_dec.o(.text)
    _printf_longlong_oct                     0x08000785   Thumb Code    68  _printf_oct_int_ll.o(.text)
    _printf_int_oct                          0x080007c9   Thumb Code    24  _printf_oct_int_ll.o(.text)
    _printf_ll_oct                           0x080007e1   Thumb Code    12  _printf_oct_int_ll.o(.text)
    _printf_longlong_hex                     0x080007f5   Thumb Code    86  _printf_hex_int_ll_ptr.o(.text)
    _printf_int_hex                          0x0800084b   Thumb Code    28  _printf_hex_int_ll_ptr.o(.text)
    _printf_ll_hex                           0x08000867   Thumb Code    12  _printf_hex_int_ll_ptr.o(.text)
    _printf_hex_ptr                          0x08000873   Thumb Code    18  _printf_hex_int_ll_ptr.o(.text)
    __printf                                 0x08000889   Thumb Code   388  __printf_flags_ss_wp.o(.text)
    __aeabi_memclr                           0x08000a11   Thumb Code     0  rt_memclr.o(.text)
    __rt_memclr                              0x08000a11   Thumb Code     0  rt_memclr.o(.text)
    _memset                                  0x08000a15   Thumb Code    64  rt_memclr.o(.text)
    __aeabi_errno_addr                       0x08000a55   Thumb Code     8  rt_errno_addr_intlibspace.o(.text)
    __errno$intlibspace                      0x08000a55   Thumb Code     0  rt_errno_addr_intlibspace.o(.text)
    __rt_errno_addr$intlibspace              0x08000a55   Thumb Code     0  rt_errno_addr_intlibspace.o(.text)
    _ll_udiv10                               0x08000a5d   Thumb Code   138  lludiv10.o(.text)
    _printf_int_common                       0x08000ae7   Thumb Code   178  _printf_intcommon.o(.text)
    _printf_fp_dec_real                      0x08000d49   Thumb Code   620  _printf_fp_dec.o(.text)
    _printf_fp_hex_real                      0x08000fb5   Thumb Code   756  _printf_fp_hex.o(.text)
    _printf_cs_common                        0x080012b1   Thumb Code    20  _printf_char.o(.text)
    _printf_char                             0x080012c5   Thumb Code    16  _printf_char.o(.text)
    _printf_string                           0x080012d5   Thumb Code     8  _printf_char.o(.text)
    _printf_lcs_common                       0x080012dd   Thumb Code    20  _printf_wchar.o(.text)
    _printf_wchar                            0x080012f1   Thumb Code    16  _printf_wchar.o(.text)
    _printf_wstring                          0x08001301   Thumb Code     8  _printf_wchar.o(.text)
    _c16rtomb                                0x08001309   Thumb Code    72  _c16rtomb.o(.text)
    _wcrtomb                                 0x08001309   Thumb Code     0  _c16rtomb.o(.text)
    __user_libspace                          0x08001351   Thumb Code     8  libspace.o(.text)
    __user_perproc_libspace                  0x08001351   Thumb Code     0  libspace.o(.text)
    __user_perthread_libspace                0x08001351   Thumb Code     0  libspace.o(.text)
    __user_setup_stackheap                   0x08001359   Thumb Code    74  sys_stackheap_outer.o(.text)
    __rt_ctype_table                         0x080013a5   Thumb Code    16  rt_ctype_table.o(.text)
    __rt_locale                              0x080013b5   Thumb Code     8  rt_locale_intlibspace.o(.text)
    _printf_fp_infnan                        0x080013bd   Thumb Code   112  _printf_fp_infnan.o(.text)
    _btod_etento                             0x0800143d   Thumb Code   224  bigflt0.o(.text)
    exit                                     0x08001521   Thumb Code    18  exit.o(.text)
    strcmp                                   0x08001539   Thumb Code   124  strcmpv7em.o(.text)
    _sys_exit                                0x080015b5   Thumb Code     8  sys_exit.o(.text)
    __I$use$semihosting                      0x080015c1   Thumb Code     0  use_no_semi.o(.text)
    __use_no_semihosting_swi                 0x080015c1   Thumb Code     2  use_no_semi.o(.text)
    __semihosting_library_function           0x080015c3   Thumb Code     0  indicate_semi.o(.text)
    BusFault_Handler                         0x080015c5   Thumb Code     4  stm32f3xx_it.o(.text.BusFault_Handler)
    Calculate_compass_data                   0x080015c9   Thumb Code  1600  mano.o(.text.Calculate_compass_data)
    DebugMon_Handler                         0x08001c09   Thumb Code     2  stm32f3xx_it.o(.text.DebugMon_Handler)
    Error_Handler                            0x08001c0d   Thumb Code    14  main.o(.text.Error_Handler)
    FLASH_PageErase                          0x08001c45   Thumb Code    56  stm32f3xx_hal_flash_ex.o(.text.FLASH_PageErase)
    FLASH_WaitForLastOperation               0x08001d1d   Thumb Code   170  stm32f3xx_hal_flash.o(.text.FLASH_WaitForLastOperation)
    Flash_Read_Data                          0x08001dc9   Thumb Code    54  mano.o(.text.Flash_Read_Data)
    Flash_Write_Data                         0x08001e01   Thumb Code   166  mano.o(.text.Flash_Write_Data)
    Get_Compass_Data                         0x08001ea9   Thumb Code   494  mano.o(.text.Get_Compass_Data)
    HAL_DMA_Abort                            0x08002099   Thumb Code   116  stm32f3xx_hal_dma.o(.text.HAL_DMA_Abort)
    HAL_DMA_Abort_IT                         0x0800210d   Thumb Code   120  stm32f3xx_hal_dma.o(.text.HAL_DMA_Abort_IT)
    HAL_FLASHEx_Erase                        0x08002185   Thumb Code   264  stm32f3xx_hal_flash_ex.o(.text.HAL_FLASHEx_Erase)
    HAL_FLASH_GetError                       0x0800228d   Thumb Code    12  stm32f3xx_hal_flash.o(.text.HAL_FLASH_GetError)
    HAL_FLASH_Lock                           0x08002299   Thumb Code    20  stm32f3xx_hal_flash.o(.text.HAL_FLASH_Lock)
    HAL_FLASH_Program                        0x080022ad   Thumb Code   300  stm32f3xx_hal_flash.o(.text.HAL_FLASH_Program)
    HAL_FLASH_Unlock                         0x080023d9   Thumb Code    90  stm32f3xx_hal_flash.o(.text.HAL_FLASH_Unlock)
    HAL_GPIO_Init                            0x08002435   Thumb Code   844  stm32f3xx_hal_gpio.o(.text.HAL_GPIO_Init)
    HAL_GPIO_WritePin                        0x08002781   Thumb Code    44  stm32f3xx_hal_gpio.o(.text.HAL_GPIO_WritePin)
    HAL_GetTick                              0x080027ad   Thumb Code    12  stm32f3xx_hal.o(.text.HAL_GetTick)
    HAL_I2CEx_ConfigAnalogFilter             0x080027b9   Thumb Code   152  stm32f3xx_hal_i2c_ex.o(.text.HAL_I2CEx_ConfigAnalogFilter)
    HAL_I2CEx_ConfigDigitalFilter            0x08002851   Thumb Code   162  stm32f3xx_hal_i2c_ex.o(.text.HAL_I2CEx_ConfigDigitalFilter)
    HAL_I2C_EV_IRQHandler                    0x080028f5   Thumb Code    46  stm32f3xx_hal_i2c.o(.text.HAL_I2C_EV_IRQHandler)
    HAL_I2C_Init                             0x08002925   Thumb Code   260  stm32f3xx_hal_i2c.o(.text.HAL_I2C_Init)
    HAL_I2C_IsDeviceReady                    0x08002a29   Thumb Code   594  stm32f3xx_hal_i2c.o(.text.HAL_I2C_IsDeviceReady)
    HAL_I2C_Master_Receive                   0x08002c7d   Thumb Code   540  stm32f3xx_hal_i2c.o(.text.HAL_I2C_Master_Receive)
    HAL_I2C_Master_Transmit                  0x08002e99   Thumb Code   538  stm32f3xx_hal_i2c.o(.text.HAL_I2C_Master_Transmit)
    HAL_I2C_MspInit                          0x080030b5   Thumb Code   286  stm32f3xx_hal_msp.o(.text.HAL_I2C_MspInit)
    HAL_IncTick                              0x080031d5   Thumb Code    26  stm32f3xx_hal.o(.text.HAL_IncTick)
    HAL_Init                                 0x080031f1   Thumb Code    44  stm32f3xx_hal.o(.text.HAL_Init)
    HAL_InitTick                             0x0800321d   Thumb Code   112  stm32f3xx_hal.o(.text.HAL_InitTick)
    HAL_MspInit                              0x0800328d   Thumb Code    74  stm32f3xx_hal_msp.o(.text.HAL_MspInit)
    HAL_NVIC_EnableIRQ                       0x080032d9   Thumb Code    20  stm32f3xx_hal_cortex.o(.text.HAL_NVIC_EnableIRQ)
    HAL_NVIC_SetPriority                     0x080032ed   Thumb Code    50  stm32f3xx_hal_cortex.o(.text.HAL_NVIC_SetPriority)
    HAL_NVIC_SetPriorityGrouping             0x08003321   Thumb Code    16  stm32f3xx_hal_cortex.o(.text.HAL_NVIC_SetPriorityGrouping)
    HAL_PWR_EnterSLEEPMode                   0x08003331   Thumb Code    50  stm32f3xx_hal_pwr.o(.text.HAL_PWR_EnterSLEEPMode)
    HAL_RCCEx_PeriphCLKConfig                0x08003365   Thumb Code   928  stm32f3xx_hal_rcc_ex.o(.text.HAL_RCCEx_PeriphCLKConfig)
    HAL_RCC_ClockConfig                      0x08003705   Thumb Code   778  stm32f3xx_hal_rcc.o(.text.HAL_RCC_ClockConfig)
    HAL_RCC_GetHCLKFreq                      0x08003a11   Thumb Code    12  stm32f3xx_hal_rcc.o(.text.HAL_RCC_GetHCLKFreq)
    HAL_RCC_GetPCLK1Freq                     0x08003a1d   Thumb Code    34  stm32f3xx_hal_rcc.o(.text.HAL_RCC_GetPCLK1Freq)
    HAL_RCC_GetPCLK2Freq                     0x08003a41   Thumb Code    34  stm32f3xx_hal_rcc.o(.text.HAL_RCC_GetPCLK2Freq)
    HAL_RCC_GetSysClockFreq                  0x08003a65   Thumb Code   194  stm32f3xx_hal_rcc.o(.text.HAL_RCC_GetSysClockFreq)
    HAL_RCC_OscConfig                        0x08003b29   Thumb Code  2670  stm32f3xx_hal_rcc.o(.text.HAL_RCC_OscConfig)
    HAL_ResumeTick                           0x08004599   Thumb Code    18  stm32f3xx_hal.o(.text.HAL_ResumeTick)
    HAL_SYSTICK_Config                       0x080045ad   Thumb Code    16  stm32f3xx_hal_cortex.o(.text.HAL_SYSTICK_Config)
    HAL_SuspendTick                          0x080045bd   Thumb Code    18  stm32f3xx_hal.o(.text.HAL_SuspendTick)
    HAL_TIMEx_Break2Callback                 0x080045d1   Thumb Code     8  stm32f3xx_hal_tim_ex.o(.text.HAL_TIMEx_Break2Callback)
    HAL_TIMEx_BreakCallback                  0x080045d9   Thumb Code     8  stm32f3xx_hal_tim_ex.o(.text.HAL_TIMEx_BreakCallback)
    HAL_TIMEx_CommutCallback                 0x080045e1   Thumb Code     8  stm32f3xx_hal_tim_ex.o(.text.HAL_TIMEx_CommutCallback)
    HAL_TIMEx_MasterConfigSynchronization    0x080045e9   Thumb Code   312  stm32f3xx_hal_tim_ex.o(.text.HAL_TIMEx_MasterConfigSynchronization)
    HAL_TIM_Base_Init                        0x08004721   Thumb Code   168  stm32f3xx_hal_tim.o(.text.HAL_TIM_Base_Init)
    HAL_TIM_Base_MspInit                     0x080047c9   Thumb Code    78  stm32f3xx_hal_msp.o(.text.HAL_TIM_Base_MspInit)
    HAL_TIM_Base_Start_IT                    0x08004819   Thumb Code   226  stm32f3xx_hal_tim.o(.text.HAL_TIM_Base_Start_IT)
    HAL_TIM_ConfigClockSource                0x080048fd   Thumb Code   394  stm32f3xx_hal_tim.o(.text.HAL_TIM_ConfigClockSource)
    HAL_TIM_IC_CaptureCallback               0x08004a89   Thumb Code     8  stm32f3xx_hal_tim.o(.text.HAL_TIM_IC_CaptureCallback)
    HAL_TIM_IRQHandler                       0x08004a91   Thumb Code   692  stm32f3xx_hal_tim.o(.text.HAL_TIM_IRQHandler)
    HAL_TIM_OC_DelayElapsedCallback          0x08004d45   Thumb Code     8  stm32f3xx_hal_tim.o(.text.HAL_TIM_OC_DelayElapsedCallback)
    HAL_TIM_PWM_PulseFinishedCallback        0x08004d4d   Thumb Code     8  stm32f3xx_hal_tim.o(.text.HAL_TIM_PWM_PulseFinishedCallback)
    HAL_TIM_PeriodElapsedCallback            0x08004d55   Thumb Code    94  main.o(.text.HAL_TIM_PeriodElapsedCallback)
    HAL_TIM_TriggerCallback                  0x08004db5   Thumb Code     8  stm32f3xx_hal_tim.o(.text.HAL_TIM_TriggerCallback)
    HAL_UARTEx_RxEventCallback               0x08004dbd   Thumb Code    12  stm32f3xx_hal_uart.o(.text.HAL_UARTEx_RxEventCallback)
    HAL_UARTEx_WakeupCallback                0x08004dc9   Thumb Code     8  stm32f3xx_hal_uart_ex.o(.text.HAL_UARTEx_WakeupCallback)
    HAL_UART_ErrorCallback                   0x08004dd1   Thumb Code     8  stm32f3xx_hal_uart.o(.text.HAL_UART_ErrorCallback)
    HAL_UART_IRQHandler                      0x08004dd9   Thumb Code  1228  stm32f3xx_hal_uart.o(.text.HAL_UART_IRQHandler)
    HAL_UART_Init                            0x080052a5   Thumb Code   166  stm32f3xx_hal_uart.o(.text.HAL_UART_Init)
    HAL_UART_MspInit                         0x0800534d   Thumb Code   158  stm32f3xx_hal_msp.o(.text.HAL_UART_MspInit)
    HAL_UART_Receive_IT                      0x080053ed   Thumb Code   172  stm32f3xx_hal_uart.o(.text.HAL_UART_Receive_IT)
    HAL_UART_RxCpltCallback                  0x08005499   Thumb Code    68  main.o(.text.HAL_UART_RxCpltCallback)
    HAL_UART_Transmit                        0x080054dd   Thumb Code   336  stm32f3xx_hal_uart.o(.text.HAL_UART_Transmit)
    HAL_UART_Transmit_IT                     0x0800562d   Thumb Code   242  stm32f3xx_hal_uart.o(.text.HAL_UART_Transmit_IT)
    HAL_UART_TxCpltCallback                  0x08005721   Thumb Code    14  main.o(.text.HAL_UART_TxCpltCallback)
    HardFault_Handler                        0x08005731   Thumb Code     4  stm32f3xx_it.o(.text.HardFault_Handler)
    I2C1_EV_IRQHandler                       0x08005735   Thumb Code    16  stm32f3xx_it.o(.text.I2C1_EV_IRQHandler)
    I2C2_EV_IRQHandler                       0x08005745   Thumb Code    16  stm32f3xx_it.o(.text.I2C2_EV_IRQHandler)
    I2C_Init                                 0x08005795   Thumb Code   146  mano.o(.text.I2C_Init)
    MemManage_Handler                        0x08005efd   Thumb Code     4  stm32f3xx_it.o(.text.MemManage_Handler)
    NMI_Handler                              0x08005f01   Thumb Code     4  stm32f3xx_it.o(.text.NMI_Handler)
    PendSV_Handler                           0x08005f71   Thumb Code     2  stm32f3xx_it.o(.text.PendSV_Handler)
    Read_Calibration                         0x08005f75   Thumb Code    38  mano.o(.text.Read_Calibration)
    SSD1306_Clear                            0x08005f9d   Thumb Code    14  ssd1306.o(.text.SSD1306_Clear)
    SSD1306_DrawCircle                       0x08005fad   Thumb Code   520  ssd1306.o(.text.SSD1306_DrawCircle)
    SSD1306_DrawLine                         0x080061b5   Thumb Code   726  ssd1306.o(.text.SSD1306_DrawLine)
    SSD1306_DrawPixel                        0x0800648d   Thumb Code   168  ssd1306.o(.text.SSD1306_DrawPixel)
    SSD1306_Fill                             0x08006535   Thumb Code    38  ssd1306.o(.text.SSD1306_Fill)
    SSD1306_GotoXY                           0x0800655d   Thumb Code    34  ssd1306.o(.text.SSD1306_GotoXY)
    SSD1306_Init                             0x08006581   Thumb Code   402  ssd1306.o(.text.SSD1306_Init)
    SSD1306_Putc                             0x08006715   Thumb Code   270  ssd1306.o(.text.SSD1306_Putc)
    SSD1306_Puts                             0x08006825   Thumb Code    82  ssd1306.o(.text.SSD1306_Puts)
    SSD1306_UpdateScreen                     0x08006879   Thumb Code   106  ssd1306.o(.text.SSD1306_UpdateScreen)
    SVC_Handler                              0x080068e5   Thumb Code     2  stm32f3xx_it.o(.text.SVC_Handler)
    SysTick_Handler                          0x0800693d   Thumb Code     8  stm32f3xx_it.o(.text.SysTick_Handler)
    SystemClock_Config                       0x08006945   Thumb Code   160  main.o(.text.SystemClock_Config)
    SystemInit                               0x080069e5   Thumb Code    18  system_stm32f3xx.o(.text.SystemInit)
    TIM3_IRQHandler                          0x080069f9   Thumb Code    16  stm32f3xx_it.o(.text.TIM3_IRQHandler)
    TIM_Base_SetConfig                       0x08006a09   Thumb Code   384  stm32f3xx_hal_tim.o(.text.TIM_Base_SetConfig)
    TIM_ETR_SetConfig                        0x08006b89   Thumb Code    52  stm32f3xx_hal_tim.o(.text.TIM_ETR_SetConfig)
    UART4_IRQHandler                         0x08006c8d   Thumb Code    16  stm32f3xx_it.o(.text.UART4_IRQHandler)
    UART_AdvFeatureConfig                    0x08006c9d   Thumb Code   328  stm32f3xx_hal_uart.o(.text.UART_AdvFeatureConfig)
    UART_CheckIdleState                      0x08006de5   Thumb Code   164  stm32f3xx_hal_uart.o(.text.UART_CheckIdleState)
    UART_SetConfig                           0x080071e5   Thumb Code  1022  stm32f3xx_hal_uart.o(.text.UART_SetConfig)
    UART_Start_Receive_IT                    0x080075e5   Thumb Code   296  stm32f3xx_hal_uart.o(.text.UART_Start_Receive_IT)
    UART_WaitOnFlagUntilTimeout              0x08007831   Thumb Code   368  stm32f3xx_hal_uart.o(.text.UART_WaitOnFlagUntilTimeout)
    Update_Calibration                       0x080079a1   Thumb Code    36  mano.o(.text.Update_Calibration)
    Update_PC_Calibration                    0x080079c5   Thumb Code    56  mano.o(.text.Update_PC_Calibration)
    Update_PC_Heading                        0x080079fd   Thumb Code    46  mano.o(.text.Update_PC_Heading)
    Update_Screen                            0x08007a31   Thumb Code   344  mano.o(.text.Update_Screen)
    UsageFault_Handler                       0x08007b89   Thumb Code     4  stm32f3xx_it.o(.text.UsageFault_Handler)
    main                                     0x08007c4d   Thumb Code   106  main.o(.text.main)
    ssd1306_I2C_Init                         0x08007cb9   Thumb Code    32  ssd1306.o(.text.ssd1306_I2C_Init)
    ssd1306_I2C_Write                        0x08007cd9   Thumb Code    64  ssd1306.o(.text.ssd1306_I2C_Write)
    ssd1306_I2C_WriteMulti                   0x08007d19   Thumb Code   116  ssd1306.o(.text.ssd1306_I2C_WriteMulti)
    _btod_d2e                                0x08007d8d   Thumb Code    62  btod.o(CL$$btod_d2e)
    _d2e_denorm_low                          0x08007dcb   Thumb Code    70  btod.o(CL$$btod_d2e_denorm_low)
    _d2e_norm_op1                            0x08007e11   Thumb Code    96  btod.o(CL$$btod_d2e_norm_op1)
    __btod_div_common                        0x08007e71   Thumb Code   696  btod.o(CL$$btod_div_common)
    _e2e                                     0x080081a9   Thumb Code   220  btod.o(CL$$btod_e2e)
    _btod_ediv                               0x08008285   Thumb Code    42  btod.o(CL$$btod_ediv)
    _btod_emul                               0x080082af   Thumb Code    42  btod.o(CL$$btod_emul)
    __btod_mult_common                       0x080082d9   Thumb Code   580  btod.o(CL$$btod_mult_common)
    __ARM_fpclassify                         0x0800851d   Thumb Code    48  fpclassify.o(i.__ARM_fpclassify)
    __hardfp_asin                            0x08008551   Thumb Code   770  asin.o(i.__hardfp_asin)
    __hardfp_atan                            0x080088b1   Thumb Code   622  atan.o(i.__hardfp_atan)
    __hardfp_atan2                           0x08008b89   Thumb Code   448  atan2.o(i.__hardfp_atan2)
    __hardfp_cos                             0x08008d89   Thumb Code   180  cos.o(i.__hardfp_cos)
    __hardfp_sin                             0x08008e51   Thumb Code   180  sin.o(i.__hardfp_sin)
    __ieee754_rem_pio2                       0x08008f19   Thumb Code   938  rred.o(i.__ieee754_rem_pio2)
    __kernel_cos                             0x08009351   Thumb Code   322  cos_i.o(i.__kernel_cos)
    __kernel_poly                            0x080094c1   Thumb Code   248  poly.o(i.__kernel_poly)
    __kernel_sin                             0x080095b9   Thumb Code   280  sin_i.o(i.__kernel_sin)
    __mathlib_dbl_infnan                     0x080096e9   Thumb Code    20  dunder.o(i.__mathlib_dbl_infnan)
    __mathlib_dbl_infnan2                    0x080096fd   Thumb Code    20  dunder.o(i.__mathlib_dbl_infnan2)
    __mathlib_dbl_invalid                    0x08009711   Thumb Code    24  dunder.o(i.__mathlib_dbl_invalid)
    __mathlib_dbl_underflow                  0x08009731   Thumb Code    24  dunder.o(i.__mathlib_dbl_underflow)
    _is_digit                                0x08009751   Thumb Code    14  __printf_wp.o(i._is_digit)
    atan                                     0x0800975f   Thumb Code    16  atan.o(i.atan)
    fabs                                     0x0800976f   Thumb Code    24  fabs.o(i.fabs)
    sqrt                                     0x08009787   Thumb Code   110  sqrt.o(i.sqrt)
    _get_lc_numeric                          0x080097f5   Thumb Code    44  lc_numeric_c.o(locale$$code)
    _get_lc_ctype                            0x08009821   Thumb Code    44  lc_ctype_c.o(locale$$code)
    __aeabi_dneg                             0x0800984d   Thumb Code     0  basic.o(x$fpl$basic)
    _dneg                                    0x0800984d   Thumb Code     6  basic.o(x$fpl$basic)
    __aeabi_fneg                             0x08009853   Thumb Code     0  basic.o(x$fpl$basic)
    _fneg                                    0x08009853   Thumb Code     6  basic.o(x$fpl$basic)
    _dabs                                    0x08009859   Thumb Code     6  basic.o(x$fpl$basic)
    _fabs                                    0x0800985f   Thumb Code     6  basic.o(x$fpl$basic)
    __aeabi_d2f                              0x08009865   Thumb Code     0  d2f.o(x$fpl$d2f)
    _d2f                                     0x08009865   Thumb Code    98  d2f.o(x$fpl$d2f)
    __aeabi_dadd                             0x080098c9   Thumb Code     0  daddsub_clz.o(x$fpl$dadd)
    _dadd                                    0x080098c9   Thumb Code   332  daddsub_clz.o(x$fpl$dadd)
    __fpl_dcmp_Inf                           0x08009a19   Thumb Code    24  dcmpi.o(x$fpl$dcmpinf)
    __aeabi_ddiv                             0x08009a31   Thumb Code     0  ddiv.o(x$fpl$ddiv)
    _ddiv                                    0x08009a31   Thumb Code   556  ddiv.o(x$fpl$ddiv)
    __aeabi_cdcmpeq                          0x08009ce5   Thumb Code     0  deqf.o(x$fpl$deqf)
    _dcmpeq                                  0x08009ce5   Thumb Code   120  deqf.o(x$fpl$deqf)
    __aeabi_d2iz                             0x08009d5d   Thumb Code     0  dfix.o(x$fpl$dfix)
    _dfix                                    0x08009d5d   Thumb Code    94  dfix.o(x$fpl$dfix)
    __aeabi_i2d                              0x08009dbb   Thumb Code     0  dflt_clz.o(x$fpl$dflt)
    _dflt                                    0x08009dbb   Thumb Code    46  dflt_clz.o(x$fpl$dflt)
    __aeabi_ui2d                             0x08009de9   Thumb Code     0  dflt_clz.o(x$fpl$dfltu)
    _dfltu                                   0x08009de9   Thumb Code    38  dflt_clz.o(x$fpl$dfltu)
    __aeabi_dmul                             0x08009e11   Thumb Code     0  dmul.o(x$fpl$dmul)
    _dmul                                    0x08009e11   Thumb Code   332  dmul.o(x$fpl$dmul)
    __fpl_dnaninf                            0x08009f65   Thumb Code   156  dnaninf.o(x$fpl$dnaninf)
    __fpl_dretinf                            0x0800a001   Thumb Code    12  dretinf.o(x$fpl$dretinf)
    __aeabi_drsub                            0x0800a00d   Thumb Code     0  daddsub_clz.o(x$fpl$drsb)
    _drsb                                    0x0800a00d   Thumb Code    22  daddsub_clz.o(x$fpl$drsb)
    _dsqrt                                   0x0800a025   Thumb Code   404  dsqrt_umaal.o(x$fpl$dsqrt)
    __aeabi_dsub                             0x0800a1bd   Thumb Code     0  daddsub_clz.o(x$fpl$dsub)
    _dsub                                    0x0800a1bd   Thumb Code   472  daddsub_clz.o(x$fpl$dsub)
    __aeabi_f2d                              0x0800a399   Thumb Code     0  f2d.o(x$fpl$f2d)
    _f2d                                     0x0800a399   Thumb Code    86  f2d.o(x$fpl$f2d)
    __fpl_fnaninf                            0x0800a3ef   Thumb Code   140  fnaninf.o(x$fpl$fnaninf)
    _fp_init                                 0x0800a47b   Thumb Code    26  fpinit.o(x$fpl$fpinit)
    __fplib_config_fpu_vfp                   0x0800a493   Thumb Code     0  fpinit.o(x$fpl$fpinit)
    __fplib_config_pureend_doubles           0x0800a493   Thumb Code     0  fpinit.o(x$fpl$fpinit)
    __fpl_fretinf                            0x0800a495   Thumb Code    10  fretinf.o(x$fpl$fretinf)
    _printf_fp_dec                           0x0800a49f   Thumb Code     4  printf1.o(x$fpl$printf1)
    _printf_fp_hex                           0x0800a4a3   Thumb Code     4  printf2.o(x$fpl$printf2)
    __I$use$fp                               0x0800a4a6   Number         0  usenofp.o(x$fpl$usenofp)
    __mathlib_zero                           0x0800a608   Data           8  qnan.o(.constdata)
    AHBPrescTable                            0x0800a7c4   Data          16  system_stm32f3xx.o(.rodata.AHBPrescTable)
    APBPrescTable                            0x0800a7d4   Data           8  system_stm32f3xx.o(.rodata.APBPrescTable)
    Font7x10                                 0x0800a7dc   Data        1900  fonts.o(.rodata.Font7x10)
    aPLLMULFactorTable                       0x0800af48   Data          16  stm32f3xx_hal_rcc.o(.rodata.aPLLMULFactorTable)
    aPredivFactorTable                       0x0800af58   Data          16  stm32f3xx_hal_rcc.o(.rodata.aPredivFactorTable)
    Region$$Table$$Base                      0x0800af80   Number         0  anon$$obj.o(Region$$Table)
    Region$$Table$$Limit                     0x0800afa0   Number         0  anon$$obj.o(Region$$Table)
    __ctype                                  0x0800afc9   Data           0  lc_ctype_c.o(locale$$data)
    Font_7x10                                0x20000000   Data           8  fonts.o(.data.Font_7x10)
    SystemCoreClock                          0x20000008   Data           4  system_stm32f3xx.o(.data.SystemCoreClock)
    uwTickFreq                               0x2000000c   Data           1  stm32f3xx_hal.o(.data.uwTickFreq)
    uwTickPrio                               0x20000010   Data           4  stm32f3xx_hal.o(.data.uwTickPrio)
    __libspace_start                         0x20000018   Data          96  libspace.o(.bss)
    D                                        0x20000078   Data           4  mano.o(.bss.D)
    __temporary_stack_top$libspace           0x20000078   Data           0  libspace.o(.bss)
    MX1                                      0x20000088   Data           4  mano.o(.bss.MX1)
    MX2                                      0x2000008c   Data           4  mano.o(.bss.MX2)
    MY1                                      0x20000090   Data           4  mano.o(.bss.MY1)
    MY2                                      0x20000094   Data           4  mano.o(.bss.MY2)
    MZ1                                      0x20000098   Data           4  mano.o(.bss.MZ1)
    MZ2                                      0x2000009c   Data           4  mano.o(.bss.MZ2)
    accX                                     0x200004a8   Data           4  mano.o(.bss.accX)
    accX_temp                                0x200004ac   Data           2  mano.o(.bss.accX_temp)
    accY                                     0x200004b0   Data           4  mano.o(.bss.accY)
    accY_temp                                0x200004b4   Data           2  mano.o(.bss.accY_temp)
    accZ                                     0x200004b8   Data           4  mano.o(.bss.accZ)
    accZ_temp                                0x200004bc   Data           2  mano.o(.bss.accZ_temp)
    calibrationValue                         0x200004c0   Data           4  mano.o(.bss.calibrationValue)
    compassRotation                          0x200004c4   Data           4  main.o(.bss.compassRotation)
    hi2c1                                    0x200004c8   Data          76  main.o(.bss.hi2c1)
    hi2c2                                    0x20000514   Data          76  main.o(.bss.hi2c2)
    htim3                                    0x20000560   Data          76  main.o(.bss.htim3)
    huart4                                   0x200005ac   Data         132  main.o(.bss.huart4)
    nuskaitymuSkaicius                       0x20000630   Data           4  main.o(.bss.nuskaitymuSkaicius)
    nuskaitymu_skaicius                      0x20000634   Data           4  mano.o(.bss.nuskaitymu_skaicius)
    pFlash                                   0x20000638   Data          32  stm32f3xx_hal_flash.o(.bss.pFlash)
    pitch                                    0x20000658   Data           4  mano.o(.bss.pitch)
    rawX                                     0x2000065c   Data           4  mano.o(.bss.rawX)
    rawX_temp                                0x20000660   Data           2  mano.o(.bss.rawX_temp)
    rawY                                     0x20000664   Data           4  mano.o(.bss.rawY)
    rawY_temp                                0x20000668   Data           2  mano.o(.bss.rawY_temp)
    rawZ                                     0x2000066c   Data           4  mano.o(.bss.rawZ)
    rawZ_temp                                0x20000670   Data           2  mano.o(.bss.rawZ_temp)
    receiveData                              0x20000672   Data           6  mano.o(.bss.receiveData)
    receiveUARTData                          0x20000678   Data           6  main.o(.bss.receiveUARTData)
    received_calibration                     0x2000067e   Data           2  main.o(.bss.received_calibration)
    roll                                     0x20000680   Data           4  mano.o(.bss.roll)
    sendData                                 0x20000684   Data           3  mano.o(.bss.sendData)
    status                                   0x20000687   Data           1  mano.o(.bss.status)
    uwTick                                   0x20000688   Data           4  stm32f3xx_hal.o(.bss.uwTick)



==============================================================================

Memory Map of the image

  Image Entry point : 0x08000189

  Load Region LR_IROM1 (Base: 0x08000000, Size: 0x0000b0e8, Max: 0x00040000, ABSOLUTE)

    Execution Region ER_IROM1 (Exec base: 0x08000000, Load base: 0x08000000, Size: 0x0000b0cc, Max: 0x00040000, ABSOLUTE)

    Exec Addr    Load Addr    Size         Type   Attr      Idx    E Section Name        Object

    0x08000000   0x08000000   0x00000188   Data   RO            3    RESET               startup_stm32f303xc.o
    0x08000188   0x08000188   0x00000008   Code   RO         1350  * !!!main             c_w.l(__main.o)
    0x08000190   0x08000190   0x00000034   Code   RO         1822    !!!scatter          c_w.l(__scatter.o)
    0x080001c4   0x080001c4   0x0000001a   Code   RO         1824    !!handler_copy      c_w.l(__scatter_copy.o)
    0x080001de   0x080001de   0x00000002   PAD
    0x080001e0   0x080001e0   0x0000001c   Code   RO         1826    !!handler_zi        c_w.l(__scatter_zi.o)
    0x080001fc   0x080001fc   0x00000000   Code   RO         1485    .ARM.Collect$$_printf_percent$$00000000  c_w.l(_printf_percent.o)
    0x080001fc   0x080001fc   0x00000006   Code   RO         1474    .ARM.Collect$$_printf_percent$$00000001  c_w.l(_printf_n.o)
    0x08000202   0x08000202   0x00000006   Code   RO         1476    .ARM.Collect$$_printf_percent$$00000002  c_w.l(_printf_p.o)
    0x08000208   0x08000208   0x00000006   Code   RO         1481    .ARM.Collect$$_printf_percent$$00000003  c_w.l(_printf_f.o)
    0x0800020e   0x0800020e   0x00000006   Code   RO         1482    .ARM.Collect$$_printf_percent$$00000004  c_w.l(_printf_e.o)
    0x08000214   0x08000214   0x00000006   Code   RO         1483    .ARM.Collect$$_printf_percent$$00000005  c_w.l(_printf_g.o)
    0x0800021a   0x0800021a   0x00000006   Code   RO         1484    .ARM.Collect$$_printf_percent$$00000006  c_w.l(_printf_a.o)
    0x08000220   0x08000220   0x0000000a   Code   RO         1489    .ARM.Collect$$_printf_percent$$00000007  c_w.l(_printf_ll.o)
    0x0800022a   0x0800022a   0x00000006   Code   RO         1478    .ARM.Collect$$_printf_percent$$00000008  c_w.l(_printf_i.o)
    0x08000230   0x08000230   0x00000006   Code   RO         1479    .ARM.Collect$$_printf_percent$$00000009  c_w.l(_printf_d.o)
    0x08000236   0x08000236   0x00000006   Code   RO         1480    .ARM.Collect$$_printf_percent$$0000000A  c_w.l(_printf_u.o)
    0x0800023c   0x0800023c   0x00000006   Code   RO         1477    .ARM.Collect$$_printf_percent$$0000000B  c_w.l(_printf_o.o)
    0x08000242   0x08000242   0x00000006   Code   RO         1475    .ARM.Collect$$_printf_percent$$0000000C  c_w.l(_printf_x.o)
    0x08000248   0x08000248   0x00000006   Code   RO         1486    .ARM.Collect$$_printf_percent$$0000000D  c_w.l(_printf_lli.o)
    0x0800024e   0x0800024e   0x00000006   Code   RO         1487    .ARM.Collect$$_printf_percent$$0000000E  c_w.l(_printf_lld.o)
    0x08000254   0x08000254   0x00000006   Code   RO         1488    .ARM.Collect$$_printf_percent$$0000000F  c_w.l(_printf_llu.o)
    0x0800025a   0x0800025a   0x00000006   Code   RO         1493    .ARM.Collect$$_printf_percent$$00000010  c_w.l(_printf_llo.o)
    0x08000260   0x08000260   0x00000006   Code   RO         1494    .ARM.Collect$$_printf_percent$$00000011  c_w.l(_printf_llx.o)
    0x08000266   0x08000266   0x0000000a   Code   RO         1490    .ARM.Collect$$_printf_percent$$00000012  c_w.l(_printf_l.o)
    0x08000270   0x08000270   0x00000006   Code   RO         1472    .ARM.Collect$$_printf_percent$$00000013  c_w.l(_printf_c.o)
    0x08000276   0x08000276   0x00000006   Code   RO         1473    .ARM.Collect$$_printf_percent$$00000014  c_w.l(_printf_s.o)
    0x0800027c   0x0800027c   0x00000006   Code   RO         1491    .ARM.Collect$$_printf_percent$$00000015  c_w.l(_printf_lc.o)
    0x08000282   0x08000282   0x00000006   Code   RO         1492    .ARM.Collect$$_printf_percent$$00000016  c_w.l(_printf_ls.o)
    0x08000288   0x08000288   0x00000004   Code   RO         1608    .ARM.Collect$$_printf_percent$$00000017  c_w.l(_printf_percent_end.o)
    0x0800028c   0x0800028c   0x00000002   Code   RO         1676    .ARM.Collect$$libinit$$00000000  c_w.l(libinit.o)
    0x0800028e   0x0800028e   0x00000004   Code   RO         1694    .ARM.Collect$$libinit$$00000001  c_w.l(libinit2.o)
    0x08000292   0x08000292   0x00000000   Code   RO         1697    .ARM.Collect$$libinit$$00000004  c_w.l(libinit2.o)
    0x08000292   0x08000292   0x00000000   Code   RO         1699    .ARM.Collect$$libinit$$00000006  c_w.l(libinit2.o)
    0x08000292   0x08000292   0x00000000   Code   RO         1702    .ARM.Collect$$libinit$$0000000C  c_w.l(libinit2.o)
    0x08000292   0x08000292   0x00000000   Code   RO         1704    .ARM.Collect$$libinit$$0000000E  c_w.l(libinit2.o)
    0x08000292   0x08000292   0x00000000   Code   RO         1706    .ARM.Collect$$libinit$$00000010  c_w.l(libinit2.o)
    0x08000292   0x08000292   0x00000006   Code   RO         1707    .ARM.Collect$$libinit$$00000011  c_w.l(libinit2.o)
    0x08000298   0x08000298   0x00000000   Code   RO         1709    .ARM.Collect$$libinit$$00000013  c_w.l(libinit2.o)
    0x08000298   0x08000298   0x0000000c   Code   RO         1710    .ARM.Collect$$libinit$$00000014  c_w.l(libinit2.o)
    0x080002a4   0x080002a4   0x00000000   Code   RO         1711    .ARM.Collect$$libinit$$00000015  c_w.l(libinit2.o)
    0x080002a4   0x080002a4   0x00000000   Code   RO         1713    .ARM.Collect$$libinit$$00000017  c_w.l(libinit2.o)
    0x080002a4   0x080002a4   0x0000000a   Code   RO         1714    .ARM.Collect$$libinit$$00000018  c_w.l(libinit2.o)
    0x080002ae   0x080002ae   0x00000000   Code   RO         1715    .ARM.Collect$$libinit$$00000019  c_w.l(libinit2.o)
    0x080002ae   0x080002ae   0x00000000   Code   RO         1717    .ARM.Collect$$libinit$$0000001B  c_w.l(libinit2.o)
    0x080002ae   0x080002ae   0x00000000   Code   RO         1719    .ARM.Collect$$libinit$$0000001D  c_w.l(libinit2.o)
    0x080002ae   0x080002ae   0x00000000   Code   RO         1721    .ARM.Collect$$libinit$$0000001F  c_w.l(libinit2.o)
    0x080002ae   0x080002ae   0x00000000   Code   RO         1723    .ARM.Collect$$libinit$$00000021  c_w.l(libinit2.o)
    0x080002ae   0x080002ae   0x00000000   Code   RO         1725    .ARM.Collect$$libinit$$00000023  c_w.l(libinit2.o)
    0x080002ae   0x080002ae   0x00000000   Code   RO         1727    .ARM.Collect$$libinit$$00000025  c_w.l(libinit2.o)
    0x080002ae   0x080002ae   0x00000000   Code   RO         1729    .ARM.Collect$$libinit$$00000027  c_w.l(libinit2.o)
    0x080002ae   0x080002ae   0x00000000   Code   RO         1733    .ARM.Collect$$libinit$$0000002E  c_w.l(libinit2.o)
    0x080002ae   0x080002ae   0x00000000   Code   RO         1735    .ARM.Collect$$libinit$$00000030  c_w.l(libinit2.o)
    0x080002ae   0x080002ae   0x00000000   Code   RO         1737    .ARM.Collect$$libinit$$00000032  c_w.l(libinit2.o)
    0x080002ae   0x080002ae   0x00000000   Code   RO         1739    .ARM.Collect$$libinit$$00000034  c_w.l(libinit2.o)
    0x080002ae   0x080002ae   0x00000002   Code   RO         1740    .ARM.Collect$$libinit$$00000035  c_w.l(libinit2.o)
    0x080002b0   0x080002b0   0x00000002   Code   RO         1777    .ARM.Collect$$libshutdown$$00000000  c_w.l(libshutdown.o)
    0x080002b2   0x080002b2   0x00000000   Code   RO         1805    .ARM.Collect$$libshutdown$$00000002  c_w.l(libshutdown2.o)
    0x080002b2   0x080002b2   0x00000000   Code   RO         1807    .ARM.Collect$$libshutdown$$00000004  c_w.l(libshutdown2.o)
    0x080002b2   0x080002b2   0x00000000   Code   RO         1810    .ARM.Collect$$libshutdown$$00000007  c_w.l(libshutdown2.o)
    0x080002b2   0x080002b2   0x00000000   Code   RO         1813    .ARM.Collect$$libshutdown$$0000000A  c_w.l(libshutdown2.o)
    0x080002b2   0x080002b2   0x00000000   Code   RO         1815    .ARM.Collect$$libshutdown$$0000000C  c_w.l(libshutdown2.o)
    0x080002b2   0x080002b2   0x00000000   Code   RO         1818    .ARM.Collect$$libshutdown$$0000000F  c_w.l(libshutdown2.o)
    0x080002b2   0x080002b2   0x00000002   Code   RO         1819    .ARM.Collect$$libshutdown$$00000010  c_w.l(libshutdown2.o)
    0x080002b4   0x080002b4   0x00000000   Code   RO         1397    .ARM.Collect$$rtentry$$00000000  c_w.l(__rtentry.o)
    0x080002b4   0x080002b4   0x00000000   Code   RO         1570    .ARM.Collect$$rtentry$$00000002  c_w.l(__rtentry2.o)
    0x080002b4   0x080002b4   0x00000006   Code   RO         1582    .ARM.Collect$$rtentry$$00000004  c_w.l(__rtentry4.o)
    0x080002ba   0x080002ba   0x00000000   Code   RO         1572    .ARM.Collect$$rtentry$$00000009  c_w.l(__rtentry2.o)
    0x080002ba   0x080002ba   0x00000004   Code   RO         1573    .ARM.Collect$$rtentry$$0000000A  c_w.l(__rtentry2.o)
    0x080002be   0x080002be   0x00000000   Code   RO         1575    .ARM.Collect$$rtentry$$0000000C  c_w.l(__rtentry2.o)
    0x080002be   0x080002be   0x00000008   Code   RO         1576    .ARM.Collect$$rtentry$$0000000D  c_w.l(__rtentry2.o)
    0x080002c6   0x080002c6   0x00000002   Code   RO         1679    .ARM.Collect$$rtexit$$00000000  c_w.l(rtexit.o)
    0x080002c8   0x080002c8   0x00000000   Code   RO         1746    .ARM.Collect$$rtexit$$00000002  c_w.l(rtexit2.o)
    0x080002c8   0x080002c8   0x00000004   Code   RO         1747    .ARM.Collect$$rtexit$$00000003  c_w.l(rtexit2.o)
    0x080002cc   0x080002cc   0x00000006   Code   RO         1748    .ARM.Collect$$rtexit$$00000004  c_w.l(rtexit2.o)
    0x080002d2   0x080002d2   0x00000002   PAD
    0x080002d4   0x080002d4   0x00000040   Code   RO            4    .text               startup_stm32f303xc.o
    0x08000314   0x08000314   0x000000f0   Code   RO         1336    .text               c_w.l(lludivv7m.o)
    0x08000404   0x08000404   0x0000002c   Code   RO         1338    .text               c_w.l(sprintf.o)
    0x08000430   0x08000430   0x00000010   Code   RO         1344    .text               c_w.l(aeabi_memset.o)
    0x08000440   0x08000440   0x0000004e   Code   RO         1346    .text               c_w.l(rt_memclr_w.o)
    0x0800048e   0x0800048e   0x00000006   Code   RO         1348    .text               c_w.l(heapauxi.o)
    0x08000494   0x08000494   0x00000016   Code   RO         1402    .text               c_w.l(_rserrno.o)
    0x080004aa   0x080004aa   0x0000004e   Code   RO         1406    .text               c_w.l(_printf_pad.o)
    0x080004f8   0x080004f8   0x00000024   Code   RO         1408    .text               c_w.l(_printf_truncate.o)
    0x0800051c   0x0800051c   0x00000052   Code   RO         1410    .text               c_w.l(_printf_str.o)
    0x0800056e   0x0800056e   0x00000002   PAD
    0x08000570   0x08000570   0x00000078   Code   RO         1412    .text               c_w.l(_printf_dec.o)
    0x080005e8   0x080005e8   0x00000028   Code   RO         1414    .text               c_w.l(_printf_charcount.o)
    0x08000610   0x08000610   0x00000030   Code   RO         1416    .text               c_w.l(_printf_char_common.o)
    0x08000640   0x08000640   0x0000000a   Code   RO         1418    .text               c_w.l(_sputc.o)
    0x0800064a   0x0800064a   0x00000002   PAD
    0x0800064c   0x0800064c   0x000000bc   Code   RO         1420    .text               c_w.l(_printf_wctomb.o)
    0x08000708   0x08000708   0x0000007c   Code   RO         1423    .text               c_w.l(_printf_longlong_dec.o)
    0x08000784   0x08000784   0x00000070   Code   RO         1429    .text               c_w.l(_printf_oct_int_ll.o)
    0x080007f4   0x080007f4   0x00000094   Code   RO         1449    .text               c_w.l(_printf_hex_int_ll_ptr.o)
    0x08000888   0x08000888   0x00000188   Code   RO         1469    .text               c_w.l(__printf_flags_ss_wp.o)
    0x08000a10   0x08000a10   0x00000044   Code   RO         1497    .text               c_w.l(rt_memclr.o)
    0x08000a54   0x08000a54   0x00000008   Code   RO         1589    .text               c_w.l(rt_errno_addr_intlibspace.o)
    0x08000a5c   0x08000a5c   0x0000008a   Code   RO         1591    .text               c_w.l(lludiv10.o)
    0x08000ae6   0x08000ae6   0x000000b2   Code   RO         1593    .text               c_w.l(_printf_intcommon.o)
    0x08000b98   0x08000b98   0x0000041c   Code   RO         1595    .text               c_w.l(_printf_fp_dec.o)
    0x08000fb4   0x08000fb4   0x000002fc   Code   RO         1599    .text               c_w.l(_printf_fp_hex.o)
    0x080012b0   0x080012b0   0x0000002c   Code   RO         1604    .text               c_w.l(_printf_char.o)
    0x080012dc   0x080012dc   0x0000002c   Code   RO         1606    .text               c_w.l(_printf_wchar.o)
    0x08001308   0x08001308   0x00000048   Code   RO         1609    .text               c_w.l(_c16rtomb.o)
    0x08001350   0x08001350   0x00000008   Code   RO         1621    .text               c_w.l(libspace.o)
    0x08001358   0x08001358   0x0000004a   Code   RO         1624    .text               c_w.l(sys_stackheap_outer.o)
    0x080013a2   0x080013a2   0x00000002   PAD
    0x080013a4   0x080013a4   0x00000010   Code   RO         1626    .text               c_w.l(rt_ctype_table.o)
    0x080013b4   0x080013b4   0x00000008   Code   RO         1631    .text               c_w.l(rt_locale_intlibspace.o)
    0x080013bc   0x080013bc   0x00000080   Code   RO         1633    .text               c_w.l(_printf_fp_infnan.o)
    0x0800143c   0x0800143c   0x000000e4   Code   RO         1635    .text               c_w.l(bigflt0.o)
    0x08001520   0x08001520   0x00000012   Code   RO         1665    .text               c_w.l(exit.o)
    0x08001532   0x08001532   0x00000006   PAD
    0x08001538   0x08001538   0x0000007c   Code   RO         1692    .text               c_w.l(strcmpv7em.o)
    0x080015b4   0x080015b4   0x0000000c   Code   RO         1741    .text               c_w.l(sys_exit.o)
    0x080015c0   0x080015c0   0x00000002   Code   RO         1766    .text               c_w.l(use_no_semi.o)
    0x080015c2   0x080015c2   0x00000000   Code   RO         1768    .text               c_w.l(indicate_semi.o)
    0x080015c2   0x080015c2   0x00000002   PAD
    0x080015c4   0x080015c4   0x00000004   Code   RO          189    .text.BusFault_Handler  stm32f3xx_it.o
    0x080015c8   0x080015c8   0x00000640   Code   RO           15    .text.Calculate_compass_data  mano.o
    0x08001c08   0x08001c08   0x00000002   Code   RO          195    .text.DebugMon_Handler  stm32f3xx_it.o
    0x08001c0a   0x08001c0a   0x00000002   PAD
    0x08001c0c   0x08001c0c   0x0000000e   Code   RO          165    .text.Error_Handler  main.o
    0x08001c1a   0x08001c1a   0x00000002   PAD
    0x08001c1c   0x08001c1c   0x00000026   Code   RO          749    .text.FLASH_MassErase  stm32f3xx_hal_flash_ex.o
    0x08001c42   0x08001c42   0x00000002   PAD
    0x08001c44   0x08001c44   0x00000038   Code   RO          751    .text.FLASH_PageErase  stm32f3xx_hal_flash_ex.o
    0x08001c7c   0x08001c7c   0x00000030   Code   RO          715    .text.FLASH_Program_HalfWord  stm32f3xx_hal_flash.o
    0x08001cac   0x08001cac   0x0000006e   Code   RO          721    .text.FLASH_SetErrorCode  stm32f3xx_hal_flash.o
    0x08001d1a   0x08001d1a   0x00000002   PAD
    0x08001d1c   0x08001d1c   0x000000aa   Code   RO          713    .text.FLASH_WaitForLastOperation  stm32f3xx_hal_flash.o
    0x08001dc6   0x08001dc6   0x00000002   PAD
    0x08001dc8   0x08001dc8   0x00000036   Code   RO           25    .text.Flash_Read_Data  mano.o
    0x08001dfe   0x08001dfe   0x00000002   PAD
    0x08001e00   0x08001e00   0x000000a6   Code   RO           29    .text.Flash_Write_Data  mano.o
    0x08001ea6   0x08001ea6   0x00000002   PAD
    0x08001ea8   0x08001ea8   0x000001ee   Code   RO           13    .text.Get_Compass_Data  mano.o
    0x08002096   0x08002096   0x00000002   PAD
    0x08002098   0x08002098   0x00000074   Code   RO          569    .text.HAL_DMA_Abort  stm32f3xx_hal_dma.o
    0x0800210c   0x0800210c   0x00000078   Code   RO          571    .text.HAL_DMA_Abort_IT  stm32f3xx_hal_dma.o
    0x08002184   0x08002184   0x00000108   Code   RO          747    .text.HAL_FLASHEx_Erase  stm32f3xx_hal_flash_ex.o
    0x0800228c   0x0800228c   0x0000000c   Code   RO          737    .text.HAL_FLASH_GetError  stm32f3xx_hal_flash.o
    0x08002298   0x08002298   0x00000014   Code   RO          729    .text.HAL_FLASH_Lock  stm32f3xx_hal_flash.o
    0x080022ac   0x080022ac   0x0000012c   Code   RO          711    .text.HAL_FLASH_Program  stm32f3xx_hal_flash.o
    0x080023d8   0x080023d8   0x0000005a   Code   RO          727    .text.HAL_FLASH_Unlock  stm32f3xx_hal_flash.o
    0x08002432   0x08002432   0x00000002   PAD
    0x08002434   0x08002434   0x0000034c   Code   RO          534    .text.HAL_GPIO_Init  stm32f3xx_hal_gpio.o
    0x08002780   0x08002780   0x0000002c   Code   RO          540    .text.HAL_GPIO_WritePin  stm32f3xx_hal_gpio.o
    0x080027ac   0x080027ac   0x0000000c   Code   RO          433    .text.HAL_GetTick   stm32f3xx_hal.o
    0x080027b8   0x080027b8   0x00000098   Code   RO          402    .text.HAL_I2CEx_ConfigAnalogFilter  stm32f3xx_hal_i2c_ex.o
    0x08002850   0x08002850   0x000000a2   Code   RO          404    .text.HAL_I2CEx_ConfigDigitalFilter  stm32f3xx_hal_i2c_ex.o
    0x080028f2   0x080028f2   0x00000002   PAD
    0x080028f4   0x080028f4   0x0000002e   Code   RO          345    .text.HAL_I2C_EV_IRQHandler  stm32f3xx_hal_i2c.o
    0x08002922   0x08002922   0x00000002   PAD
    0x08002924   0x08002924   0x00000104   Code   RO          237    .text.HAL_I2C_Init  stm32f3xx_hal_i2c.o
    0x08002a28   0x08002a28   0x00000252   Code   RO          315    .text.HAL_I2C_IsDeviceReady  stm32f3xx_hal_i2c.o
    0x08002c7a   0x08002c7a   0x00000002   PAD
    0x08002c7c   0x08002c7c   0x0000021c   Code   RO          255    .text.HAL_I2C_Master_Receive  stm32f3xx_hal_i2c.o
    0x08002e98   0x08002e98   0x0000021a   Code   RO          245    .text.HAL_I2C_Master_Transmit  stm32f3xx_hal_i2c.o
    0x080030b2   0x080030b2   0x00000002   PAD
    0x080030b4   0x080030b4   0x0000011e   Code   RO          218    .text.HAL_I2C_MspInit  stm32f3xx_hal_msp.o
    0x080031d2   0x080031d2   0x00000002   PAD
    0x080031d4   0x080031d4   0x0000001a   Code   RO          431    .text.HAL_IncTick   stm32f3xx_hal.o
    0x080031ee   0x080031ee   0x00000002   PAD
    0x080031f0   0x080031f0   0x0000002c   Code   RO          421    .text.HAL_Init      stm32f3xx_hal.o
    0x0800321c   0x0800321c   0x00000070   Code   RO          423    .text.HAL_InitTick  stm32f3xx_hal.o
    0x0800328c   0x0800328c   0x0000004a   Code   RO          216    .text.HAL_MspInit   stm32f3xx_hal_msp.o
    0x080032d6   0x080032d6   0x00000002   PAD
    0x080032d8   0x080032d8   0x00000014   Code   RO          604    .text.HAL_NVIC_EnableIRQ  stm32f3xx_hal_cortex.o
    0x080032ec   0x080032ec   0x00000032   Code   RO          596    .text.HAL_NVIC_SetPriority  stm32f3xx_hal_cortex.o
    0x0800331e   0x0800331e   0x00000002   PAD
    0x08003320   0x08003320   0x00000010   Code   RO          592    .text.HAL_NVIC_SetPriorityGrouping  stm32f3xx_hal_cortex.o
    0x08003330   0x08003330   0x00000032   Code   RO          673    .text.HAL_PWR_EnterSLEEPMode  stm32f3xx_hal_pwr.o
    0x08003362   0x08003362   0x00000002   PAD
    0x08003364   0x08003364   0x000003a0   Code   RO          518    .text.HAL_RCCEx_PeriphCLKConfig  stm32f3xx_hal_rcc_ex.o
    0x08003704   0x08003704   0x0000030a   Code   RO          485    .text.HAL_RCC_ClockConfig  stm32f3xx_hal_rcc.o
    0x08003a0e   0x08003a0e   0x00000002   PAD
    0x08003a10   0x08003a10   0x0000000c   Code   RO          495    .text.HAL_RCC_GetHCLKFreq  stm32f3xx_hal_rcc.o
    0x08003a1c   0x08003a1c   0x00000022   Code   RO          497    .text.HAL_RCC_GetPCLK1Freq  stm32f3xx_hal_rcc.o
    0x08003a3e   0x08003a3e   0x00000002   PAD
    0x08003a40   0x08003a40   0x00000022   Code   RO          499    .text.HAL_RCC_GetPCLK2Freq  stm32f3xx_hal_rcc.o
    0x08003a62   0x08003a62   0x00000002   PAD
    0x08003a64   0x08003a64   0x000000c2   Code   RO          487    .text.HAL_RCC_GetSysClockFreq  stm32f3xx_hal_rcc.o
    0x08003b26   0x08003b26   0x00000002   PAD
    0x08003b28   0x08003b28   0x00000a6e   Code   RO          483    .text.HAL_RCC_OscConfig  stm32f3xx_hal_rcc.o
    0x08004596   0x08004596   0x00000002   PAD
    0x08004598   0x08004598   0x00000012   Code   RO          445    .text.HAL_ResumeTick  stm32f3xx_hal.o
    0x080045aa   0x080045aa   0x00000002   PAD
    0x080045ac   0x080045ac   0x00000010   Code   RO          616    .text.HAL_SYSTICK_Config  stm32f3xx_hal_cortex.o
    0x080045bc   0x080045bc   0x00000012   Code   RO          443    .text.HAL_SuspendTick  stm32f3xx_hal.o
    0x080045ce   0x080045ce   0x00000002   PAD
    0x080045d0   0x080045d0   0x00000008   Code   RO         1142    .text.HAL_TIMEx_Break2Callback  stm32f3xx_hal_tim_ex.o
    0x080045d8   0x080045d8   0x00000008   Code   RO         1140    .text.HAL_TIMEx_BreakCallback  stm32f3xx_hal_tim_ex.o
    0x080045e0   0x080045e0   0x00000008   Code   RO         1136    .text.HAL_TIMEx_CommutCallback  stm32f3xx_hal_tim_ex.o
    0x080045e8   0x080045e8   0x00000138   Code   RO         1128    .text.HAL_TIMEx_MasterConfigSynchronization  stm32f3xx_hal_tim_ex.o
    0x08004720   0x08004720   0x000000a8   Code   RO          811    .text.HAL_TIM_Base_Init  stm32f3xx_hal_tim.o
    0x080047c8   0x080047c8   0x0000004e   Code   RO          222    .text.HAL_TIM_Base_MspInit  stm32f3xx_hal_msp.o
    0x08004816   0x08004816   0x00000002   PAD
    0x08004818   0x08004818   0x000000e2   Code   RO          825    .text.HAL_TIM_Base_Start_IT  stm32f3xx_hal_tim.o
    0x080048fa   0x080048fa   0x00000002   PAD
    0x080048fc   0x080048fc   0x0000018a   Code   RO         1007    .text.HAL_TIM_ConfigClockSource  stm32f3xx_hal_tim.o
    0x08004a86   0x08004a86   0x00000002   PAD
    0x08004a88   0x08004a88   0x00000008   Code   RO          947    .text.HAL_TIM_IC_CaptureCallback  stm32f3xx_hal_tim.o
    0x08004a90   0x08004a90   0x000002b4   Code   RO          945    .text.HAL_TIM_IRQHandler  stm32f3xx_hal_tim.o
    0x08004d44   0x08004d44   0x00000008   Code   RO          949    .text.HAL_TIM_OC_DelayElapsedCallback  stm32f3xx_hal_tim.o
    0x08004d4c   0x08004d4c   0x00000008   Code   RO          951    .text.HAL_TIM_PWM_PulseFinishedCallback  stm32f3xx_hal_tim.o
    0x08004d54   0x08004d54   0x0000005e   Code   RO          145    .text.HAL_TIM_PeriodElapsedCallback  main.o
    0x08004db2   0x08004db2   0x00000002   PAD
    0x08004db4   0x08004db4   0x00000008   Code   RO          955    .text.HAL_TIM_TriggerCallback  stm32f3xx_hal_tim.o
    0x08004dbc   0x08004dbc   0x0000000c   Code   RO         1245    .text.HAL_UARTEx_RxEventCallback  stm32f3xx_hal_uart.o
    0x08004dc8   0x08004dc8   0x00000008   Code   RO         1296    .text.HAL_UARTEx_WakeupCallback  stm32f3xx_hal_uart_ex.o
    0x08004dd0   0x08004dd0   0x00000008   Code   RO         1243    .text.HAL_UART_ErrorCallback  stm32f3xx_hal_uart.o
    0x08004dd8   0x08004dd8   0x000004cc   Code   RO         1239    .text.HAL_UART_IRQHandler  stm32f3xx_hal_uart.o
    0x080052a4   0x080052a4   0x000000a6   Code   RO         1155    .text.HAL_UART_Init  stm32f3xx_hal_uart.o
    0x0800534a   0x0800534a   0x00000002   PAD
    0x0800534c   0x0800534c   0x0000009e   Code   RO          226    .text.HAL_UART_MspInit  stm32f3xx_hal_msp.o
    0x080053ea   0x080053ea   0x00000002   PAD
    0x080053ec   0x080053ec   0x000000ac   Code   RO         1187    .text.HAL_UART_Receive_IT  stm32f3xx_hal_uart.o
    0x08005498   0x08005498   0x00000044   Code   RO          147    .text.HAL_UART_RxCpltCallback  main.o
    0x080054dc   0x080054dc   0x00000150   Code   RO         1175    .text.HAL_UART_Transmit  stm32f3xx_hal_uart.o
    0x0800562c   0x0800562c   0x000000f2   Code   RO         1181    .text.HAL_UART_Transmit_IT  stm32f3xx_hal_uart.o
    0x0800571e   0x0800571e   0x00000002   PAD
    0x08005720   0x08005720   0x0000000e   Code   RO          149    .text.HAL_UART_TxCpltCallback  main.o
    0x0800572e   0x0800572e   0x00000002   PAD
    0x08005730   0x08005730   0x00000004   Code   RO          185    .text.HardFault_Handler  stm32f3xx_it.o
    0x08005734   0x08005734   0x00000010   Code   RO          203    .text.I2C1_EV_IRQHandler  stm32f3xx_it.o
    0x08005744   0x08005744   0x00000010   Code   RO          205    .text.I2C2_EV_IRQHandler  stm32f3xx_it.o
    0x08005754   0x08005754   0x00000040   Code   RO          377    .text.I2C_Flush_TXDR  stm32f3xx_hal_i2c.o
    0x08005794   0x08005794   0x00000092   Code   RO           11    .text.I2C_Init      mano.o
    0x08005826   0x08005826   0x00000002   PAD
    0x08005828   0x08005828   0x0000010c   Code   RO          393    .text.I2C_IsAcknowledgeFailed  stm32f3xx_hal_i2c.o
    0x08005934   0x08005934   0x0000004a   Code   RO          249    .text.I2C_TransferConfig  stm32f3xx_hal_i2c.o
    0x0800597e   0x0800597e   0x00000002   PAD
    0x08005980   0x08005980   0x00000090   Code   RO          247    .text.I2C_WaitOnFlagUntilTimeout  stm32f3xx_hal_i2c.o
    0x08005a10   0x08005a10   0x000000fc   Code   RO          257    .text.I2C_WaitOnRXNEFlagUntilTimeout  stm32f3xx_hal_i2c.o
    0x08005b0c   0x08005b0c   0x0000008c   Code   RO          253    .text.I2C_WaitOnSTOPFlagUntilTimeout  stm32f3xx_hal_i2c.o
    0x08005b98   0x08005b98   0x00000096   Code   RO          251    .text.I2C_WaitOnTXISFlagUntilTimeout  stm32f3xx_hal_i2c.o
    0x08005c2e   0x08005c2e   0x00000002   PAD
    0x08005c30   0x08005c30   0x00000114   Code   RO          155    .text.MX_GPIO_Init  main.o
    0x08005d44   0x08005d44   0x00000076   Code   RO          157    .text.MX_I2C1_Init  main.o
    0x08005dba   0x08005dba   0x00000002   PAD
    0x08005dbc   0x08005dbc   0x00000072   Code   RO          161    .text.MX_I2C2_Init  main.o
    0x08005e2e   0x08005e2e   0x00000002   PAD
    0x08005e30   0x08005e30   0x00000086   Code   RO          163    .text.MX_TIM3_Init  main.o
    0x08005eb6   0x08005eb6   0x00000002   PAD
    0x08005eb8   0x08005eb8   0x00000044   Code   RO          159    .text.MX_UART4_Init  main.o
    0x08005efc   0x08005efc   0x00000004   Code   RO          187    .text.MemManage_Handler  stm32f3xx_it.o
    0x08005f00   0x08005f00   0x00000004   Code   RO          183    .text.NMI_Handler   stm32f3xx_it.o
    0x08005f04   0x08005f04   0x0000006c   Code   RO          602    .text.NVIC_EncodePriority  stm32f3xx_hal_cortex.o
    0x08005f70   0x08005f70   0x00000002   Code   RO          197    .text.PendSV_Handler  stm32f3xx_it.o
    0x08005f72   0x08005f72   0x00000002   PAD
    0x08005f74   0x08005f74   0x00000026   Code   RO           23    .text.Read_Calibration  mano.o
    0x08005f9a   0x08005f9a   0x00000002   PAD
    0x08005f9c   0x08005f9c   0x0000000e   Code   RO          128    .text.SSD1306_Clear  ssd1306.o
    0x08005faa   0x08005faa   0x00000002   PAD
    0x08005fac   0x08005fac   0x00000208   Code   RO          124    .text.SSD1306_DrawCircle  ssd1306.o
    0x080061b4   0x080061b4   0x000002d6   Code   RO          114    .text.SSD1306_DrawLine  ssd1306.o
    0x0800648a   0x0800648a   0x00000002   PAD
    0x0800648c   0x0800648c   0x000000a8   Code   RO           96    .text.SSD1306_DrawPixel  ssd1306.o
    0x08006534   0x08006534   0x00000026   Code   RO          100    .text.SSD1306_Fill  ssd1306.o
    0x0800655a   0x0800655a   0x00000002   PAD
    0x0800655c   0x0800655c   0x00000022   Code   RO          108    .text.SSD1306_GotoXY  ssd1306.o
    0x0800657e   0x0800657e   0x00000002   PAD
    0x08006580   0x08006580   0x00000192   Code   RO           98    .text.SSD1306_Init  ssd1306.o
    0x08006712   0x08006712   0x00000002   PAD
    0x08006714   0x08006714   0x0000010e   Code   RO          110    .text.SSD1306_Putc  ssd1306.o
    0x08006822   0x08006822   0x00000002   PAD
    0x08006824   0x08006824   0x00000052   Code   RO          112    .text.SSD1306_Puts  ssd1306.o
    0x08006876   0x08006876   0x00000002   PAD
    0x08006878   0x08006878   0x0000006a   Code   RO          102    .text.SSD1306_UpdateScreen  ssd1306.o
    0x080068e2   0x080068e2   0x00000002   PAD
    0x080068e4   0x080068e4   0x00000002   Code   RO          193    .text.SVC_Handler   stm32f3xx_it.o
    0x080068e6   0x080068e6   0x00000002   PAD
    0x080068e8   0x080068e8   0x00000052   Code   RO          618    .text.SysTick_Config  stm32f3xx_hal_cortex.o
    0x0800693a   0x0800693a   0x00000002   PAD
    0x0800693c   0x0800693c   0x00000008   Code   RO          199    .text.SysTick_Handler  stm32f3xx_it.o
    0x08006944   0x08006944   0x000000a0   Code   RO          153    .text.SystemClock_Config  main.o
    0x080069e4   0x080069e4   0x00000012   Code   RO         1321    .text.SystemInit    system_stm32f3xx.o
    0x080069f6   0x080069f6   0x00000002   PAD
    0x080069f8   0x080069f8   0x00000010   Code   RO          201    .text.TIM3_IRQHandler  stm32f3xx_it.o
    0x08006a08   0x08006a08   0x00000180   Code   RO          815    .text.TIM_Base_SetConfig  stm32f3xx_hal_tim.o
    0x08006b88   0x08006b88   0x00000034   Code   RO         1005    .text.TIM_ETR_SetConfig  stm32f3xx_hal_tim.o
    0x08006bbc   0x08006bbc   0x0000002a   Code   RO         1011    .text.TIM_ITRx_SetConfig  stm32f3xx_hal_tim.o
    0x08006be6   0x08006be6   0x00000002   PAD
    0x08006be8   0x08006be8   0x00000050   Code   RO         1009    .text.TIM_TI1_ConfigInputStage  stm32f3xx_hal_tim.o
    0x08006c38   0x08006c38   0x00000052   Code   RO         1013    .text.TIM_TI2_ConfigInputStage  stm32f3xx_hal_tim.o
    0x08006c8a   0x08006c8a   0x00000002   PAD
    0x08006c8c   0x08006c8c   0x00000010   Code   RO          207    .text.UART4_IRQHandler  stm32f3xx_it.o
    0x08006c9c   0x08006c9c   0x00000148   Code   RO         1161    .text.UART_AdvFeatureConfig  stm32f3xx_hal_uart.o
    0x08006de4   0x08006de4   0x000000a4   Code   RO         1163    .text.UART_CheckIdleState  stm32f3xx_hal_uart.o
    0x08006e88   0x08006e88   0x00000024   Code   RO         1241    .text.UART_DMAAbortOnError  stm32f3xx_hal_uart.o
    0x08006eac   0x08006eac   0x00000096   Code   RO         1211    .text.UART_EndRxTransfer  stm32f3xx_hal_uart.o
    0x08006f42   0x08006f42   0x00000002   PAD
    0x08006f44   0x08006f44   0x00000042   Code   RO         1247    .text.UART_EndTransmit_IT  stm32f3xx_hal_uart.o
    0x08006f86   0x08006f86   0x00000002   PAD
    0x08006f88   0x08006f88   0x00000130   Code   RO         1279    .text.UART_RxISR_16BIT  stm32f3xx_hal_uart.o
    0x080070b8   0x080070b8   0x0000012c   Code   RO         1281    .text.UART_RxISR_8BIT  stm32f3xx_hal_uart.o
    0x080071e4   0x080071e4   0x000003fe   Code   RO         1159    .text.UART_SetConfig  stm32f3xx_hal_uart.o
    0x080075e2   0x080075e2   0x00000002   PAD
    0x080075e4   0x080075e4   0x00000128   Code   RO         1189    .text.UART_Start_Receive_IT  stm32f3xx_hal_uart.o
    0x0800770c   0x0800770c   0x00000096   Code   RO         1183    .text.UART_TxISR_16BIT  stm32f3xx_hal_uart.o
    0x080077a2   0x080077a2   0x00000002   PAD
    0x080077a4   0x080077a4   0x0000008c   Code   RO         1185    .text.UART_TxISR_8BIT  stm32f3xx_hal_uart.o
    0x08007830   0x08007830   0x00000170   Code   RO         1177    .text.UART_WaitOnFlagUntilTimeout  stm32f3xx_hal_uart.o
    0x080079a0   0x080079a0   0x00000024   Code   RO           27    .text.Update_Calibration  mano.o
    0x080079c4   0x080079c4   0x00000038   Code   RO           21    .text.Update_PC_Calibration  mano.o
    0x080079fc   0x080079fc   0x0000002e   Code   RO           19    .text.Update_PC_Heading  mano.o
    0x08007a2a   0x08007a2a   0x00000006   PAD
    0x08007a30   0x08007a30   0x00000158   Code   RO           17    .text.Update_Screen  mano.o
    0x08007b88   0x08007b88   0x00000004   Code   RO          191    .text.UsageFault_Handler  stm32f3xx_it.o
    0x08007b8c   0x08007b8c   0x00000030   Code   RO          606    .text.__NVIC_EnableIRQ  stm32f3xx_hal_cortex.o
    0x08007bbc   0x08007bbc   0x00000010   Code   RO          598    .text.__NVIC_GetPriorityGrouping  stm32f3xx_hal_cortex.o
    0x08007bcc   0x08007bcc   0x00000042   Code   RO          600    .text.__NVIC_SetPriority  stm32f3xx_hal_cortex.o
    0x08007c0e   0x08007c0e   0x00000002   PAD
    0x08007c10   0x08007c10   0x0000003c   Code   RO          594    .text.__NVIC_SetPriorityGrouping  stm32f3xx_hal_cortex.o
    0x08007c4c   0x08007c4c   0x0000006a   Code   RO          151    .text.main          main.o
    0x08007cb6   0x08007cb6   0x00000002   PAD
    0x08007cb8   0x08007cb8   0x00000020   Code   RO          134    .text.ssd1306_I2C_Init  ssd1306.o
    0x08007cd8   0x08007cd8   0x00000040   Code   RO           82    .text.ssd1306_I2C_Write  ssd1306.o
    0x08007d18   0x08007d18   0x00000074   Code   RO          104    .text.ssd1306_I2C_WriteMulti  ssd1306.o
    0x08007d8c   0x08007d8c   0x0000003e   Code   RO         1638    CL$$btod_d2e        c_w.l(btod.o)
    0x08007dca   0x08007dca   0x00000046   Code   RO         1640    CL$$btod_d2e_denorm_low  c_w.l(btod.o)
    0x08007e10   0x08007e10   0x00000060   Code   RO         1639    CL$$btod_d2e_norm_op1  c_w.l(btod.o)
    0x08007e70   0x08007e70   0x00000338   Code   RO         1648    CL$$btod_div_common  c_w.l(btod.o)
    0x080081a8   0x080081a8   0x000000dc   Code   RO         1645    CL$$btod_e2e        c_w.l(btod.o)
    0x08008284   0x08008284   0x0000002a   Code   RO         1642    CL$$btod_ediv       c_w.l(btod.o)
    0x080082ae   0x080082ae   0x0000002a   Code   RO         1641    CL$$btod_emul       c_w.l(btod.o)
    0x080082d8   0x080082d8   0x00000244   Code   RO         1647    CL$$btod_mult_common  c_w.l(btod.o)
    0x0800851c   0x0800851c   0x00000030   Code   RO         1550    i.__ARM_fpclassify  m_wm.l(fpclassify.o)
    0x0800854c   0x0800854c   0x00000004   PAD
    0x08008550   0x08008550   0x00000360   Code   RO         1372    i.__hardfp_asin     m_wm.l(asin.o)
    0x080088b0   0x080088b0   0x000002d8   Code   RO         1520    i.__hardfp_atan     m_wm.l(atan.o)
    0x08008b88   0x08008b88   0x00000200   Code   RO         1379    i.__hardfp_atan2    m_wm.l(atan2.o)
    0x08008d88   0x08008d88   0x000000c8   Code   RO         1385    i.__hardfp_cos      m_wm.l(cos.o)
    0x08008e50   0x08008e50   0x000000c8   Code   RO         1391    i.__hardfp_sin      m_wm.l(sin.o)
    0x08008f18   0x08008f18   0x00000438   Code   RO         1555    i.__ieee754_rem_pio2  m_wm.l(rred.o)
    0x08009350   0x08009350   0x00000170   Code   RO         1527    i.__kernel_cos      m_wm.l(cos_i.o)
    0x080094c0   0x080094c0   0x000000f8   Code   RO         1552    i.__kernel_poly     m_wm.l(poly.o)
    0x080095b8   0x080095b8   0x00000130   Code   RO         1560    i.__kernel_sin      m_wm.l(sin_i.o)
    0x080096e8   0x080096e8   0x00000014   Code   RO         1531    i.__mathlib_dbl_infnan  m_wm.l(dunder.o)
    0x080096fc   0x080096fc   0x00000014   Code   RO         1532    i.__mathlib_dbl_infnan2  m_wm.l(dunder.o)
    0x08009710   0x08009710   0x00000020   Code   RO         1533    i.__mathlib_dbl_invalid  m_wm.l(dunder.o)
    0x08009730   0x08009730   0x00000020   Code   RO         1536    i.__mathlib_dbl_underflow  m_wm.l(dunder.o)
    0x08009750   0x08009750   0x0000000e   Code   RO         1462    i._is_digit         c_w.l(__printf_wp.o)
    0x0800975e   0x0800975e   0x00000010   Code   RO         1522    i.atan              m_wm.l(atan.o)
    0x0800976e   0x0800976e   0x00000018   Code   RO         1546    i.fabs              m_wm.l(fabs.o)
    0x08009786   0x08009786   0x0000006e   Code   RO         1565    i.sqrt              m_wm.l(sqrt.o)
    0x080097f4   0x080097f4   0x0000002c   Code   RO         1663    locale$$code        c_w.l(lc_numeric_c.o)
    0x08009820   0x08009820   0x0000002c   Code   RO         1686    locale$$code        c_w.l(lc_ctype_c.o)
    0x0800984c   0x0800984c   0x00000018   Code   RO         1499    x$fpl$basic         fz_wm.l(basic.o)
    0x08009864   0x08009864   0x00000062   Code   RO         1352    x$fpl$d2f           fz_wm.l(d2f.o)
    0x080098c6   0x080098c6   0x00000002   PAD
    0x080098c8   0x080098c8   0x00000150   Code   RO         1354    x$fpl$dadd          fz_wm.l(daddsub_clz.o)
    0x08009a18   0x08009a18   0x00000018   Code   RO         1611    x$fpl$dcmpinf       fz_wm.l(dcmpi.o)
    0x08009a30   0x08009a30   0x000002b4   Code   RO         1361    x$fpl$ddiv          fz_wm.l(ddiv.o)
    0x08009ce4   0x08009ce4   0x00000078   Code   RO         1501    x$fpl$deqf          fz_wm.l(deqf.o)
    0x08009d5c   0x08009d5c   0x0000005e   Code   RO         1364    x$fpl$dfix          fz_wm.l(dfix.o)
    0x08009dba   0x08009dba   0x0000002e   Code   RO         1614    x$fpl$dflt          fz_wm.l(dflt_clz.o)
    0x08009de8   0x08009de8   0x00000026   Code   RO         1613    x$fpl$dfltu         fz_wm.l(dflt_clz.o)
    0x08009e0e   0x08009e0e   0x00000002   PAD
    0x08009e10   0x08009e10   0x00000154   Code   RO         1368    x$fpl$dmul          fz_wm.l(dmul.o)
    0x08009f64   0x08009f64   0x0000009c   Code   RO         1503    x$fpl$dnaninf       fz_wm.l(dnaninf.o)
    0x0800a000   0x0800a000   0x0000000c   Code   RO         1505    x$fpl$dretinf       fz_wm.l(dretinf.o)
    0x0800a00c   0x0800a00c   0x00000016   Code   RO         1355    x$fpl$drsb          fz_wm.l(daddsub_clz.o)
    0x0800a022   0x0800a022   0x00000002   PAD
    0x0800a024   0x0800a024   0x00000198   Code   RO         1619    x$fpl$dsqrt         fz_wm.l(dsqrt_umaal.o)
    0x0800a1bc   0x0800a1bc   0x000001dc   Code   RO         1356    x$fpl$dsub          fz_wm.l(daddsub_clz.o)
    0x0800a398   0x0800a398   0x00000056   Code   RO         1370    x$fpl$f2d           fz_wm.l(f2d.o)
    0x0800a3ee   0x0800a3ee   0x0000008c   Code   RO         1507    x$fpl$fnaninf       fz_wm.l(fnaninf.o)
    0x0800a47a   0x0800a47a   0x0000001a   Code   RO         1760    x$fpl$fpinit        fz_wm.l(fpinit.o)
    0x0800a494   0x0800a494   0x0000000a   Code   RO         1509    x$fpl$fretinf       fz_wm.l(fretinf.o)
    0x0800a49e   0x0800a49e   0x00000004   Code   RO         1511    x$fpl$printf1       fz_wm.l(printf1.o)
    0x0800a4a2   0x0800a4a2   0x00000004   Code   RO         1513    x$fpl$printf2       fz_wm.l(printf2.o)
    0x0800a4a6   0x0800a4a6   0x00000000   Code   RO         1519    x$fpl$usenofp       fz_wm.l(usenofp.o)
    0x0800a4a6   0x0800a4a6   0x00000002   PAD
    0x0800a4a8   0x0800a4a8   0x00000050   Data   RO         1375    .constdata          m_wm.l(asin.o)
    0x0800a4f8   0x0800a4f8   0x00000008   Data   RO         1421    .constdata          c_w.l(_printf_wctomb.o)
    0x0800a500   0x0800a500   0x00000028   Data   RO         1450    .constdata          c_w.l(_printf_hex_int_ll_ptr.o)
    0x0800a528   0x0800a528   0x00000011   Data   RO         1470    .constdata          c_w.l(__printf_flags_ss_wp.o)
    0x0800a539   0x0800a539   0x00000007   PAD
    0x0800a540   0x0800a540   0x00000098   Data   RO         1523    .constdata          m_wm.l(atan.o)
    0x0800a5d8   0x0800a5d8   0x00000030   Data   RO         1528    .constdata          m_wm.l(cos_i.o)
    0x0800a608   0x0800a608   0x00000008   Data   RO         1554    .constdata          m_wm.l(qnan.o)
    0x0800a610   0x0800a610   0x000000cc   Data   RO         1557    .constdata          m_wm.l(rred.o)
    0x0800a6dc   0x0800a6dc   0x00000004   PAD
    0x0800a6e0   0x0800a6e0   0x00000028   Data   RO         1561    .constdata          m_wm.l(sin_i.o)
    0x0800a708   0x0800a708   0x00000026   Data   RO         1600    .constdata          c_w.l(_printf_fp_hex.o)
    0x0800a72e   0x0800a72e   0x00000002   PAD
    0x0800a730   0x0800a730   0x00000094   Data   RO         1636    .constdata          c_w.l(bigflt0.o)
    0x0800a7c4   0x0800a7c4   0x00000010   Data   RO         1326    .rodata.AHBPrescTable  system_stm32f3xx.o
    0x0800a7d4   0x0800a7d4   0x00000008   Data   RO         1327    .rodata.APBPrescTable  system_stm32f3xx.o
    0x0800a7dc   0x0800a7dc   0x0000076c   Data   RO           68    .rodata.Font7x10    fonts.o
    0x0800af48   0x0800af48   0x00000010   Data   RO          509    .rodata.aPLLMULFactorTable  stm32f3xx_hal_rcc.o
    0x0800af58   0x0800af58   0x00000010   Data   RO          510    .rodata.aPredivFactorTable  stm32f3xx_hal_rcc.o
    0x0800af68   0x0800af68   0x00000016   Data   RO           57    .rodata.str1.1      mano.o
    0x0800af7e   0x0800af7e   0x00000002   PAD
    0x0800af80   0x0800af80   0x00000020   Data   RO         1821    Region$$Table       anon$$obj.o
    0x0800afa0   0x0800afa0   0x0000001c   Data   RO         1662    locale$$data        c_w.l(lc_numeric_c.o)
    0x0800afbc   0x0800afbc   0x00000110   Data   RO         1685    locale$$data        c_w.l(lc_ctype_c.o)


    Execution Region RW_IRAM2 (Exec base: 0x10000000, Load base: 0x0800b0e8, Size: 0x00000000, Max: 0x00002000, ABSOLUTE)

    **** No section assigned to this execution region ****


    Execution Region RW_IRAM1 (Exec base: 0x20000000, Load base: 0x0800b0d0, Size: 0x00000c90, Max: 0x0000a000, ABSOLUTE)

    Exec Addr    Load Addr    Size         Type   Attr      Idx    E Section Name        Object

    0x20000000   0x0800b0d0   0x00000008   Data   RW           71    .data.Font_7x10     fonts.o
    0x20000008   0x0800b0d8   0x00000004   Data   RW         1325    .data.SystemCoreClock  system_stm32f3xx.o
    0x2000000c   0x0800b0dc   0x00000001   Data   RW          472    .data.uwTickFreq    stm32f3xx_hal.o
    0x2000000d   0x0800b0dd   0x00000003   PAD
    0x20000010   0x0800b0e0   0x00000004   Data   RW          471    .data.uwTickPrio    stm32f3xx_hal.o
    0x20000014   0x0800b0e4   0x00000004   PAD
    0x20000018        -       0x00000060   Zero   RW         1622    .bss                c_w.l(libspace.o)
    0x20000078        -       0x00000004   Zero   RW           32    .bss.D              mano.o
    0x2000007c        -       0x0000000c   Zero   RW           58    .bss.Flash_Write_Data.EraseInitStruct  mano.o
    0x20000088        -       0x00000004   Zero   RW           51    .bss.MX1            mano.o
    0x2000008c        -       0x00000004   Zero   RW           54    .bss.MX2            mano.o
    0x20000090        -       0x00000004   Zero   RW           52    .bss.MY1            mano.o
    0x20000094        -       0x00000004   Zero   RW           55    .bss.MY2            mano.o
    0x20000098        -       0x00000004   Zero   RW           53    .bss.MZ1            mano.o
    0x2000009c        -       0x00000004   Zero   RW           56    .bss.MZ2            mano.o
    0x200000a0        -       0x00000006   Zero   RW          136    .bss.SSD1306        ssd1306.o
    0x200000a6        -       0x00000400   Zero   RW          137    .bss.SSD1306_Buffer  ssd1306.o
    0x200004a6   0x0800b0e4   0x00000002   PAD
    0x200004a8        -       0x00000004   Zero   RW           46    .bss.accX           mano.o
    0x200004ac        -       0x00000002   Zero   RW           37    .bss.accX_temp      mano.o
    0x200004ae   0x0800b0e4   0x00000002   PAD
    0x200004b0        -       0x00000004   Zero   RW           47    .bss.accY           mano.o
    0x200004b4        -       0x00000002   Zero   RW           38    .bss.accY_temp      mano.o
    0x200004b6   0x0800b0e4   0x00000002   PAD
    0x200004b8        -       0x00000004   Zero   RW           48    .bss.accZ           mano.o
    0x200004bc        -       0x00000002   Zero   RW           39    .bss.accZ_temp      mano.o
    0x200004be   0x0800b0e4   0x00000002   PAD
    0x200004c0        -       0x00000004   Zero   RW           31    .bss.calibrationValue  mano.o
    0x200004c4        -       0x00000004   Zero   RW          167    .bss.compassRotation  main.o
    0x200004c8        -       0x0000004c   Zero   RW          173    .bss.hi2c1          main.o
    0x20000514        -       0x0000004c   Zero   RW          174    .bss.hi2c2          main.o
    0x20000560        -       0x0000004c   Zero   RW          169    .bss.htim3          main.o
    0x200005ac        -       0x00000084   Zero   RW          172    .bss.huart4         main.o
    0x20000630        -       0x00000004   Zero   RW          168    .bss.nuskaitymuSkaicius  main.o
    0x20000634        -       0x00000004   Zero   RW           35    .bss.nuskaitymu_skaicius  mano.o
    0x20000638        -       0x00000020   Zero   RW          739    .bss.pFlash         stm32f3xx_hal_flash.o
    0x20000658        -       0x00000004   Zero   RW           49    .bss.pitch          mano.o
    0x2000065c        -       0x00000004   Zero   RW           44    .bss.rawX           mano.o
    0x20000660        -       0x00000002   Zero   RW           40    .bss.rawX_temp      mano.o
    0x20000662   0x0800b0e4   0x00000002   PAD
    0x20000664        -       0x00000004   Zero   RW           45    .bss.rawY           mano.o
    0x20000668        -       0x00000002   Zero   RW           41    .bss.rawY_temp      mano.o
    0x2000066a   0x0800b0e4   0x00000002   PAD
    0x2000066c        -       0x00000004   Zero   RW           36    .bss.rawZ           mano.o
    0x20000670        -       0x00000002   Zero   RW           42    .bss.rawZ_temp      mano.o
    0x20000672        -       0x00000006   Zero   RW           43    .bss.receiveData    mano.o
    0x20000678        -       0x00000006   Zero   RW          171    .bss.receiveUARTData  main.o
    0x2000067e        -       0x00000002   Zero   RW          170    .bss.received_calibration  main.o
    0x20000680        -       0x00000004   Zero   RW           50    .bss.roll           mano.o
    0x20000684        -       0x00000003   Zero   RW           33    .bss.sendData       mano.o
    0x20000687        -       0x00000001   Zero   RW           34    .bss.status         mano.o
    0x20000688        -       0x00000004   Zero   RW          473    .bss.uwTick         stm32f3xx_hal.o
    0x2000068c   0x0800b0e4   0x00000004   PAD
    0x20000690        -       0x00000200   Zero   RW            2    HEAP                startup_stm32f303xc.o
    0x20000890        -       0x00000400   Zero   RW            1    STACK               startup_stm32f303xc.o


==============================================================================

Image component sizes


      Code (inc. data)   RO Data    RW Data    ZI Data      Debug   Object Name

         0          0       1900          8          0       1183   fonts.o
      1166          0          0          0        376      10722   main.o
      2980         44         22          0        102       4255   mano.o
      2572          0          0          0       1030       9132   ssd1306.o
        64         26        392          0       1536        860   startup_stm32f303xc.o
       230          0          0          5          4       6167   stm32f3xx_hal.o
       482          0          0          0          0       9148   stm32f3xx_hal_cortex.o
       236          0          0          0          0       6267   stm32f3xx_hal_dma.o
       750          0          0          0         32       4558   stm32f3xx_hal_flash.o
       358          0          0          0          0       5748   stm32f3xx_hal_flash_ex.o
       888          0          0          0          0       4650   stm32f3xx_hal_gpio.o
      3070          0          0          0          0      33032   stm32f3xx_hal_i2c.o
       314          0          0          0          0       5084   stm32f3xx_hal_i2c_ex.o
       596          0          0          0          0      10060   stm32f3xx_hal_msp.o
        50          0          0          0          0       3045   stm32f3xx_hal_pwr.o
      3722          0         32          0          0       8095   stm32f3xx_hal_rcc.o
       928          0          0          0          0       5259   stm32f3xx_hal_rcc_ex.o
      2152          0          0          0          0      36662   stm32f3xx_hal_tim.o
       336          0          0          0          0      15660   stm32f3xx_hal_tim_ex.o
      5488         24          0          0          0      22411   stm32f3xx_hal_uart.o
         8          0          0          0          0       6459   stm32f3xx_hal_uart_ex.o
        98          0          0          0          0       1394   stm32f3xx_it.o
        18          0         24          4          0       2116   system_stm32f3xx.o

    ----------------------------------------------------------------------
     26632         94       2404         20       3100     211967   Object Totals
         0          0         32          0          0          0   (incl. Generated)
       126          0          2          3         20          0   (incl. Padding)

    ----------------------------------------------------------------------

      Code (inc. data)   RO Data    RW Data    ZI Data      Debug   Library Member Name

         8          0          0          0          0         68   __main.o
       392          4         17          0          0         92   __printf_flags_ss_wp.o
        14          0          0          0          0         68   __printf_wp.o
         0          0          0          0          0          0   __rtentry.o
        12          0          0          0          0          0   __rtentry2.o
         6          0          0          0          0          0   __rtentry4.o
        52          8          0          0          0          0   __scatter.o
        26          0          0          0          0          0   __scatter_copy.o
        28          0          0          0          0          0   __scatter_zi.o
        72          0          0          0          0         96   _c16rtomb.o
         6          0          0          0          0          0   _printf_a.o
         6          0          0          0          0          0   _printf_c.o
        44          0          0          0          0        108   _printf_char.o
        48          6          0          0          0         96   _printf_char_common.o
        40          0          0          0          0         68   _printf_charcount.o
         6          0          0          0          0          0   _printf_d.o
       120         16          0          0          0         92   _printf_dec.o
         6          0          0          0          0          0   _printf_e.o
         6          0          0          0          0          0   _printf_f.o
      1052          0          0          0          0        148   _printf_fp_dec.o
       764          8         38          0          0        100   _printf_fp_hex.o
       128         16          0          0          0         84   _printf_fp_infnan.o
         6          0          0          0          0          0   _printf_g.o
       148          4         40          0          0        160   _printf_hex_int_ll_ptr.o
         6          0          0          0          0          0   _printf_i.o
       178          0          0          0          0         88   _printf_intcommon.o
        10          0          0          0          0          0   _printf_l.o
         6          0          0          0          0          0   _printf_lc.o
        10          0          0          0          0          0   _printf_ll.o
         6          0          0          0          0          0   _printf_lld.o
         6          0          0          0          0          0   _printf_lli.o
         6          0          0          0          0          0   _printf_llo.o
         6          0          0          0          0          0   _printf_llu.o
         6          0          0          0          0          0   _printf_llx.o
       124         16          0          0          0         92   _printf_longlong_dec.o
         6          0          0          0          0          0   _printf_ls.o
         6          0          0          0          0          0   _printf_n.o
         6          0          0          0          0          0   _printf_o.o
       112          8          0          0          0        124   _printf_oct_int_ll.o
         6          0          0          0          0          0   _printf_p.o
        78          0          0          0          0        108   _printf_pad.o
         0          0          0          0          0          0   _printf_percent.o
         4          0          0          0          0          0   _printf_percent_end.o
         6          0          0          0          0          0   _printf_s.o
        82          0          0          0          0         80   _printf_str.o
        36          0          0          0          0         84   _printf_truncate.o
         6          0          0          0          0          0   _printf_u.o
        44          0          0          0          0        108   _printf_wchar.o
       188          6          8          0          0         92   _printf_wctomb.o
         6          0          0          0          0          0   _printf_x.o
        22          0          0          0          0        100   _rserrno.o
        10          0          0          0          0         68   _sputc.o
        16          0          0          0          0         68   aeabi_memset.o
       228          4        148          0          0         96   bigflt0.o
      1936        128          0          0          0        668   btod.o
        18          0          0          0          0         80   exit.o
         6          0          0          0          0        152   heapauxi.o
         0          0          0          0          0          0   indicate_semi.o
        44         10        272          0          0         76   lc_ctype_c.o
        44         10         28          0          0         76   lc_numeric_c.o
         2          0          0          0          0          0   libinit.o
        34          0          0          0          0          0   libinit2.o
         2          0          0          0          0          0   libshutdown.o
         2          0          0          0          0          0   libshutdown2.o
         8          4          0          0         96         68   libspace.o
       138          0          0          0          0         80   lludiv10.o
       240          0          0          0          0        100   lludivv7m.o
        16          4          0          0          0         76   rt_ctype_table.o
         8          4          0          0          0         68   rt_errno_addr_intlibspace.o
         8          4          0          0          0         68   rt_locale_intlibspace.o
        68          0          0          0          0         68   rt_memclr.o
        78          0          0          0          0         80   rt_memclr_w.o
         2          0          0          0          0          0   rtexit.o
        10          0          0          0          0          0   rtexit2.o
        44          6          0          0          0         84   sprintf.o
       124          0          0          0          0         88   strcmpv7em.o
        12          4          0          0          0         68   sys_exit.o
        74          0          0          0          0         80   sys_stackheap_outer.o
         2          0          0          0          0         68   use_no_semi.o
        24          0          0          0          0        164   basic.o
        98          4          0          0          0        140   d2f.o
       834         16          0          0          0        516   daddsub_clz.o
        24          0          0          0          0        116   dcmpi.o
       692        140          0          0          0        264   ddiv.o
       120          4          0          0          0        140   deqf.o
        94          4          0          0          0        140   dfix.o
        84          0          0          0          0        232   dflt_clz.o
       340         12          0          0          0        152   dmul.o
       156          4          0          0          0        140   dnaninf.o
        12          0          0          0          0        116   dretinf.o
       408         56          0          0          0        168   dsqrt_umaal.o
        86          4          0          0          0        132   f2d.o
       140          4          0          0          0        132   fnaninf.o
        26          0          0          0          0        116   fpinit.o
        10          0          0          0          0        116   fretinf.o
         4          0          0          0          0        116   printf1.o
         4          0          0          0          0        116   printf2.o
         0          0          0          0          0          0   usenofp.o
       864         94         80          0          0        280   asin.o
       744        106        152          0          0        352   atan.o
       512         64          0          0          0        208   atan2.o
       200         20          0          0          0        164   cos.o
       368         46         48          0          0        200   cos_i.o
       104         16          0          0          0        496   dunder.o
        24          0          0          0          0        124   fabs.o
        48          0          0          0          0        124   fpclassify.o
       248          0          0          0          0        152   poly.o
         0          0          8          0          0          0   qnan.o
      1080        142        204          0          0        188   rred.o
       200         20          0          0          0        164   sin.o
       304         24         40          0          0        208   sin_i.o
       110          0          0          0          0        148   sqrt.o

    ----------------------------------------------------------------------
     15128       1050       1096          0         96      10160   Library Totals
        30          0         13          0          0          0   (incl. Padding)

    ----------------------------------------------------------------------

      Code (inc. data)   RO Data    RW Data    ZI Data      Debug   Library Name

      7136        270        551          0         96       4336   c_w.l
      3156        248          0          0          0       3016   fz_wm.l
      4806        532        532          0          0       2808   m_wm.l

    ----------------------------------------------------------------------
     15128       1050       1096          0         96      10160   Library Totals

    ----------------------------------------------------------------------

==============================================================================


      Code (inc. data)   RO Data    RW Data    ZI Data      Debug   

     41760       1144       3500         20       3196     215787   Grand Totals
     41760       1144       3500         20       3196     215787   ELF Image Totals
     41760       1144       3500         20          0          0   ROM Totals

==============================================================================

    Total RO  Size (Code + RO Data)                45260 (  44.20kB)
    Total RW  Size (RW Data + ZI Data)              3216 (   3.14kB)
    Total ROM Size (Code + RO Data + RW Data)      45280 (  44.22kB)

==============================================================================

